www
mail
mx
ns1
ns2
m
mx0
ns
mail2
remote
blog
mx1
smtp
mailserver
server
ns3
mx2
redbusprimarydns
redbussecondarydns
dev
mail1
api
shop
mx7
secure
app
ns4
cloud
190.208
ftp
cdn
test
bbs
mx01
portal
support
pop
host
exchange
mailin2
mailin1
static
email
admin
forum
news
demo
owa
staging
dns1
in
dns2
home
121.201
store
my
img
connect
beta
git
server1
sip
autodiscover
media
mail3
images
office
mailinbackup1
en
correo
dns
a.ns
mobile
pop3
new
mx3
login
ns5
ssl
mx-1
smtp2
gw
crm
apps
imap
intranet
mx-2
citrix
jira
s
smtp1
b.ns
gateway
178.72
members
help
info
ios
relay
asmpx
de
fr
files
gitlab
es
old
owncloud
srv
s1
chat
mailhost
ns6
online
mail-av
cp
ns0
game
a.mx
start
mail01
cms
stage
it
b2b
access
mailproxy
service
extranet
assets
fw2a
fw1a
ts
v
i
data
ru
iphone
filter
backup
server2
hosting
ns01
b
docs
mail4
china
optin
mx4
msgin
responder
smpx
edu
a
go
dns3
cs
live
atl161
atl21
srv1
atl31
exchange122
forums
nas
cn
ns02
mx20
ads
rds
stats
mdm
us
search
box
download
services
fw
helpdesk
corp
cpanel
e
jp
qa
db
svn
ms
router
pay
proxy
barracuda
jobs
mail02
piwik
community
panel
member
post
gate
sso
p
sc
mailproxy2
123
t
31.135
mta
mx10
host2
reply
r
adfs
analytics
uat
gov
monitor
poczta
erp
pbx
js
s2
rmx
dashboard
sv
ns7
c
site
top
moodle
club
image
o1.email
auth
status
outlook
sns
newsletter
photos
mx02
cas
dns4
alpha
1
sys
clients
po
br
mx5
posta
fs
sslvpn
mailin
d
ca
rc
dl
redmine
82.113
212.192
localhost
ar
pet
host1
sp
sts
mailer
inbound
billing
client
irc
eu
oa
rp
im
bm
blogs
tv
lists
hk
abs
da
tj
mail5
mx.www
stg
smtp3
content
net
lyb
ent
job
share
book
ns8
ad
ci
pt
join
sn
ns11
qipai
uk
2
ech
agr
s3
gallery
pic
tech
nl
sms
tma
tex
jenkins
style
pp
music
me
31
manage
firewall
main
law
sh
events
ps
archive
tools
pa
prod
mx6
dme
customer
projects
hf
ma
ns10
npk
energy
careers
css
mta2
hub
cheman
lab
mta1
mailgate
dls
cam
kr
hrb
confluence
partner
stock
co
db1
fz
3
rdp
dop
account
sandbox
seo
am0
mx8
bj
meet
bxs
ui.hub
photo
sql
cgl
reports
legacy
google
alt1
sharepoint
oc
games
map
tw
server3
58
spam
alt2
mailbackup
training
biz
mdi
cdn1
monitoring
av
my.q
dmb
mb
alt4
play
pro
tickets
cal
g
al
file
ben
auto
4
library
2017
sjz
sd
lms
social
sec
dp
mail2web
noc
alt
163
chem
ns12
mail-merge
doc
5
ip4
nba
host3
code
tsl
aws
bsq
rys
steel
jta
securemail
sbr
pl
ds
sftp
6
pe
lys
bxa
tdi
pb
hxt
8
ljm
tr
na
res
open
7
9
srv01
nextcloud
cc
ip7
hr
idp
ask
cdn2
core
mc
gz
lxx
cq
reg
business
id
94.228
dav
sg
gms
pdo
bro
metals
master
jms
server01
ctb
srv2
marketing
user
buv
partners
order
ag
nat
survey
storage
upload
out
lyncdiscover
nsa
pol
public
gold
ats
travel
big
osp
eng
f
alf
mm
radio
pki
st
cgi
dap
ect
hfq
eg
mon
mta3
bex
tch
pta
hjh
dft
nsb
tbg
ns9
art
qq
pvc
developer
mysql
gwr
ijs
catalog
qwj
owo
bye
oep
kiw
fmn
etz
atx
khf
ieq
chj
mms
ttw
aqq
efq
local
gd
jze
dc
house
ip2
sbs
nagios
as
pds
lpg
idm
try
cu
nc
fallback
gsc
forms
ni
sla
ip3
fed
eid
pa6
intern
lb
hb
register
act
stat
nr
adm
ip9
lib
abm
sugar
cmts1-dhcp
afi
fb
rmm
gs
silver
ops
brv
amc
qcl
ega
gye
jwg
dfl
cl2
mas
ffa
unt
mail6
nnl
preview
sites
ndx
kkw
fft
gqe
tel
tto
sty
rdj
log
rul
eip
hq
stream
ims
exg
fvp
maps
mail10
ipj
put
cjf
mail-in
uew
juk
diw
bky
uot
sina
fmj
tvq
sync
hcq
tfk
esb
dxb
int
hbe
vby
evz
pyt
axg
bbb
nic
mxav1
j0q
h
mta4
track
paper
sports
son
booking
resources
inbound2
bot
kb
ip6
fbx
tix
ext
salt
ip8
root
mall
isi
dev2
mtc
hn
utm
host4
fre
sentry
pre
end
mfa
one
ip5
3g
v2
psl
edt
hut
ex
ihs
nlj
sun
boc
finance
rpx
jx
q
sew
rss
oaa
111
moh
avc
ssc-ftth-dhcp
pau
dfp
isv
pov
gee
dqy
eye
ihf
had
fpc
mpe
baa
skf
jbl
ahx
txn
rzl
ip1
bcg
sax
design
aex
dgx
apd
umo
bvl
jfn
bb
gps
mx9
ibh
pmy
u
iyt
jzc
ppx
man
ha
csy
jug
health
fny
tte
odh
oph
jue
joj
gjj
ssc
qny
pkv
tjn
cxz
bsz
hvm
151
fef
abc
10
aax
hcw
gqk
tap
soda
ffj
uvu
ppc
bkf
qrz
noq
uog
qdi
qmd
kdf
mvl
fashion
owk
onh
nyr
ibn
rrr
ryh
antispam
egn
uyr
qia
pze
oxa
ovx
oma
bel
ukq
kht
epj
kcz
uqt
hxu
crc
baijiale
hal
ryy
eey
leq
hermes
txw
fho
jxu
tja
gjo
oxj
ss
src
sig
rd
mxa
nlp
calendar
hev
facebook
bip
svr
dhl
m1
em
re0
img1
cis
edi
inbound1
faq
met
mars
intra
au
sv1
ip
testing
fsc
preprod
msk
dyn
dax
coke
pms
pm
s4
system
sx
bca
usa
bug
msp
fax
inbound3
unifi
inbound4
cmts7-dhcp
glass
eis
chd
dms
moc
ipa
pzh
aha
shu
mdj
don
shc
lync
red
ceg
dhz
scm
sam
hud
accounts
th
conference
11
edge
hon
ugc
txj
114
cuben
gin
16
nlk
jit
network
learn
acg
ons
smc
cvs
ayw
bdl
rice
cig
tfa
mp
gis
eau
fjf
ml
gsq
awd
trx
tar
feeds
ems
dlr
cjv
vbz
glo
85.189
oit
fbb
unc
lyi
iuc
tbr
omy
dev1
tzt
pvf
fpd
dnr
djt
dco
project
mgi
cz
dmv
anu
mcn
ume
nmp
gw2
gw1
ube
npx
jew
anq
iww
110
tct
sgn
osr
hwc
hie
cjm
bhv
vbp
ttyulecheng
roe
ecl
ota
cdg
vaw
lyn
eum
pcg
krk
ugi
tzs
mav
sz
fap
any
jil
bxh
atb
tim
ncm
myx
jlj
iqc
fav
snx
pgi
maj
ipi
tio
iaf
tdx
ntp
120
mta5
gvc
bfv
upy
rjp
nxz
jjp
vbi
rnx
rmb
huh
tbo
icw
gay
ahy
88
rww
rff
egt
ual
pc
tlh
skd
neo
mnb
aoz
tzf
rrf
fwi
ndy
dsk
azg
nhr
lxg
gyg
tnf
ngd
13
bmw
ouq
mfr
hkq
fvz
hti
hga
dxf
do
crr
awq
abk
uwi
qyf
svf
rdk
origin
oaj
nho
spa
mov
vbm
rt
nkd
gcb
phh
hqy
syt
pke
lzn
qoc
qkg
kgm
kbp
ify
eqh
jam
fwh
cma
cd
bjv
afy
qut
nkf
bym
bag
rnc
osq
english
oez
odw
mzg
grn
ghx
byb
bcz
pee
gxs
link
jre
bkj
smtp-in-01.mx-fs2
qkr
nxr
gfu
azr
sqe
qsg
bjl
rzo
ruw
dnq
cqf
pzu
smtp-in-02.mx-fs2
ooh
gzy
fkn
ufh
moe
nqz
hqv
bean
silk
ihk
gqb
tfs
nmo
nkv
smtp-in-03.mx-fs2
hyh
car
qti
iuh
inf
hmq
uxp
neu
iej
fix
fyc
fne
sic
sfa
nwj
jsg
uvj
fxk
uxd
oqz
irn
fka
qot
nsk
mdc
corn
pmx
qiv
rku
bkx
qhb
jyv
diesel
cvq
lze
ibv
gvv
so
sgs
sales
gyz
fyb
iyv
uhx
rzq
ucp
15
mia
host5
poly
ln
ms1
hip
list
futures
hd
69
seg
217.74
cat
sga
1ac
sklep
cag
12
ovh
8pf
tui
development
dnd
2yt
9mj
sulfur
189
mgm
life
cdn.leju.com
hem
oss
sub
cfp
hcc
mud
mail7
mailfilter
cotton
18
smm
ptt
acs
dsl
bsc
n
rus
gasoline
226
saw
elearning
about
dam
cement
seamless
has
axa
owc
gep
hi
fsa
baby
mailout
nsp
c3h8
bck
urea
nylon
h2o2
215
kam
se
occ
aia
server4
ns03
mela
off
emi
bimayou
megas
aniline
transfer
mlb
linsuan
pub
jl
dnt
dianshi
efa
ppl
dpi
14
ufa
ice
free
esx
aic
119
drp
bpc
taiyangchengyulecheng
spandex
odc
coaltar
colza
use
ddp
ptfe
toluene
tgo
max
huanglin
fueloil
dcb
202
ironore
bls
plywood
aug
signup
m2
ges
phenol
sos
rms
control
sdc
ilo
17
rek
isteel
bocaiwang
rejuan
polysilicon
ocs
dir
ctr
cps
idn
maotiao
rbh
propylene
cben
mtbe
esi
ekb
psi
paf
jsc
hsa
hsp
ucs
mbp
styrene
sio2
osb
apt
usq
pzf
ibe
fluorite
dlfdy
dldx
bmi
douyou
chlo
22
sfg
na2s2o5
fhs
eba
etr
rdl
palmoil
oac
naoh
k
ocp
isp
ciu
99
jan
syg
sea
tag
qsu
nms
dsr
dio
aba
eie
19
fj
tracking
liusuan
pc1
arh
sow
jnn
avp
oko
mail.www
24
tio2
jsj
oct
ifc
gmx
acetone
dfa
acc
uyi
ols
mpm
jyw
193
ddn
asv
tfg
oar
liqing
pat
gdp
rkz
nianjiao
myw
ikm
foo
get
android
ssw
dldty
bxgb
ezi
img2
utr
aoi
ofa
mxx
jnd
fbi
mtj
lxr
irb
ch
pdl
ivn
ely
suw
oal
nbl
mah
frd
bpn
rrc
msq
azy
qum
pme
lpy
imv
edd
cny
hbp
haw
gjf
evc
csj
jnf
dfc
uti
ttb
jed
tti
fx
fet
dpv
tpn
ip76
alg
pdf
nhp
bts
ban
iuw
dgr
kad
jis
cbh
bbh
sohu
osw
oay
hul
cgn
icf
iae
fpz
ane
kqs
huz
gek
sjb
ncd
rap
prn
ooe
mgl
dts
dkw
snk
qay
syb
sci
l
jbb
goy
bhl
bbk
rbk
plv
mqc
jvw
jki
fqy
ffx
uml
teh
sre
ryk
ip0
cdd
qem
maq
bet
lwd
hfz
rxj
rfl
lvf
ccc
2-eh
uaq
rfr
goq
tuc
jjb
doi
uso
oya
meq
gtz
rqg
pjp
ofm
hz
ezs
ett
utg
thl
rjj
global
faf
console
52
tve
gzx
gob
fzz
naz
mes
jjy
39
133
iid
gdt
42
rth
ifh
fph
dut
qyw
qbk
pjn
nfn
lzz
nwn
lzf
jpp
iez
hbk
szd
ser
rcr
pnf
gen
fae
dle
agent
vbk
rik
frq
etk
buf
bi
ubb
joo
jck
idu
ezq
syp
pyf
nuf
njd
nbk
dhk
azo
sxh
qnx
nrm
sxm
nly
kcu
gex
kfk
fro
dge
aoy
rbv
opr
lyp
fhd
uvt
saj
rir
qws
hve
hia
fvq
ctj
sqh
qdt
mmj
hkl
fyw
egw
eaq
bos
bax
awv
team
opo
ixf
gef
gaj
25
upb
svw
plo
oly
mxav2
lgf
itc
dpk
buy
35
qif
oxu
igp
ejt
sgu
pcw
ndz
gnl
chx
axq
qqi
fkd
dwo
agu
uij
nlm
jcv
ggr
bcv
21
sxl
rpi
ra
joh
giq
fyq
eox
dzm
66
ts3
tkh
evg
dxr
dkd
bxd
txd
sqi
sjl
rkx
qtv
mgd
ifl
vax
ucw
tjy
qzb
qqm
pwh
fenlei
all
uku
soa
owh
jwn
33
tka
tdu
pan
mvm
jqs
jik
smq
ixi
usj
qlf
jzq
jju
pma
nzg
jxd
rrl
oxh
jgo
jfs
hno
cjt
ayr
ark
157
qyp
pyh
gkx
fwr
downloads
dfk
cwq
ohk
ofw
rhr
jfq
eul
aqe
akj
rqj
qhf
pji
ojq
ihv
fve
ejd
cst
ooq
oln
rkl
pbg
nwk
mmm
ip80
gvq
77
23
uxq
ukx
sfx
ohx
irw
ijt
fqh
egj
dgj
auv
91
opq
czz
bxw
uwh
ujb
olf
jvi
jqe
hrq
awu
tvu
ssv
jsl
gbv
ffo
fzm
fjq
fgq
ukt
rlq
njq
mqt
spamfilter2
sm
ocx
jqa
cvx
ctq
55
sqn
internal
bfk
54
smtp01
qzm
qqs
qfh
mbg
mailing
lfj
hqh
fzk
36
udx
sxv
mel
axk
pwy
ouv
247
uwk
svq
qho
pgy
ooo
bqd
nqh
afs
uud
ule
pgz
kfl
jko
efv
qhh
odq
manager
upu
swt
mail.secure
cci
uwn
ohb
nqp
cqn
byg
hao
gc.q
own
219
my.hub
gxu
evo
tmg
9zn
61
onx
hcm
32
ivr
130
mails
ctx
mca
ejx
30
mss
jvq
tom
kis
ah
62
h8l
com
29
j
bhs
60
26
245
rps
mba
linux
141
bim
cpi
28
host6
as1
51
e0f
mailgw
nfl
fab
20
su9
168
161
loansyic.q
3ih
44
spamfilter1
pns
53
56
40
ojs
nsd
csa
166
tst
aid
mercury
50
37
86
135
build
38
kim
74
smtp4
ppp
hlj
ead
ott
gx
cim
ics
air
90
ticket
mgw
cce
41
mus
101
80
59
labs
195
156
hkg
ny
jbk
eas
cbr
tls
48
oud
uds
ns13
asi
70
pix
dic
csi
sgd
rsp
45
mrc
dep
68
46
orb
148.163
hbs
aem
49
27
cep
aas
83
76
ens
isl
81
78
txt
rbs
hlh
dst
aap
gaz
time
mrm
ftp2
ear
hui
47
34
lp
ger
84
sue
run
irk
mae
64
spb
nj
hps
gov.cn
mtv
pug
aip
75
bus
95
desktop
kes
mcg
rvr
hum
sdf
ir
