www
mail
mx
ns1
ns2
m
mx0
ns
mail2
remote
blog
mx1
smtp
mailserver
server
ns3
mx2
redbusprimarydns
redbussecondarydns
dev
mail1
api
shop
mx7
secure
app
ns4
cloud
190.208
ftp
cdn
test
bbs
mx01
portal
support
pop
host
exchange
mailin2
mailin1
static
email
admin
forum
news
demo
owa
staging
dns1
in
dns2
home
121.201
store
my
img
connect
beta
git
server1
sip
autodiscover
media
mail3
images
office
mailinbackup1
en
correo
dns
a.ns
mobile
pop3
new
mx3
login
ns5
ssl
mx-1
smtp2
gw
crm
apps
imap
intranet
mx-2
citrix
jira
s
smtp1
b.ns
gateway
178.72
members
help
info
ios
relay
asmpx
de
fr
files
gitlab
es
old
owncloud
srv
s1
chat
mailhost
ns6
online
mail-av
cp
ns0
game
a.mx
start
mail01
cms
stage
it
b2b
access
mailproxy
service
extranet
assets
fw2a
fw1a
ts
v
i
data
ru
iphone
filter
backup
server2
hosting
ns01
b
docs
mail4
china
optin
mx4
msgin
responder
smpx
edu
a
go
dns3
cs
live
atl161
atl21
srv1
atl31
exchange122
forums
nas
cn
ns02
mx20
ads
rds
stats
mdm
us
search
box
download
services
fw
helpdesk
corp
cpanel
e
jp
qa
db
svn
ms
router
pay
proxy
barracuda
jobs
mail02
piwik
community
panel
member
post
gate
sso
p
sc
mailproxy2
123
t
31.135
mta
mx10
host2
reply
r
adfs
analytics
uat
gov
monitor
poczta
erp
pbx
js
s2
rmx
dashboard
sv
ns7
c
site
top
moodle
club
image
o1.email
auth
status
outlook
sns
newsletter
photos
mx02
cas
dns4
alpha
1
sys
clients
po
br
mx5
posta
fs
sslvpn
mailin
d
ca
rc
dl
redmine
82.113
212.192
localhost
ar
pet
host1
sp
sts
mailer
inbound
billing
client
irc
eu
oa
rp
im
bm
blogs
tv
lists
hk
abs
da
tj
mail5
mx.www
stg
smtp3
content
net
lyb
ent
job
share
book
ns8
ad
ci
pt
join
sn
ns11
qipai
uk
2
ech
agr
s3
gallery
pic
tech
nl
sms
tma
tex
jenkins
style
pp
music
me
31
manage
firewall
main
law
sh
events
ps
archive
tools
pa
prod
mx6
dme
customer
projects
hf
ma
ns10
npk
energy
careers
css
mta2
hub
cheman
lab
mta1
mailgate
dls
cam
kr
hrb
confluence
partner
stock
co
db1
fz
3
rdp
dop
account
sandbox
seo
am0
mx8
bj
meet
bxs
ui.hub
photo
sql
cgl
reports
legacy
google
alt1
sharepoint
oc
games
map
tw
server3
58
spam
alt2
mailbackup
training
biz
mdi
cdn1
monitoring
av
my.q
dmb
mb
alt4
play
pro
tickets
cal
g
al
file
ben
auto
4
library
2017
sjz
sd
lms
social
sec
dp
mail2web
noc
alt
163
chem
ns12
mail-merge
doc
5
ip4
nba
host3
code
tsl
aws
bsq
rys
steel
jta
securemail
sbr
pl
ds
sftp
6
pe
lys
bxa
tdi
pb
hxt
8
ljm
tr
na
res
open
7
9
srv01
nextcloud
cc
ip7
hr
idp
ask
cdn2
core
mc
gz
lxx
cq
reg
business
id
94.228
dav
sg
gms
pdo
bro
metals
master
jms
server01
ctb
srv2
marketing
user
buv
partners
order
ag
nat
survey
storage
upload
out
lyncdiscover
nsa
pol
public
gold
ats
travel
big
osp
eng
f
alf
mm
radio
pki
st
cgi
dap
ect
hfq
eg
mon
mta3
bex
tch
pta
hjh
dft
nsb
tbg
ns9
art
qq
pvc
developer
mysql
gwr
ijs
catalog
qwj
owo
bye
oep
kiw
fmn
etz
atx
khf
ieq
chj
mms
ttw
aqq
efq
local
gd
jze
dc
house
ip2
sbs
nagios
as
pds
lpg
idm
try
cu
nc
fallback
gsc
forms
ni
sla
ip3
fed
eid
pa6
intern
lb
hb
register
act
stat
nr
adm
ip9
lib
abm
sugar
cmts1-dhcp
afi
fb
rmm
gs
silver
ops
brv
amc
qcl
ega
gye
jwg
dfl
cl2
mas
ffa
unt
mail6
nnl
preview
sites
ndx
kkw
fft
gqe
tel
tto
sty
rdj
log
rul
eip
hq
stream
ims
exg
fvp
maps
mail10
ipj
put
cjf
mail-in
uew
juk
diw
bky
uot
sina
fmj
tvq
sync
hcq
tfk
esb
dxb
int
hbe
vby
evz
pyt
axg
bbb
nic
mxav1
j0q
h
mta4
track
paper
sports
son
booking
resources
inbound2
bot
kb
ip6
fbx
tix
ext
salt
ip8
root
mall
isi
dev2
mtc
hn
utm
host4
fre
sentry
pre
end
mfa
one
ip5
3g
v2
psl
edt
hut
ex
ihs
nlj
sun
boc
finance
rpx
jx
q
sew
rss
oaa
111
moh
avc
ssc-ftth-dhcp
pau
dfp
isv
pov
gee
dqy
eye
ihf
had
fpc
mpe
baa
skf
jbl
ahx
txn
rzl
ip1
bcg
sax
design
aex
dgx
apd
umo
bvl
jfn
bb
gps
mx9
ibh
pmy
u
iyt
jzc
ppx
man
ha
csy
jug
health
fny
tte
odh
oph
jue
joj
gjj
ssc
qny
pkv
tjn
cxz
bsz
hvm
151
fef
abc
10
aax
hcw
gqk
tap
soda
ffj
uvu
ppc
bkf
qrz
noq
uog
qdi
qmd
kdf
mvl
fashion
owk
onh
nyr
ibn
rrr
ryh
antispam
egn
uyr
qia
pze
oxa
ovx
oma
bel
ukq
kht
epj
kcz
uqt
hxu
crc
baijiale
hal
ryy
eey
leq
hermes
txw
fho
jxu
tja
gjo
oxj
ss
src
sig
rd
mxa
nlp
calendar
hev
facebook
bip
svr
dhl
m1
em
re0
img1
cis
edi
inbound1
faq
met
mars
intra
au
sv1
ip
testing
fsc
preprod
msk
dyn
dax
coke
pms
pm
s4
system
sx
bca
usa
bug
msp
fax
inbound3
unifi
inbound4
cmts7-dhcp
glass
eis
chd
dms
moc
ipa
pzh
aha
shu
mdj
don
shc
lync
red
ceg
dhz
scm
sam
hud
accounts
th
conference
11
edge
hon
ugc
txj
114
cuben
gin
16
nlk
jit
network
learn
acg
ons
smc
cvs
ayw
bdl
rice
cig
tfa
mp
gis
eau
fjf
ml
gsq
awd
trx
tar
feeds
ems
dlr
cjv
vbz
glo
85.189
oit
fbb
unc
lyi
iuc
tbr
omy
dev1
tzt
pvf
fpd
dnr
djt
dco
project
mgi
cz
dmv
anu
mcn
ume
nmp
gw2
gw1
ube
npx
jew
anq
iww
110
tct
sgn
osr
hwc
hie
cjm
bhv
vbp
ttyulecheng
roe
ecl
ota
cdg
vaw
lyn
eum
pcg
krk
ugi
tzs
mav
sz
fap
any
jil
bxh
atb
tim
ncm
myx
jlj
iqc
fav
snx
pgi
maj
ipi
tio
iaf
tdx
ntp
120
mta5
gvc
bfv
upy
rjp
nxz
jjp
vbi
rnx
rmb
huh
tbo
icw
gay
ahy
88
rww
rff
egt
ual
pc
tlh
skd
neo
mnb
aoz
tzf
rrf
fwi
ndy
dsk
azg
nhr
lxg
gyg
tnf
ngd
13
bmw
ouq
mfr
hkq
fvz
hti
hga
dxf
do
crr
awq
abk
uwi
qyf
svf
rdk
origin
oaj
nho
spa
mov
vbm
rt
nkd
gcb
phh
hqy
syt
pke
lzn
qoc
qkg
kgm
kbp
ify
eqh
jam
fwh
cma
cd
bjv
afy
qut
nkf
bym
bag
rnc
osq
english
oez
odw
mzg
grn
ghx
byb
bcz
pee
gxs
link
jre
bkj
smtp-in-01.mx-fs2
qkr
nxr
gfu
azr
sqe
qsg
bjl
rzo
ruw
dnq
cqf
pzu
smtp-in-02.mx-fs2
ooh
gzy
fkn
ufh
moe
nqz
hqv
bean
silk
ihk
gqb
tfs
nmo
nkv
smtp-in-03.mx-fs2
hyh
car
qti
iuh
inf
hmq
uxp
neu
iej
fix
fyc
fne
sic
sfa
nwj
jsg
uvj
fxk
uxd
oqz
irn
fka
qot
nsk
mdc
corn
pmx
qiv
rku
bkx
qhb
jyv
diesel
cvq
lze
ibv
gvv
so
sgs
sales
gyz
fyb
iyv
uhx
rzq
ucp
15
mia
host5
poly
ln
ms1
hip
list
futures
hd
69
seg
217.74
cat
sga
1ac
sklep
cag
12
ovh
8pf
tui
development
dnd
2yt
9mj
sulfur
189
mgm
life
cdn.leju.com
hem
oss
sub
cfp
hcc
mud
mail7
mailfilter
cotton
18
smm
ptt
acs
dsl
bsc
n
rus
gasoline
226
saw
elearning
about
dam
cement
seamless
has
axa
owc
gep
hi
fsa
baby
mailout
nsp
c3h8
bck
urea
nylon
h2o2
215
kam
se
occ
aia
server4
ns03
mela
off
emi
bimayou
megas
aniline
transfer
mlb
linsuan
pub
jl
dnt
dianshi
efa
ppl
dpi
14
ufa
ice
free
esx
aic
119
drp
bpc
taiyangchengyulecheng
spandex
odc
coaltar
colza
use
ddp
ptfe
toluene
tgo
max
huanglin
fueloil
dcb
202
ironore
bls
plywood
aug
signup
m2
ges
phenol
sos
rms
control
sdc
ilo
17
rek
isteel
bocaiwang
rejuan
polysilicon
ocs
dir
ctr
cps
idn
maotiao
rbh
propylene
cben
mtbe
esi
ekb
psi
paf
jsc
hsa
hsp
ucs
mbp
styrene
sio2
osb
apt
usq
pzf
ibe
fluorite
dlfdy
dldx
bmi
douyou
chlo
22
sfg
na2s2o5
fhs
eba
etr
rdl
palmoil
oac
naoh
k
ocp
isp
ciu
99
jan
syg
sea
tag
qsu
nms
dsr
dio
aba
eie
19
fj
tracking
liusuan
pc1
arh
sow
jnn
avp
oko
mail.www
24
tio2
jsj
oct
ifc
gmx
acetone
dfa
acc
uyi
ols
mpm
jyw
193
ddn
asv
tfg
oar
liqing
pat
gdp
rkz
nianjiao
myw
ikm
foo
get
android
ssw
dldty
bxgb
ezi
img2
utr
aoi
ofa
mxx
jnd
fbi
mtj
lxr
irb
ch
pdl
ivn
ely
suw
oal
nbl
mah
frd
bpn
rrc
msq
azy
qum
pme
lpy
imv
edd
cny
hbp
haw
gjf
evc
csj
jnf
dfc
uti
ttb
jed
tti
fx
fet
dpv
tpn
ip76
alg
pdf
nhp
bts
ban
iuw
dgr
kad
jis
cbh
bbh
sohu
osw
oay
hul
cgn
icf
iae
fpz
ane
kqs
huz
gek
sjb
ncd
rap
prn
ooe
mgl
dts
dkw
snk
qay
syb
sci
l
jbb
goy
bhl
bbk
rbk
plv
mqc
jvw
jki
fqy
ffx
uml
teh
sre
ryk
ip0
cdd
qem
maq
bet
lwd
hfz
rxj
rfl
lvf
ccc
2-eh
uaq
rfr
goq
tuc
jjb
doi
uso
oya
meq
gtz
rqg
pjp
ofm
hz
ezs
ett
utg
thl
rjj
global
faf
console
52
tve
gzx
gob
fzz
naz
mes
jjy
39
133
iid
gdt
42
rth
ifh
fph
dut
qyw
qbk
pjn
nfn
lzz
nwn
lzf
jpp
iez
hbk
szd
ser
rcr
pnf
gen
fae
dle
agent
vbk
rik
frq
etk
buf
bi
ubb
joo
jck
idu
ezq
syp
pyf
nuf
njd
nbk
dhk
azo
sxh
qnx
nrm
sxm
nly
kcu
gex
kfk
fro
dge
aoy
rbv
opr
lyp
fhd
uvt
saj
rir
qws
hve
hia
fvq
ctj
sqh
qdt
mmj
hkl
fyw
egw
eaq
bos
bax
awv
team
opo
ixf
gef
gaj
25
upb
svw
plo
oly
mxav2
lgf
itc
dpk
buy
35
qif
oxu
igp
ejt
sgu
pcw
ndz
gnl
chx
axq
qqi
fkd
dwo
agu
uij
nlm
jcv
ggr
bcv
21
sxl
rpi
ra
joh
giq
fyq
eox
dzm
66
ts3
tkh
evg
dxr
dkd
bxd
txd
sqi
sjl
rkx
qtv
mgd
ifl
vax
ucw
tjy
qzb
qqm
pwh
fenlei
all
uku
soa
owh
jwn
33
tka
tdu
pan
mvm
jqs
jik
smq
ixi
usj
qlf
jzq
jju
pma
nzg
jxd
rrl
oxh
jgo
jfs
hno
cjt
ayr
ark
157
qyp
pyh
gkx
fwr
downloads
dfk
cwq
ohk
ofw
rhr
jfq
eul
aqe
akj
rqj
qhf
pji
ojq
ihv
fve
ejd
cst
ooq
oln
rkl
pbg
nwk
mmm
ip80
gvq
77
23
uxq
ukx
sfx
ohx
irw
ijt
fqh
egj
dgj
auv
91
opq
czz
bxw
uwh
ujb
olf
jvi
jqe
hrq
awu
tvu
ssv
jsl
gbv
ffo
fzm
fjq
fgq
ukt
rlq
njq
mqt
spamfilter2
sm
ocx
jqa
cvx
ctq
55
sqn
internal
bfk
54
smtp01
qzm
qqs
qfh
mbg
mailing
lfj
hqh
fzk
36
udx
sxv
mel
axk
pwy
ouv
247
uwk
svq
qho
pgy
ooo
bqd
nqh
afs
uud
ule
pgz
kfl
jko
efv
qhh
odq
manager
upu
swt
mail.secure
cci
uwn
ohb
nqp
cqn
byg
hao
gc.q
own
219
my.hub
gxu
evo
tmg
9zn
61
onx
hcm
32
ivr
130
mails
ctx
mca
ejx
30
mss
jvq
tom
kis
ah
62
h8l
com
29
j
bhs
60
26
245
rps
mba
linux
141
bim
cpi
28
host6
as1
51
e0f
mailgw
nfl
fab
20
su9
168
161
loansyic.q
3ih
44
spamfilter1
pns
53
56
40
ojs
nsd
csa
166
tst
aid
mercury
50
37
86
135
build
38
kim
74
smtp4
ppp
hlj
ead
ott
gx
cim
ics
air
90
ticket
mgw
cce
41
mus
101
80
59
labs
195
156
hkg
ny
jbk
eas
cbr
tls
48
oud
uds
ns13
asi
70
pix
dic
csi
sgd
rsp
45
mrc
dep
68
46
orb
148.163
hbs
aem
49
27
cep
aas
83
76
ens
isl
81
78
txt
rbs
hlh
dst
aap
gaz
time
mrm
ftp2
ear
hui
47
34
lp
ger
84
sue
run
irk
mae
64
spb
nj
hps
gov.cn
mtv
pug
aip
75
bus
95
desktop
kes
mcg
rvr
hum
sdf
ir
ifeng
57
tor
dtr
ntb
nav
mmx
gci
ctm
43
tak
plesk
oca
develop
93
85
152.104
imp
fsp
94
mco
92
65
iac
fil
cpv
its
seu
htp
elt
cul
pmm
cuc
csn
82
201
ski
ip99
doe
pbc
pax
eam
db2
ja
huc
speedtest
cbi
uam
sw
sng
sdr
orl
nxd
fra
vbs
clt
blb
chu
mns
kms
fw1
kcs
ip54
dnf
98
tns
geo
cgo
ip98
ayk
idc
fep
aiq
qh
79
la
snd
brp
tcl
fsr
udo
school
maa
104
ppn
gmg
87
pvb
dor
63
hfe
czs
pcn
ntr
tua
trt
rbx
drt
cgy
quanxunwang
ldap
fpx
ddh
sff
seb
ina
eps
cf
67
aar
rey
nti
jpc
ioa
hmg
sme
nsf
jfp
dzr
ddz
ip78
dps
73
200
stv
inp
dct
btt
swo
mke
dd
atlas
72
urc
tub
trq
sky
md1
dsd
dnk
pzx
ip93
esa
pdt
lev
jty
passport
jag
checkout
awe
sex
mil
ifa
176
mhj
hmv
brs
bau
urs
upg
shg
sgt
qhd
nbn
eva
cft
lig
eks
uge
mew
sve
cwy
cmh
aom
pry
olx
nbr
155
flt
eni
buh
89
kiz
ip92
directory
acn
svt
nfm
ip89
fbr
avo
srq
iqg
hmn
promo
o
ngm
eqo
71
tyc
pqf
ppb
ip82
gcd
adw
100
tsh
tfl
hs
djs
acw
ryc
rak
ibg
cmw
brh
bc
131
rag
qeg
he
fvx
crh
uvd
sgz
pzn
okk
nbf
mkn
dno
brl
anr
97
fvt
dkn
137
ncb
ip77
gdf
fmi
sy
sqg
pgc
muj
jxc
fsv
trl
rzb
psa
joi
grd
cge
196
ugs
tbb
syn
pxd
pgm
mrp
glg
fjj
qak
pog
pnt
paa
dpc
dak
bzb
bg
bcl
asz
tgl
mta6
jfh
jdm
hea
fqo
fmz
des
van
pdj
oui
mac
ip94
ip83
dkj
blo
ugq
sxp
sbj
lvk
lcl
kfz
ip97
ip73
igd
hdb
gla
frg
ebp
drf
bkn
103
ten
pxx
jrp
ip79
igy
gdm
bt
uhi
szl
qcb
msc
mkg
maf
ias
guw
feh
ehc
bnz
ucl
tao
qpo
nxm
jtt
ip95
dm2
ldm
khl
jnw
jfo
ip75
fmv
djm
ctc
bwa
nhn
jvg
frh
ddf
bmj
aet
qcd
pbe
mrb
ibr
ftz
cuu
pwz
ezr
dgp
bwy
muu
lfl
etg
bpt
ufe
syf
shj
rhf
ns14
nga
mbd
ip87
hjt
aah
117
rwi
oeu
jva
jlb
azc
tmp
tht
tcu
pph
nmt
ip96
hhp
enl
axp
aqp
rwg
pvv
fgt
dtl
thh
riv
oom
mail03
ipy
ip85
ip72
uzi
tth
quw
mhr
eaj
blx
bji
npg
kli
kcg
ip74
fik
mph
ltk
kjr
ip91
cko
bdz
sbq
ntu
lvm
abn
siz
kkg
jwu
iho
dkv
179
uli
twk
sxg
shq
npn
ava
aez
abf
pmw
mko
fkf
efo
dlj
kkm
jeo
ip90
ip88
2iq
sr
gtg
gln
eib
bvn
afn
tzm
tlz
tho
pih
mxz
kne
kee
jdh
hmx
fot
edn
cjp
bvf
owy
nrk
ibx
gkf
dcd
bwm
aaj
suf
rej
ojm
nn
nbo
jfy
jbq
clf
tzz
svu
ohn
nwa
nnh
khr
jmj
jcw
ip71
hak
aor
ajo
tyi
psw
iqz
eyt
ajy
vbu
tkp
s5
pzk
pjt
pfh
pdz
oee
ip69
gka
cly
bxb
216
tiy
qsa
qol
pfo
njk
naf
isj
erw
bly
aox
ahb
tkj
qto
pqa
och
nqv
nny
mrj
mfw
iug
hiw
emm
aou
aof
208
utw
sjd
quy
qoo
kyj
iya
ip84
ioo
ifu
hrj
gnp
cxi
bhz
atq
nkc
ip86
ihe
idy
host7
btj
126
tjq
qae
ngp
lwf
lvw
ip70
dgl
aan
smj
rou
qso
ntw
hyp
gfv
dqm
dil
rtw
rdh
oqm
nob
ldw
ioz
hnw
fiq
evn
bwk
baidu
pvk
ks
ixm
haz
fw2
fuo
enw
drw
dku
baw
ary
afw
ujz
tje
qao
pzt
pbw
mhw
jrm
hgz
enr
dym
toy
rwn
pxw
pgx
nmf
mev
ehn
clw
asm
lyu
ajb
pvy
piq
mfz
mfu
kun
knn
imj
hkm
hiy
epz
djo
cym
cab
bje
sid
qmg
mvv
jwi
haf
ewb
azd
ahj
177
109
102
uvm
uop
ukg
uby
qdn
lyw
lfw
jah
hxi
fgr
evh
duq
dmy
arv
ajq
udd
szq
sfu
npy
nnk
myv
ejp
sum
puh
eof
ama
uza
pkn
ove
oih
lwm
kxb
jrk
jkf
izi
ip81
iik
hpq
bpg
backend
uyx
uoe
uif
hiu
gdj
fgn
ece
bqz
axv
qxz
puk
nze
mbq
kkp
ilx
hji
gdr
rky
jxa
gax
fhi
dxo
aza
ace
tbq
ip68
gtj
gpq
erh
dvz
bqk
ale
139
ujj
tqq
tjg
teu
qpg
qml
pgg
ozd
oxc
odj
hld
gxp
gcz
fyd
cdp
qxq
pyz
juv
jkx
gxw
ers
oek
kqz
tey
repo
nxi
grv
fmq
roj
rfy
pzq
leo
ip41
ayd
akf
qnm
mz4
ujy
qzy
ohi
nlu
mxu
ip45
eho
ams
sje
ruh
qcz
pjg
mx.mx
ktu
gjm
foq
rpq
qbu
oul
cjg
164
uar
oxx
oxs
okp
my8
lfk
kjp
gmj
exw
rza
qda
mjg
kny
kid
hjq
fyh
evw
aij
unv
qrb
qql
qhp
qhj
c3c
bwj
bio
233
nkq
fky
fcq
est
qpe
oqr
ohc
lt
jgg
gxj
redirect
pkx
mzw
ikx
bke
sxo
rqm
nkh
mpj
kfu
96
pxq
nlq
jjo
jet
fqm
cap
vaq
tps
sbc
rwk
rnm
ozv
jdz
dh2
sqv
qnd
jqz
iu4
ibj
hit
ovj
njy
klh
tc
qkn
pst
platform
1xp
update
sqj
f3t
dzb
ais
sia
gjn
jyq
irm
bd
asb
178
159
uzn
tlw
pts
nm
affiliate
ar9
spi
ise
auz
mvp
lk
iw4
adv
iy0
ip67
docker
dm5
diy
88yulecheng
248
msg
uqd
ulx
g6i
drive
172
mn-mx1
m9s
cwa
180
132
dfw
3ps
230
staff
mem
f9t
dsm
eu2
als
inc
payment
mail8
e4v
ink
ida
cio
106
224
184
hg
ly
pwa
218
mec
3zi
1ly
0j9
n0e
std
icp
c4p
abi
7wi
7si
7pu
2gt
sit
mg7
mag
144
142
116
q8d
mg1
host10
fun
movie
sm2
6ze
host8
ui7
5aw
129
mma
reservations
243
bmc
research
221
154
ip58
atl
235
146
spp
moj
ip62
231
prs
test2
love
cnc
mcs
sin
148
usc
gce
qom
167
ip17
err
ids
249
tam
imi
esp
sdn
mdb
ccr
bla
bdc
mer
ip59
222
213
204
sps
pup
ip255
cgc
sop
bpm
szs
sev
show
oak
gsk
dlc
199
oce
ip63
dr
ctf
ip57
gal
fmx
ip60
hap
eco
sf
ip65
ip61
ip10
aos
rnd
crl
guy
frc
cee
tracker
jiu
usi
smx
orders
0
bud
sfc
pia
mqa
fca
197
ip66
rcc
pdb
key
jupiter
ipp
239
fir
dmi
rum
pap
ip110
cdi
sxd
nfc
host9
dai
afa
pwk
ec
toc
pgw
145.32
ssg
rem
pmt
baomahuiyulecheng
board
rpo
ivf
hen
mx11
tpa
nzx
mpa
mal
lad
payments
nls
v1
ip218
115
ssq
mik
b.mx
adb
rfp
psb
host11
ccn
usb
ubw
gg
portfolio
chi
kea
elc
ati
k7yulecheng
dhc
coi
mbc
trm
tat
ric
cri
sio
ip242
food
evs
cpt
ccl
arm
see
mys
jcc
hmc
cn2
sa
bmd
var
umc
joy
192
173
utv
phr
nou
ip246
igr
mds
ip251
hse
eir
rdf
ip254
ip123
203
obi
idf
hfr
ura
ptf
hod
trv
sao
geq
fmt
cmx
cfe
ast
ip241
gbc
din
amp
tpm
sbh
nrj
huangguanxianjinwang
bbp
rbd
ocm
mlt
nx
apc
myaccount
hdf
eop
boe
raj
ip118
dmx
bjs
206
pha
opa
ntc
lyg
usm
mxd
jac
ip122
ip238
ip126
jsh
ip116
iag
eff
abz
sef
rub
pbl
ntd
imd
host12
198
ip64
ip243
ip124
gir
pvd
msa
ip244
eshop
ces
cdn3
207
nir
cpx
bem
uac
tld
mtp
ip237
ip103
ihg
bld
srh
sqt
ndl
ip250
ip245
ip101
hnt
hbc
bna
afc
tlr
rol
gol
ewe
faa
ash
rbq
qiy
nsn
jll
ip120
ftd
bzp
kic
fmm
dvh
btl
psv
no
frt
bs
188
rsi
ip102
hro
eod
cve
abt
sdg
oia
ls
iva
ip117
che
cff
ceu
bbr
noe
nip
jsy
isq
ip108
dbc
upp
tdt
sox
rpc
niu
mcp
icq
htr
enq
emr
cpg
bgm
ubi
rct
ivv
is
ghn
eaa
chm
szc
rpp
ors
lsh
ip11
fxd
ffn
cnd
ues
mib
itz
dsv
dha
tfd
tbj
rah
mom
ip248
ip109
gkt
ayi
sdu
nos
nco
mlp
jwc
ip125
iot
gai
fen
dcs
amn
ufq
thp
tba
spl
shr
olb
kuk
jbd
bch
dml
dbj
dbe
bne
uic
sbt
nvb
ip252
hol
hbh
glt
eii
dce
plu
peg
jbj
ip227
ip119
hrt
bin
113
sug
rpv
oaw
gcw
ttf
toe
pbd
itf
ip53
ip111
ip106
ibp
fmu
cns
cka
ali
soo
pac
nwc
ip230
ip113
hbj
bih
scj
idb
fnm
deu
auk
nsv
nib
nao
jdd
ip55
ip247
hpp
gag
fpb
eep
dnv
dcr
adz
aae
sxt
stw
ref
pav
ode
nye
mhi
evt
usp
upk
uak
scn
ren
ip219
ico
hsm
cgm
afd
uya
umd
sth
qwi
qfi
nid
jld
jhb
ip239
ip229
ifm
crv
brm
tmx
qor
ip56
ip100
hmt
fdx
118
pif
pfl
ogc
lyy
jwf
jbs
ip249
ila
cwg
cjr
ugp
rpw
rot
rmv
pvs
obr
nhs
mxr
ip212
gte
apw
qpn
pyl
kwu
koe
jsb
dhb
bgb
sdx
prl
osh
oqs
mww
ivd
itk
ip115
eab
bbj
apv
sku
oig
oco
ndf
nch
mow
jvu
jlt
ip127
dsw
ryx
ryf
rtr
qwg
pxh
pbk
nij
nar
gtp
fge
fdm
djb
dgb
ctt
bxz
bxt
aud
tnp
tlv
syk
oba
kir
kil
ip104
fwe
buk
aeq
phb
jcp
bzd
108
rxf
rlr
rjf
qww
lxv
jwe
jkq
iuu
ip194
ip112
gkv
civ
aev
tyq
ngc
mwl
jur
jdl
ip236
gdg
euq
bis
anv
swn
oow
nrv
ipo
ibl
hpw
dpx
uki
nmh
nea
irt
hbi
ghf
gdb
cck
svi
slp
ptr
pnv
pdh
ljl
kaa
jwp
jip
iwc
ino
bmm
rce
pyb
owg
nfo
mfi
mail11
kwf
jsi
ip105
fxh
es3
elg
dnx
cek
thz
swl
ssy
ogv
ntz
ip214
ip202
hgt
ffd
dlk
bru
aii
umm
stc
qyk
nhj
ip253
ip213
ins
gpl
fdg
boq
blp
tni
rye
rfn
pjb
mxp
mhn
iyx
hvo
hlw
dch
dbd
bgp
bdg
tli
rxe
rvg
omq
njf
lyf
lcm
ilh
hfn
gpb
eaw
ujq
ufc
tyt
tks
sul
skq
rqd
pez
nrx
ldk
ipd
ip107
hlb
grw
ddi
crg
bsk
107
szy
shiliupuyulecheng
sfj
ryb
rsd
rcj
klj
kho
jmd
ebt
drx
dpy
toa
tco
skz
pin
nvk
kfs
jky
iao
hfl
dga
aqa
205
pzl
pir
php
opw
ip52
ip240
ip223
ip184
iim
gvp
gdo
feg
exm
cds
affiliates
tkd
szt
swq
nth
mpv
llv
jwy
ip222
iko
iet
hvb
hjd
dyu
tts
tbx
shz
qzw
ogk
nwg
mxo
ip221
dqp
amq
ugh
rvi
rlt
qup
qde
pzb
pbp
orion
nub
mkl
lfh
htk
hpa
ujk
tjx
qob
qlg
nvx
lvz
jjs
iyw
ip36
gpv
edc
dyj
cnb
cju
228
ukm
uhn
slk
rgi
ldf
jdr
ipv
hsw
hpe
hmo
gux
eoi
eoa
dqj
uiq
tay
rdi
qyc
pnn
ncn
lha
jny
ip208
evu
dyz
ddx
cew
bbz
auh
ujh
udk
tcz
spz
rzj
lun
jtu
jep
ip235
ip121
ip114
gyy
gqq
gfq
fzh
dkf
dbh
txo
rwc
rar
qsd
pym
pjz
nzd
nuj
mxl
kfa
jcj
ip217
ip206
host13
gbt
fju
dja
dah
upz
tpj
tgx
rnh
rfw
owu
lvl
kdk
kaf
ip132
hdz
fhl
fdz
ecj
dgg
dbs
corporate
tmd
rbe
qwa
qdb
obv
oae
nwp
mrz
lzl
ldg
ip134
hjx
hgi
fmw
efy
dlf
dgt
cxh
bwl
aus
asa
ueo
tne
pft
ozb
ony
mll
jwk
jua
jho
ip231
fzf
ffh
ezj
eiq
company
aro
uuc
phy
odf
mbu
eqe
dfb
aui
aeu
utj
uqw
uqr
txs
tif
rmz
quf
owd
nhv
msx
mmy
lfc
kde
kcp
iuy
inq
hyx
dwi
cqb
bnj
azs
ulb
qgs
pgo
ocb
nhz
jot
jmv
iua
ip228
ip139
gev
ffz
ffe
dqh
boy
beb
aomenbaijiale
tjs
pwt
phz
oem
klb
kkr
ip51
ip197
ile
hjz
gvs
bgq
url
rjo
qdj
pdk
pages
nha
jjz
gvu
fuv
csg
bvp
buu
uru
ukn
uhl
traveler
ssh
skw
pzr
ovg
nok
lwt
jkl
ip211
ip203
gji
flg
bey
194
vae
uom
ung
tpu
suv
rjv
nbe
mei
jqu
iza
ip233
hww
hoc
gyo
gwx
ejj
egf
ebv
byx
uzu
slg
ryn
ril
rgp
nb
mjs
mail0
lty
kct
ip215
ip204
iey
dug
bocaitong
bgl
ull
uky
ukk
tvv
rnv
qdc
onr
okd
kwk
jzu
cye
vbe
test1
snu
rrs
rpz
qnq
opg
oju
nhk
nfk
kpo
jqo
fxn
dkh
cqi
ufk
rcu
qnf
pyo
pqr
oxl
ivp
ibz
hot
deg
btx
azn
tqi
nht
kdg
ghg
fqt
fff
ehi
dzo
dof
tyd
qzg
pwd
oop
ojt
ifi
hil
hif
exl
bjw
tqp
tle
onk
odu
nxe
lfa
kzd
ktt
knl
jba
ixp
iup
ip216
ip198
ihq
gur
equ
cm
ajw
ac
150
uyk
twz
ted
tdo
qul
ofb
jzf
ip154
ijq
iff
hfx
evi
ceh
uxx
usy
tyh
tqa
sxf
nlh
mze
iqm
ip225
ip187
ip183
hzv
hvz
giv
ezt
dfn
cfv
bqe
bgf
uaf
rnt
rla
rcq
ogr
ngt
mjb
ip13
cax
byt
apply
vbo
ueu
str
qmf
ppw
lwr
kjt
jli
ip138
inh
ijg
hgm
gcq
cza
tfy
sbz
rxg
qzf
pxo
pua
nwz
myl
kym
kpf
jjt
iqv
ip43
ip226
ip186
fxg
fbe
cme
bmn
bki
acy
153
ujl
rkk
puu
psx
oyd
ogl
nbu
jqr
jqh
ip143
iib
fty
fhe
dvw
bsx
auy
aty
uwo
tvw
pru
pqz
pai
oeo
nej
mqu
km
ixs
ip195
ip141
fwf
fjm
dns01
cyk
ckx
upw
uih
twl
rjc
qja
nvn
nqf
nje
lwx
jdw
ize
iqh
ip156
ip135
ip131
fzd
fwv
eyf
ehm
ehh
ciw
uns
qpq
qpk
ozs
kpv
jow
jii
jfv
ip39
ip234
ip190
hym
exf
eun
azt
akx
agj
140
rt7
qzn
qlb
owp
ohg
nwi
jbe
ip188
gyi
gje
scp
rs
ovr
mgr
kdd
jkc
izk
ip200
ip12
hrk
hlo
cxn
ac5
112
ut2
uax
pdy
owb
lej
ip207
ip140
icj
bmq
auj
aje
uwr
tuu
tlo
rzv
poj
ney
mjp
mcq
ip220
ip142
fym
eyz
ekf
ahh
aes
aca
rni
qvp
qkj
pgb
oqj
oii
ocu
ip50
ip38
ip232
ip205
ip128
gkp
fxc
exx
erf
dgz
akv
uon
tuz
tqc
tnk
ssb
qze
qwk
qnu
qni
qlp
qet
nqw
kjg
jmq
jga
iyq
fov
bju
uvr
ufu
ubv
sze
srs
sib
sbw
qhg
pju
onf
obx
nqq
lut
lgn
kxe
ker
ip168
idj
hko
fqd
egv
125
105
tev
taz
qsv
jcx
ip171
iih
fkp
eqm
down
ddq
ckl
211
uuf
qii
poy
mvz
iyp
ip137
ibw
fkc
cdq
bxk
ukp
rur
nxw
mdy
jqi
ip149
ip133
bqj
rny
qjo
qbt
ojh
mnv
epp
djg
cpp
bow
at2
ajn
uug
tjk
tgu
rwv
rqq
rob
qxi
ip196
gnf
egb
dzy
awj
uxz
tpw
pqs
now
mhu
kyv
izl
gfj
cky
uyl
szw
ruk
qtu
nww
no8
jgv
jgd
iyi
ip191
ip165
fqr
ekh
eby
qea
pyu
oxk
n4p
jau
izw
ip209
ip180
ip174
ip146
gdu
fdi
dxh
dqg
asg
210
138
ulj
qnv
ojz
nwy
kyp
kaj
jsn
gxz
gjv
fzo
czo
avj
qqd
qlz
qkb
qfy
outbound
mqe
khh
jq3
bqh
axt
uzf
qqv
q20
pqt
nu3
mfy
jlw
izb
ip210
hky
hhu
ghy
evv
ccs
uoj
tqy
rqr
qnr
mzv
ip199
ip189
hfy
fan
ecs
152
rwu
qhe
nzo
jkg
jje
ip201
ip185
ip170
ip153
ip150
fbq
124
qtx
qpd
mhx
ip42
exj
dtq
cfz
aqj
aqf
rkj
qq8
onb
juj
iv4
ip157
fvw
asp
uul
ulo
tmy
qgd
nfq
lic
izs
ip46
ip35
ip182
ip164
ip136
ijv
gby
gb3
170
udz
skv
rdg
qva
puj
eej
dz2
bjg
1xv
uny
ojn
nzm
kql
ip40
ip33
ip179
gej
fi
f7q
ejy
ddu
220
uc
rma
qjc
mx03
kgv
ip193
ip181
ewh
ejw
acx
175
169
qjw
gzk
fiw
rgx
qxn
nqt
kij
imc
hby
sbv
ip145
cn4
4cf
244
relay2
qez
ip34
cip
bak
3px
s02
r1v
osc
ip177
ip169
ip159
ip144
few
185
182
ip163
ip147
8jg
uqv
tnt
t6f
mailin-05
lqv
ip224
7bn
pnw
nb7
ip27
ip158
fcg
ezc
dia
3pe
237
ip14
f9b
et1
tic
kf
ip48
dal
bbc
baoshijieyulecheng
b4g
232
ram
r8w
e0m
8bq
5vv
3ch
240
static1
kaixuanmenyulecheng
ip178
oqv
o3i
nsc
ni1
dialin
3if
0mg
ip37
epm
ars
5aq
1wo
t8w
rcs
ip49
ip129
i9d
ews
ann
2wh
v5r
trc
k9c
j4x
gj4
d3r
bss
bcc
4ps
o4s
jd2
147
smf
jay
ip175
5an
0ug
unz
tab
oo9
o7w
n4r
k3i
gm0
campus
rau
ip152
eca
adp
162
122
u2f
tz
rsc
phone
ip192
dmp
158
smi
set
sdp
ee0
171
ui0
u6f
s8i
ip29
ip173
aks
a9h
8zv
7ii
3gb
mail9
jia
ev8
e9t
6fo
s6e
ip47
elf
dlh
8uz
3fs
165
121
ip44
ip166
ip162
ip148
6yo
5vm
242
v8p
qt5
ip151
6lb
u1f
jw8
hl
bds
ip15
i5w
7qr
v0s
hcp
e3r
cpr
1pc
u2y
tyr
ip28
ip161
2hz
lry
jf6
ip167
ddc
149
k2b
ip155
7mj
7gd
1kq
0dw
sat
qr9
ql7
ip31
ime
dsa
bdf
val
sem
kr6
hls
b5c
5ib
1sg
eac
6it
238
186
tsm
ni7
host14
5ci
m8j
j7o
ip18
csr
ip30
ip176
2da
246
234
212
ql8
ip26
241
1rs
v0i
ips
csc
jss
rsa
m0p
low
lit
ip172
huanqiuyulecheng
cfs
cdb
187
136
market
dac
2xw
181
227
bad
uma
225
134
pda
c.ns
216.254
mta7
lot
bocaigongsi
ip32
hat
trk
ows
236
stl
cra
ip130
epa
143
ip160
209
kan
backoffice
sal
caishenyulecheng
250
at
adn
ip19
cl1
mea
eli
cla
bma
bet365yulecheng
say
ip24
cmm
145
srp
iec
sfb
191
gec
dk
174
ip25
bailigongyulecheng
pfs
htc
pmi
galleries
sae
omc
do2
ip23
abe
229
tsi
sch
pla
isg
cae
190
tdf
plex
fds
til
gl
mta.email
mi
uuu
shopping
nuc
gam
erc
by
aomenduchang
ite
ip21
103.209
eia
hrp
aci
dg
am
223
tbs
servicedesk
lrs
csw
bet365
ssr
jpn
huangguanwang
fps
prd
flv
tra
pluto
pld
mfs
23.19
217
baz
plc
owl
hotel
214
mdl
cfc
pes
ras
nai
tci
taiyangcheng
ip16
ddb
sgc
rip
pem
hlv
exo
eom
dbo
183
128
obs
mgc
eta
cpq
cmts3-dhcp
users
hao123
tol
spo
pi
ip22
gig
cpu
qiu
moi
baijialekaihu
nxt
jus
160
ums
fc
esd
cru
coc
147.251
127
sft
fnv
ro
pba
sl
prt
oso
dpm
dmm
acd
pag
sdi
mqm
iss
eoc
dashijieyulecheng
ddd
bog
pvt
pct
liaoyulecheng
jds
hy
htt
cts
clp
bo
tlt
terminal
orn
cib
bol
app1
amk
ocw
jn
gea
etf
cpn
cry
bgs
atp
rel
ip20
ant
tienda
ran
uem
mki
mbr
cache
sq
jmm
jhf
chc
bbw
titan
sbg
orc
fin
rdv
ppd
gp
event
43.245
pks
muc
mtm
cnl
rzn
mx12
mpg
krs
hoe
donate
gmu
fux
fri
fpn
dgc
gy
dfd
dbf
bogouyulecheng
uce
jpr
jmc
ivo
hu
gqw
rep
dbb
cei
ang
the
sas
ptm
nsu
ht
stk
kop
rdd
qwe
onl
hds
itr
ptd
fsi
etl
tjz
too
tbl
mxf
hsd
gys
cgw
asn
sih
rhn
csu
cdt
trn
rgw
hsf
bzl
agt
swp
rcp
lkz
jpf
iqy
hll
rde
pxf
pfe
opc
obd
hpx
hep
gmi
dmt
bht
bdr
aja
ste
prp
isr
igf
dpt
rzh
phoenix
kur
frb
ana
uck
tvs
sym
pbn
ktv
ipr
huangjiajinbaoyulecheng
dim
ups
tlf
rsg
qua
msf
mii
lxz
leslie
jih
fos
fbt
crs
caz
bmp
bh
mxw
mvd
mta8
kmo
imw
gdc
cmn
bfx
ayo
551
usg
uek
rpr
pce
mte
hdn
gma
srv3
pnb
ntt
mmk
mch
ipx
hoa
frs
dy
brn
anc
aed
scb
plp
ipg
iit
ath
aco
uga
nrr
mnc
bfw
siu
avn
alr
252
san
qgf
oci
fpv
cyc
ahl
tit
prc
pnr
pel
osl
lsc
fim
axe
npa
ngx
mwt
iks
fln
bta
bda
vbn
uri
swm
sgm
nxc
jab
hlx
heb
bpf
uas
servidor
ptv
production
por
hce
cdl
sqb
server5
omm
ksk
hcg
fcb
tot
nix
jic
hbl
glm
fws
dmz
cxg
spheradnsmanager
nfd
jim
him
gwy
fop
alw
uyq
tiantianleyulecheng
rtd
rsb
ocd
mla
ipb
hns
dbl
blh
ajp
afr
rvm
lgc
hdp
gmk
be
apollo
rvn
obj
dtj
rte
rdc
miu
jyb
gck
eou
emb
cfr
odp
odm
idl
hqc
dqz
dda
cyb
bfa
888
opp
mpo
meu
ffc
dph
contact
tds
sur
mmf
hde
cto
boebaiyulecheng
bjp
aru
tfh
qoa
meeting
mcr
geb
drk
atu
acm
tou
pwp
pnc
oyg
os1
obo
jinguanyulecheng
inx
icg
erl
doy
cvb
alx
alj
uva
qd
icd
ghw
fbf
efd
cdf
bpj
arx
nun
kjh
jat
ibi
huanleguyulecheng
fry
drh
stf
shf
psg
pkb
ous
ncg
djr
blm
trg
slr
jas
hjp
gtr
bbn
rsh
rdt
lgs
jos
jhl
jd7
hpb
hgr
gem
cik
awo
aaw
tfr
rtx
oxd
jtc
hcu
gim
fpa
ehd
dht
cs1
cmf
btm
bbx
66.111
ust
tik
sport
sof
rlh
qbj
p0.ifengimg.com
nxp
nus
nen
htv
gnq
dhq
cbo
bou
bhg
tlm
oic
jln
hix
gna
ezp
dln
bys
alv
tlp
qvq
pos
pen
nue
mbk
kfb
jtl
jnu
iyf
fou
agd
rpe
qpb
pwv
myd
mdp
dmr
utb
slt
puq
nwl
ntm
npd
myy
igb
dlq
dl4
apb
tro
riu
ligaoyulecheng
ipl
gom
gmm
fer
dqr
clo
bgo
ael
360
qya
mvb
kof
jpj
jev
fjz
ekw
edm
dsu
dnu
akb
ubf
tnj
rmo
qyg
ooc
mzs
iut
idd
hcn
fib
dlb
dck
cil
brq
bqy
bof
auf
up
uhg
tnc
svc
rtk
qis
plx
plf
nzj
nrp
nit
muz
lrl
kuc
jxj
jni
jlr
jjc
gsf
ftw
fhf
dzd
deb
crz
uyh
tir
tck
tbe
sm4
prh
lhd
imk
hpr
dqi
twn
sws
sro
nvl
ltf
lsv
kio
kco
kae
ftm
dui
cya
awh
akl
oge
nvt
kfx
io
igm
gsa
gco
emp
bwf
ayf
uyg
twa
tbp
srx
rcl
mnp
jpk
dhi
awn
atw
aop
twd
tga
rxd
pcj
ovp
oeq
mza
kxo
kwg
kre
ibo
hxw
dtt
dmg
dfg
bun
uaa
snf
smw
sld
rzp
rug
rgo
rfh
pxc
nyi
jhd
ijy
hic
fyi
fjh
uqs
tv3
ssu
psj
pdn
mdx
kdj
hpz
gge
fvg
ekr
eak
blv
aze
avd
tcn
pab
otp
knj
hxx
geh
fxv
dik
cxx
ciq
boh
tsz
ono
kzl
knx
jhc
jh
hdo
gle
fms
efl
ecd
bfo
bfe
bb8
rox
pht
njr
nhh
nep
mro
hnu
hfi
feu
dff
bz
bvt
251
uvk
rxv
rml
onn
mye
moq
mgf
lzi
kag
jyc
jwh
ilt
hzt
fgc
dt
awy
arf
uqi
sbe
qwp
pvx
plr
pfi
ocn
mym
mwb
led
jpd
htf
gcf
dkm
cw
bjh
slh
rtu
rls
rbf
otg
mox
lxk
lue
jec
ilk
htu
hhv
gsn
fzu
dez
dei
bvd
bum
bii
tjm
thu
syx
sry
srl
oja
mdd
dzv
dvx
chq
bxx
ayt
uao
tvh
tiq
rse
rby
qew
prb
ova
oup
oga
oei
nxu
myr
mfd
maz
lps
kha
jne
ixa
irl
ibk
iai
hrn
hkr
hkk
dkg
cuz
cpf
cp7
ajs
ahm
ucj
ucg
tt
soq
sfq
s01
qkk
nwe
nmy
jez
grq
fsf
coq
cbg
uyt
uid
security
rsq
nup
mmh
ltj
kzh
gjc
eao
crn
chz
bli
bga
azm
trf
tna
taiziyulecheng
svl
snh
smy
rvl
rbb
pik
jeg
igu
evb
digital
bzz
aly
seh
pqo
pbi
lvh
kyy
jy
iha
gwo
cva
cuj
cqo
bij
ahn
srk
snb
rki
riz
nnm
nmd
myt
kqk
keh
jxf
ijh
hah
gup
gjr
fkt
eqj
dzp
ddg
cxm
cjb
cd1
ara
tiu
tfw
sru
snn
rua
qlh
qep
okl
odn
nrf
mxh
mis
kol
kgi
jws
ifw
hsk
gwl
gtf
grm
esv
ejl
byd
bmy
awr
uvb
utn
oik
nef
nck
mjl
lhv
jsf
jog
hyc
hh
gyl
gsy
glc
fpw
fpu
fek
dyp
trj
teb
svb
slf
sai
rfa
rcg
otk
npw
mwk
jfg
irr
iat
hongyunguojiyulecheng
heh
gko
fzp
fng
fbk
cok
cgk
cak
bxy
bgh
uwm
tko
tkc
static2
qsp
qqc
pnx
pmu
mva
mre
mar
lmj
jzr
jrq
jgw
hwm
gzz
fwp
eshiboyulecheng
enf
ehr
btq
ulp
uee
qxb
qtl
qpx
pnq
oti
opk
npj
kjj
jhv
izd
hhb
hbr
gfp
fug
dqx
dfv
devel
cvm
bmx
agv
svk
suj
slv
rkq
rkh
rkd
qit
oeg
lpo
lep
kmi
jz
jio
hkt
hgo
gng
fok
fkk
afx
toz
rlb
rjb
registry
rbg
pwn
omw
ofs
mhz
lrg
ljb
lfe
ksn
kga
jvz
isw
gwz
bkc
awl
ajc
usk
ujm
tfj
rrb
qir
qaz
qaw
nrz
myp
klc
jmh
jinzanyulecheng
iof
fbo
ehq
ebh
drl
dan
bgd
szn
ssd
qwd
poh
pmv
nre
mln
lcg
kwo
kug
jhk
gvh
gnz
gmr
ga
fnh
exd
enx
ekc
dqb
djk
bwx
bua
bmv
aue
pzd
onz
nxx
mlo
lye
lrq
kyl
kgo
jgh
hnc
gdv
egu
808
upn
ueb
scy
rpj
rnl
qmu
prr
nei
jvc
joa
iqx
ikb
hxd
hux
gyk
gqx
dcj
cyu
ury
unn
uha
thk
rxk
qln
pyc
nbm
nah
mkz
kob
jxr
jgf
gvm
dnw
dne
apq
vbf
uvw
spu
rxt
qmx
qfq
nae
mxs
lfd
jdy
fyx
fjn
bkd
uzk
uoy
tzk
sdk
oan
mup
keo
jtn
hkn
heo
glf
ap
uwv
ude
sqz
rhy
qqy
qhk
pty
ojr
oji
mle
kme
jfc
iax
hzz
hkp
gho
dmn
delta
beh
bbo
atn
tfm
ske
rs1
qwf
qjj
qga
okq
nyd
nwo
nnu
nll
jgi
hp5
hiq
fxl
ezw
egq
dkq
czn
bjm
agy
tyz
sxj
rxa
rso
rsj
rrx
quk
qok
qod
ovn
ork
nxg
mcv
mailrelay
iud
ilj
ihb
hhe
fvv
euh
dx
cxa
bwb
brg
bcu
bbv
rmq
qys
qiw
qhl
qcv
qbg
oey
lhk
jtq
jsw
gpz
fyz
dzn
dnn
dkz
cdv
bzn
bul
ahq
uor
tob
qst
qbi
nkz
mpu
mna
mfj
kaw
jpm
jop
jgz
hyg
gnh
fyn
fm
efn
eav
uqj
umf
rkb
oum
ojo
ogu
jyp
jdo
jbx
iny
ifg
hli
fly
ffi
eju
dkk
tyx
ruu
rkn
pyi
nnc
mky
mgy
mdh
kqd
gjl
fhv
ehg
cwv
uaz
tqg
tgv
rih
reu
qsm
qil
oqx
oqq
nqg
nhy
mey
mbv
knm
jyu
jqt
jha
ixj
ilv
iio
hha
gxv
ggy
gbi
fkl
ewz
eed
ceoyulecheng
bwn
apy
agx
txm
tmh
rcv
oxb
obg
mvf
ktf
kgd
jtm
jle
jei
jdk
gbj
fpq
ewo
bhy
arn
ufb
tue
sdo
rie
qou
qjy
pxy
oqp
ksj
kkv
kbk
jdg
hvg
fwn
fkw
eht
dyw
dvj
bql
aqb
academy
uur
uob
udf
ucd
u3u
szo
rry
qsb
qqw
qhs
qeo
qdq
pxs
prq
ohf
ogd
ngb
llh
kii
k3d
hpg
hid
gyn
gbe
fij
ezv
eqt
dec
aky
uxg
uht
rxs
rqz
rlu
rlk
qxo
qgn
qbq
pjc
oym
ooy
lul
lc
khk
kbl
joq
ixt
fww
fhz
ebw
ck9
cij
bxn
bqa
avh
owq
oau
myf
lz
kzu
knu
kbb
jjd
gyr
ghv
dhm
blq
ulc
roq
qrc
qds
pko
ooi
lgj
kuh
kkd
kgx
jgx
jae
hgp
gyv
fcw
ezd
dxi
duj
dhw
tcw
rjw
rhe
qjh
osz
nyb
mfv
mdu
lso
ijm
iir
ifv
iek
hhw
gqp
fni
fkj
czp
cuq
rlo
qyq
qjq
qbd
pyj
pxg
pky
ouu
oqf
ogq
jvj
ixd
iwk
fum
fjw
fgi
fga
fey
bue
a1
8ms
tzw
tmj
rlz
rcx
qgl
qdx
nb5
mpq
lyk
gvw
egl
ahe
uve
ubh
thw
qzp
qmt
qhu
nzt
nvv
mzn
lgm
kkj
jxq
iul
isx
ijr
hqp
hej
fyt
edy
uxy
toj
snz
rze
rwt
rhj
qzs
qqf
lgd
kdw
jcf
hos
hnq
gmn
foa
dawanjiayulecheng
cze
cvg
cnk
uzt
uxn
uqc
tcv
qdr
ofr
nui
noo
mobil
iqi
hvn
gxb
ezf
eyx
byo
aqr
uxj
uoq
uir
tyj
qnh
qan
ohv
nym
nof
mgj
lzk
jij
ivz
irh
hke
fwu
fta
fqz
ehu
uxi
rzt
rtb
rev
qwt
qfx
njh
mmc
mai
ma3
kjk
kdi
i3r
hyq
hyk
hwf
hne
gt2
enz
emn
dafayulecheng
tyy
rfk
nqe
lb2
kjd
kbx
jyy
iyb
gnn
fuh
fto
foj
fiv
ebj
alq
report
qpu
phu
phg
ofl
ns15
nbq
mnw
kej
jhi
jeb
iyl
iyd
idh
hzu
gpj
foh
eax
uxw
sdz
rwl
pev
ocy
nuz
nhu
lii
jabber
izu
hvi
hqm
hhy
gzb
exn
ekl
axl
3nz
qjr
qhc
oxt
oky
nqu
kbt
hzc
fzy
ffy
fb5
ezx
euj
eiv
dns02
deh
bhe
awz
utx
uqu
upv
uja
rkv
qrh
nxa
nn3
nky
n7r
mfk
m2g
lc4
fuu
exch
ckh
uvg
rja
qzc
qnk
qgt
nfi
lwk
jinpaiyulecheng
jh5
ixc
ivk
ihz
elq
ucy
sxr
qzr
pyq
hybrid
hgv
glj
fvo
ejq
e3n
dz3
dsc
cvz
axr
uyv
uhb
twq
rjm
okx
nz7
jto
jqq
gzl
gg1
dcy
coj
cbq
bvq
aoj
9tb
umz
si4
nyv
nty
jlq
hnk
giz
fhu
evq
ecq
ebq
cqh
9rt
u8m
rqk
qjl
pxm
pej
oxo
ov2
oqg
ngk
mail12
jqf
4iq
ub4
ryi
ogz
nqc
manhadunyulecheng
khe
jqn
ily
iii
fcx
baolongyulecheng
a2z
8mg
urv
upe
tqh
stu
pg3
node
j3r
hvu
fkz
dat
apm
tyv
rvy
qph
pss
osm
noh
mny
lyv
lho
ijj
hkz
hgy
gxm
gxf
fjg
fhg
eyb
duu
czu
cby
3bl
uzq
sou
rlw
qtq
qkl
psp
p9d
kgn
kf2
jgk
ev3
ecc
c8m
bh4
axo
a8w
uuz
urn
oqh
ofg
nwq
jof
gli
bzq
biw
9tz
uex
ry3
qzk
qvb
qkt
oxq
ngj
ncq
img3
hr7
evf
3vd
uvq
gqh
fzi
fv9
ezg
dig
bl9
bar
sg1
qtn
ofv
hd7
fu9
czg
a6d
6mc
1vd
tnq
rkw
qff
o1.em
bw9
8li
7tx
1vn
sfo
sav
qx2
qfo
oyx
bzi
uxv
otj
hyu
h1t
ghl
fg1
bvy
671
4dl
sol
rd8
qzl
pip
pal
lqo
jxm
hje
dfy
df9
unj
tiw
qju
mailx
m4x
jkv
fw3
ch6
a2s
8rb
759
tem
qnt
our
mvy
mvq
lfq
hotels
ha4
dd7
8pm
tqz
o2i
ccp
c2e
721
4eg
uzm
tz7
oil
d1b
6yy
3bb
v9e
t5t
group
gb5
cld
b9e
az5
7nv
5lv
4bs
3vi
t5l
rqv
iwj
ay0
adc
ujx
tl5
n2r
j8q
i8a
i5z
fzw
c2y
8qx
uag
s8e
qkz
ofy
h9l
eaz
bocaizixun
rw2
rb8
lvq
fw7
b1i
4cn
t8s
p4y
history
cpm
cec
blr
5rd
to8
spy
rc5
je1
g9q
d1r
8nl
p3a
nd0
mirror
hqk
gm9
fg4
c7b
5lh
u3z
e6c
9nn
8ty
6cw
oc5
j4n
f1v
ans
aj6
ah5
6aw
5ht
4lb
s1d
f4a
7aa
6uu
6nk
3ma
3ba
g8c
f7z
c8y
b6v
b2p
4ab
1jz
ty
to0
ncc
kkk
je9
g2m
fss
cpe
976
6gm
v8b
uf2
tlc
q1f
pdm
c5g
2yh
2wf
1wv
1pj
tl
pgp
md7
g1p
dz
7jz
7jm
2bi
p7g
e2u
bill
a4z
8qv
8oq
5ri
2dl
1uv
1is
s2t
qe9
j6l
gh7
cj2
8re
5xy
5rj
2ga
u5p
tf8
gl6
gk8
bit
9sa
9by
8hq
4nn
0ez
uf1
u4r
tu6
tg
ptc
jj
il7
hi1
gts
gl5
gcc
8jx
5ij
4cj
1cc
0om
v5h
t8e
n2h
m4r
ih9
i0y
5xi
2wj
2bq
q6t
p2n
p1m
h2y
asd
7yj
6ih
5vy
5na
3dy
0ut
0sv
ti7
oj2
o7t
ns21
k0a
i6y
guizuyulecheng
5sd
2wa
v2a
of4
kel
ep6
9ue
978
7bx
1gl
phi
oa9
ke1
8hp
usr
j4h
isa
9xu
7te
4id
0wf
0so
snj
rho
r0l
psy
nm8
mie
jy0
ew9
e2r
6xj
63w
1su
0je
r0y
on0
3oj
36s
jv0
c2x
8qz
6kj
0xq
tsa
tea
s0v
q2c
nv6
nq0
ke3
g5z
eml
dy7
china.addbaba
c5i
7ub
dmc
reporting
qv7
q4l
not
feilvbintaiyangcheng
cx
cde
7wh
6zd
5pi
2sz
pod
m7y
ifs
gb.cri
e1j
ci7
boo
8aq
7na
5ha
1dq
0uh
s7f
ncs
dox
6dr
3ja
0at
sk
mex
egg
cop
6pn
q0h
n5k
7ce
5bm
2fz
1ni
v1i
par
msi
mra
5vw
0gv
shengtaoshayulecheng
m0z
sti
mg
8kj
0ty
stb
cl
o6l
ima
domains
letoulebocailuntan
ada
das
bal
px
ive
ged
frp
3s0
epo
ap2
sfs
pmp
nvr
som
stm
postmaster
gnu
rmt
mob
kay
pws
portail
huangguanwangzhi
foto
fdb
tsg
gsd
cht
bib
aga
msu
jinduyulecheng
ehs
tpb
nt
chn
stp
internet
phx
cmt
ago
sf1
nsm
domain
bps
hun
eve
del
smtp02
iep
dpp
cy
cgs
aac
tech.qq
baijialeluntan
flo
dxz
tri
aml
nts
nexus
aaa
sto
ris
jyg
ira
bob
bwc
tre
saa
pr
edu.cn
dip
can
gcs
aea
sad
kvm
fg
bop
ala
rpa
mt
gr
epg
lilaiguojiyulecheng
bocailuntan
aka
slx
sir
ods
kas
dao
spm
pdc
nst
bom
att
sww
mtb
dsp
add
tcm
rcm
mxe
mtf
sta
rdr
adt
mid
def
bdo
rtl
hst
eap
trd
nhl
dvr
djj
cmb
bugs
cfm
arp
uts
saf
mls
ies
hrd
ebm
cph
cfg
bes
aya
ait
pwr
pcu
owe
itb
dm
teo
cub
mri
ddr
npo
ipe
emo
tek
swc
luz
press
pnp
lnd
gwa
aomenbocai
tour
ori
ofx
koi
dea
qxw
bra
boutique
fdp
baike
sendy
ipn
cfo
cer
83.148
skc
ict
fee
spf
ph
pdp
mmd
fex
dow
ddt
serv
relay1
pve
links
node1
gan
fls
dab
tdm
mim
aag
twc
res.leju.com
qianyiyulecheng
hsh
eon
avg
sil
aomenbocaigongsi
uis
tep
streaming
rim
nsi
gsi
gfi
dsf
ctp
cau
serveur
nie
ici
cpa
mrt
dnl
cte
ain
phpmyadmin
isy
bsd
asw
lgz
dsl-dhcp
uni
s6
pbm
lbc
gmp
dom
tbc
rtv
jlc
bon
bms
abo
nan
mga
lws
anp
alumni
obc
o2.email
next
isd
brd
tzl
ppv
omx
hfa
phs
eec
eai
sri
spd
sge
pfr
kip
kca
fdt
did
coo
bcr
bbt
upl
tvb
ra2
nrs
gik
amr
aee
smk
mhc
iad
cdo
brb
srt
nbs
nak
ela
eee
dvt
soe
rmi
pwi
nem
gls
botiantangyulecheng
ugg
svm
ois
nws
jgs
igc
dmd
cga
alo
slm
ote
nik
kss
jul
iom
bks
aew
tbn
rvv
nca
mps
lpz
gsu
gpa
dcm
acl
trh
sct
ppr
nyx
nlx
imu
gwd
dsb
txx
scg
oye
ngs
mbl
may
kus
hfv
dnh
btb
snc
reh
mab
broadcast
umu
snp
pgs
mso
ikc
gip
bocaigongsipaiming
bfg
awx
apf
tpe
smtp5
sgh
rco
mcd
bln
awf
apx
agb
upi
tlj
jbh
hry
ess
eku
cay
aef
3uyulecheng
lie
kdb
kav
jtr
irp
ilc
aio
afm
abp
ttl
tpr
sjs
rs4
mct
lsd
dcf
vbh
tmk
rbr
rai
pmb
oab
mug
mail13
kac
gme
ful
ede
bde
txy
ria
hjl
feb
biq
tow
ree
nmk
mut
mir
hzj
gcu
bocaiwangzhan
usu
tef
tcs
ska
shishiboyulecheng
hyd
how
fse
dun
cxp
cbd
sek
pio
mbb
iea
gtb
sau
qcc
pti
pte
kmk
hpv
flx
dbi
bnb
bfh
sgx
quc
mwu
mqi
mau
lbn
kpl
gsm
cgg
cbn
btp
amu
afl
tbv
svp
rsv
hlf
gfw
dub
cnr
uav
swy
seq
ny2
kls
jpg
iyg
hsv
her
hdv
dld
txf
sw3
spn
pnd
lhj
juf
jm
hc
fda
eea
dgw
boi
bnt
aeo
255
tla
rtz
ms8
jcs
foc
beijing
ano
tfx
qon
p12
nya
mam
lua
btv
bab
twp
tvl
rhl
qdh
pna
omt
ocl
la1
ibc
hsr
hlm
hec
gad
bzk
bsr
bse
boz
bnd
aqg
ssf
nbh
mjc
lwc
lth
gsw
gkk
dxt
dgi
cjs
brz
tgq
spk
sdw
rav
mng
lsl
iix
glh
dsq
cot
ail
tbh
sqp
kyo
iti
etw
sqc
png
pfn
okm
ntf
mwm
mun
lg
jys
jpz
jiy
ipk
ign
hxf
hsq
hbb
gnc
dpb
bxp
aie
ack
ppi
mnl
lsu
jie
hp1
csm
bdt
tfc
rhx
nxv
njl
mmw
lyj
lx
ilm
hgs
fcp
ahu
qrp
ptz
lau
jpb
emd
een
dpo
bni
9jj
tfn
sud
rxh
rdw
phf
odk
mail-lima
kiu
etu
etm
day
biu
abh
333
tmn
pnh
nfs
msv
mcc
kao
jca
h5
gua
gbk
fkg
dqa
ugr
tta
owm
ore
mcl
idt
hte
fnp
fba
eor
am1
tof
six
rzd
rhc
rft
pek
gcl
eio
dbu
cmj
clr
bhj
baijialequn
avr
tbm
snt
sb
pdu
obb
oai
nz
msy
jrs
jmt
jdx
ium
ioc
hdg
hbo
fpr
enp
dwd
ckp
bzm
azx
abl
tx3
tpf
qsq
oer
odt
mwe
juc
jtf
fur
dlv
bce
amv
tsu
mvk
glu
flr
eut
education
aqy
tms
syr
swk
sob
rrt
rin
qcs
ksd
fjt
fem
esk
cbu
vav
tsf
tpt
tnb
sli
sdj
ouw
iwe
huu
hei
daq
bjn
baijialedaili
vbv
uio
thg
sgr
pxp
pku
ovi
ohs
nzl
hrg
fsj
eqi
dpl
dlg
bhu
aji
aft
tup
muk
kmu
jnh
hws
gqo
ftn
books
tfq
swu
sqq
rgn
oug
myo
lid
ibb
fwa
fbm
ebe
cch
cacti
bhm
ult
txz
tsb
tnv
tjb
stn
srb
sbp
sbl
pur
psf
pil
opd
nuk
mtw
mdr
ied
hwz
cxy
bui
bso
bgg
uyp
und
udm
studio
rjh
mbo
llc
kgg
jlp
htx
haiwangxingyulecheng
gwb
gor
ggm
geg
ewt
euw
cn.yahoo
bsl
bocai
ahk
adk
umn
qrg
pae
oqo
myq
mic
lvx
kaq
jtv
hzf
ggs
ene
aby
tgj
s64
ryw
mpd
mlx
mat
kgb
jlk
hmf
gww
gpg
fol
ckr
cbz
bwh
btf
atk
uus
ugw
tmf
smp
psr
pef
nfh
nct
mobility
mhp
md2
mcj
lum
kmm
ibm
fla
edw
db4
usv
tjj
registration
qss
qme
qge
ovc
oks
odb
nkg
nff
mqh
mjh
lzd
lxj
inj
gwh
edg
dwl
dpd
ard
adu
vam
urm
ttd
taa
suc
pkp
mx13
mub
lyr
kqa
kki
jzy
jww
hhd
gvd
ekp
eel
dyd
czh
baf
vbj
taiyangchengyule
qdv
ovq
nzz
nln
lva
lnt
lhp
jxi
ioq
iia
hbn
gkb
gca
esr
ejf
dba
cjy
bjj
bif
axh
sgk
rbm
qlc
qdg
qck
ozk
oli
nyg
mxb
lj
kfw
huv
fjl
eza
ccv
byq
blk
bhd
uda
ttj
tnl
sck
pt9
psh
mkb
jts
iri
hzn
hta
fnd
efr
cji
ayg
arq
uka
tum
tm2
qxv
plb
pdi
mx15
lpf
jyn
jnc
fvc
fmd
eqa
dys
dwt
djv
cyy
avu
aql
tya
tso
thd
tfi
rui
pib
ojb
nbp
mef
mdw
kye
jvx
jfx
ivx
iop
eqr
epd
drn
dkr
cnw
ayu
sly
rqo
roz
oub
nzf
nyu
nko
kvb
jbc
hjc
fhr
ezy
dru
daj
uvs
ula
txg
tdh
rvz
oea
mrl
jrh
jbn
hxb
fjc
eiz
efx
ds5
bvv
brk
bnx
ajg
253
us7
udi
trade
tmw
qac
mail20
lbt
krq
jvp
jmn
jfr
imq
ilp
hqw
hhm
hgg
fxe
fnz
epv
dyx
bsy
bov
axz
ahw
107.178
utk
thc
rnn
omb
myz
kgp
jjf
jav
hsz
hnn
hjb
gut
gdn
gbb
fxf
exa
emy
emk
drj
dhy
ctg
awc
uyz
thb
rvq
rqy
qwu
ptj
ozy
nux
iov
ich
hwe
hln
eup
dkc
direct
dhf
cxt
cv
cqt
uhh
udj
tjd
tgf
tge
slo
qoj
pdw
owv
orm
nte
mzl
meo
kta
kqo
jhr
ick
hxr
hgx
eqw
dnz
dmu
diq
cef
bvm
apj
aiy
tml
rfv
qth
qka
pkl
ond
oaf
nnf
ndr
ncx
ljp
jwo
jqy
het
gvy
gqs
gae
ffr
dii
ayl
vbt
unf
umy
tmv
rwf
rjr
rfm
qfv
pkw
pkd
phv
pbv
mqb
mnd
kia
jks
ixb
hok
hbd
gwt
fkm
etx
dxp
bdu
aqc
ajr
uji
uay
tkt
sqd
rvb
rng
quo
qqo
pja
ouo
nzp
nyk
lhx
lfm
kui
kgq
kcd
kbj
jlf
gug
gbw
fhp
ezh
esy
edh
eal
dro
cgx
bkt
tzg
srm
rnj
rmh
rcd
qco
pff
oxe
omz
mqg
mf2
kna
kiq
jsz
jch
hye
hph
hfj
ftj
dw1
dli
cyz
cgf
uzb
unu
udp
two
ttg
tpd
syj
ryt
rrj
ojj
oaq
jso
hcf
haq
ekq
drz
diu
ddv
cke
bsj
bpq
biv
bef
aak
2ch
tnx
tgc
scc
saturn
rrz
qba
pmr
lub
kqx
kni
jrg
jrd
jc
iku
ifr
hnb
gwf
grx
gff
gfc
fth
fm1
fci
eny
efb
bcj
as6
uiy
uhd
sgf
qog
qdf
ppo
mzf
lgr
kll
jix
hdr
gpd
foe
fmo
flk
eux
eno
ekg
dtk
bby
skh
qgb
puw
pjd
mwq
mqo
mho
lir
kvn
kly
iog
inu
htg
hng
gub
gb1
gaf
fme
ckc
cjd
chef
bng
bfy
aey
umr
ufm
rzz
qgu
pyg
pxb
pnu
okb
nnj
lvj
lel
kwp
jzd
fnn
fmf
eqz
emv
cth
ajh
tjc
snl
pul
pfj
nkm
magazine
ktk
keq
jrr
jns
jnm
iob
gyh
fvr
dmj
cmv
ckk
bjz
aqx
akw
ajt
tug
sqr
rzg
rvh
rmw
qzh
qmp
qlt
pww
pvu
poo
nma
nde
jzb
jnb
ivt
itu
inm
hyi
hxs
hew
gvb
gll
gew
fks
eij
bya
bfz
aqo
uib
uhy
tjl
saq
rwo
rif
pxa
mz
lrf
lhf
kqi
knp
jaz
inr
hhl
gmz
dmf
cse
cpj
c1
bpv
vaz
sll
qsi
qey
qdu
pzv
pc2
nx3
men
kwd
khm
kgc
jxy
jph
jbf
iqq
hjr
gzc
gyd
glb
ggv
fup
frw
fjx
djf
cih
byz
bgn
app2
uqy
uau
twr
toi
tdw
suq
rtc
rge
qpr
qmm
qjp
pwf
puf
oir
nxn
nlf
khi
jyt
jjm
jhm
iwm
iex
gqv
gqg
dt1
dri
dhu
cxf
buz
uum
ujv
tky
rop
pfq
opf
olr
ncj
lmw
kzg
kso
kib
jud
jls
iqt
iqf
ifq
hkb
gzo
fku
ekj
efi
dcq
caj
bkk
ayy
ahd
aay
ugt
svv
qle
pvg
plk
ock
ns20
nmz
mzm
lwp
lrn
kbh
ilr
hvc
gwk
gty
dxc
dp5
diz
dgk
cxc
bqc
bho
uqm
upx
ukb
twf
tp2
st8
skn
sjh
saz
rvc
pacs
oqy
ojf
nvg
mzt
mdv
lxq
kxa
knk
kjl
jjv
jer
jbt
igv
hto
hcx
gvz
guq
gmh
fvm
etq
dqw
bup
aye
uwg
uep
tau
rhq
qvo
pas
oev
nxj
nsx
kwt
knv
kbo
jaf
iar
hwp
hcy
gzg
gcx
fsq
foy
fjp
ebk
cjl
bwe
uju
ujp
ubq
sxe
sqw
sjp
rzs
rkm
qvx
qta
qmv
qee
pzi
ngu
mb3
lwl
lox
lnj
jjw
hxa
gfk
fsy
ffu
ebf
bub
brr
blw
azf
aeb
uoa
srj
rjn
rc3
qtr
pkr
oyv
otrs
ooa
ndv
kqu
jse
jcy
ikq
hpj
ghi
fvi
and
adj
925
ryl
rya
rjx
ouf
mzq
lde
kpy
jor
jhe
jdv
iru
ioj
ifo
gzw
gjz
ehz
ctk
ckb
ak1
aju
uwf
uql
udh
sjo
rvj
qhr
orf
oho
nev
mvr
mjf
lru
kqj
kkh
kfd
jxv
hyr
ggk
fxb
dhe
crk
cnu
cno
asj
tzr
tcj
ssz
rzx
rxl
rs8
qma
phq
ozo
oyh
luj
kyu
ktg
jzn
jsx
jka
jhh
ihn
hvw
hlz
hbw
gkw
gki
ggd
gdd
eov
efm
dkx
d9p
498
unp
umv
uil
tqd
pya
ppy
pka
oiq
mwx
mgq
lkm
lbq
kfy
jqk
jgb
jaq
hzd
hup
guu
gqr
eys
eot
ema
dyl
dgf
chf
uyc
sji
rwh
rof
qpp
otw
orh
nzs
lgo
jge
jbu
iiq
dh
bvi
urj
shanghai
qvf
qcr
pwo
pfg
peu
otf
nru
mkq
lwz
lto
kgj
kdv
jjg
iqe
iiw
gul
gkd
ggp
fxz
fm2
dfu
cha
awk
uwa
uct
szr
qgx
puo
oys
klu
kau
jzk
icx
hwk
hqb
hb1
gbq
fqq
fqi
eui
ckn
bvz
umj
uho
thy
tbu
rra
rhi
qx8
pi2
pgk
mingzhuyulecheng
lwn
lbk
krn
jye
iwd
hyz
hqx
hms
fhw
emh
ccm
bve
ajl
uhf
tqm
tke
sjy
rx2
qrs
qrf
qbf
p2c
orx
ohl
ogn
oft
ns22
nnx
lzs
lnz
klo
kkq
kbz
idx
hqt
hgd
gav
egr
cxw
bg1
uxe
utd
suh
rup
rgt
rbo
qwl
ory
mtq
mne
lxt
luf
jpq
jpi
jmz
jlm
iwb
goj
gne
gii
gbn
fn7
bzu
bpe
aul
apz
uvv
syz
swv
rwb
rmr
qbs
pbq
okn
ohr
nyp
nlz
ndq
kqe
kgu
jyi
jmf
jla
jhq
jgl
jbm
ird
ilw
ikj
hpc
hkx
hka
h76
gnb
fzs
eyh
euu
ekx
cnf
aqv
txa
rzi
r3l
qsx
qjz
ov4
nqj
lhw
jgp
jeh
iqn
hsj
hqj
hoq
hlk
hkv
gnj
fzc
fnq
elo
di4
uwd
uua
uft
tzi
txc
toq
thv
smz
rii
rgg
qkc
qij
qcx
qbr
ppj
pcz
ouz
oor
niy
miw
mej
ltq
kbq
jfi
iwl
ikw
ide
hjw
duz
czy
cz1
bgx
bdw
bay
3db
tlq
rlm
ppq
ohy
nw1
nli
lcj
khn
keu
jrl
im8
ihu
hxy
hv5
gqz
fji
eji
auu
uvl
uto
tnu
tcq
sxw
sx1
spq
rtj
qve
qlr
ohz
ndw
mxk
mwv
mse
jaj
ifx
gib
ghj
ggt
ewy
eoo
ekz
ecz
cuk
bnu
axn
uuj
skx
sk5
qiz
qfk
nyh
mwj
msn
mlz
kmv
iqd
hxm
hva
heq
evk
dz9
dau
cjj
bcx
atj
v3f
uxk
uvf
ulv
tiv
scx
rqn
rli
qxm
qlo
qjb
qcj
prw
okj
nwx
nkt
ngf
lvu
kvz
fbw
esc
ehf
dvo
cfu
ufx
ua
rro
qgm
nyy
nyo
nnb
mxq
mvo
mrq
ldq
jri
jku
ist
ion
goh
gjw
fgl
ezm
cfk
beq
489
uxo
ubd
qym
ozg
owr
orq
nzv
nme
luw
ljk
l8n
kyk
kqb
khc
jbo
hjm
hbq
fch
ecv
dn8
sp4
rgq
quz
qur
qre
qji
ohw
oex
obf
jkp
iwv
hqz
gr4
ci3
cej
bqb
bgu
aomenbocaiwang
am4
641
268
tzo
tt3
ss9
sca
rzm
owx
oeh
ocq
nd
mwr
kzj
kjw
khy
hqu
gjy
enj
bzw
bpu
ajv
4ai
uxu
utq
ujt
uey
tzv
ts1
s8u
qmq
oox
ool
noz
lzu
lr9
loi
lkc
kzw
kxt
jir
hru
hhk
gbo
fzg
epq
emz
edz
dgv
bf0
uzy
uvx
udu
rcy
qsz
qnc
oof
nna
lzq
lfi
ld2
gyb
gfy
fnw
fih
ewn
ehy
cyn
4be
vay
uub
uod
ulr
tql
sogou
ryj
quh
qlj
qfj
nmn
kfj
jly
jkk
jif
jao
ixo
hju
gnw
ckz
atm
akd
5rh
uux
unx
ukl
sxq
svy
rkp
rbw
qrk
qmz
qjf
qhi
pxi
pgq
np
nkw
lf
izx
fej
f5d
dag
cz3
bwz
az1
uxs
utz
umh
ugu
tkg
smart
qqp
qm1
pzy
okh
na8
mnn
lym
lbu
k4k
jcq
iyn
3rx
3bh
254
v9f
uov
uiw
uez
ty1
rle
rfu
qrv
ovf
okr
oij
mailbox
klq
jtw
jfe
jce
ikv
iin
hw8
fyo
eyd
ehx
duw
cvj
uzl
uue
temp
s3t
rqe
ohh
nuv
nji
mlq
maila
l9d
jlg
ixu
ilz
eex
cyv
azw
axb
9jx
uzp
qdy
pmj
pi3
oif
odz
kqn
kke
ka2
jcn
ht3
93v
1ff
ucv
tuf
tkw
tdy
t4v
t3h
qwn
qvd
nbw
n4u
mapaiyulecheng
kbg
jod
izp
izc
ijw
icc
guz
grc
gcj
exr
cxb
bza
bo4
auo
583
udq
s3b
qgp
pqc
pim
ob6
nt8
ngy
lv
idq
hl6
hik
ft7
fqu
fqf
e8m
bo6
9hs
3lz
3jx
v3w
uzz
uly
ta8
svj
rpy
rnk
qvl
ohj
ny4
nf8
mnf
kfv
jvk
hxg
fhy
dq4
doq
axd
0iy
private
ofh
nyq
nv4
jnq
ig2
fcy
dl2
c4s
4qa
uwb
umq
si1
qky
p4p
oxg
oqt
ofj
njn
ncz
minecraft
ly2
jji
iqj
fqv
fjo
fcz
e8q
ah8
804
621
2ws
qnb
pzs
pzc
pqy
pqh
ngh
mx14
mpi
kq6
jke
hx4
gzi
gno
cxl
bl2
aqn
aq8
a3k
4oy
uin
rkg
onw
og3
lr5
khq
jzo
gxa
guh
f1b
dxa
dvu
cod
bg3
ad8
5hn
thor
t7j
sjv
qxl
qrn
qkv
ptq
nmj
jc3
hxq
h9p
g3f
eqn
dql
c3u
bk
4dc
3gm
ts0
tm4
ti0
sn3
ruy
qrr
qlq
mhv
lw
kkn
ipc
icz
hzk
ek4
cdc
c4a
bailefangyulecheng
ba3
a12
9bn
8lw
7dd
718
611
3nf
rnu
psc
p3b
nn7
nm4
k9l
j9t
huangguanbocai
gzn
gxg
gcp
azv
atc
7xh
4sz
uqx
tuh
sy4
r5t
qvm
qsf
qnj
olq
iiv
hxk
gql
e3x
b4a
9xj
1rr
tqv
tjo
qjd
okz
kax
h9m
h5x
god
dh5
7zl
77p
2lo
s9d
r9h
qmj
ox2
ojw
o8z
mg6
lxu
lqe
izg
gqj
gq4
fxi
eyv
e9e
dvq
dh7
c6f
bqn
bd9
b8m
asl
aj8
ags
a0c
usx
t8m
qzu
qrd
po9
p5x
o4m
nac
n91
isc
e4t
ck3
au8
a9d
3ms
uf4
u9b
u4s
so5
s9t
qyv
q8r
pjo
otx
njo
jqv
hd5
fkx
efz
ef4
cic
bz7
az3
4tj
4gu
3kz
3fm
3bp
ujg
qw2
oyt
oqn
nuq
mu6
mijn
m3s
letiantangyulecheng
j4j
hgu
9yb
9nb
9el
8kf
8gj
tl8
t9l
l1j
it5
hlq
fyu
e3i
den
cwc
c4u
bp9
b8f
aj3
a1s
9wy
5fj
5dv
4kb
4ev
1cz
uwj
r8r
qvz
m2t
hh8
hg3
do7
bwg
ab7
9rj
8vb
7we
7dh
4wu
4ii
3vr
2mq
s3q
np3
n9g
i6l
f7x
ee4
cda
cbc
b8e
4is
t9s
smt
sg6
sdy
s1m
rke
rh7
re9
pm6
p8j
nu5
kf6
iql
hl3
et4
e4n
bt4
9jq
3su
2bc
u9e
tw4
sk0
qw4
qk6
oa8
mgt
m6w
m3
lco
k9r
i3u
gp4
bq9
blue
ai1
8yb
6vf
4rg
4kc
3br
307
0sa
t4m
sxk
q4o
on5
nut
g3j
d1l
b8v
b2u
8nx
6gs
5xe
3jb
2oe
pci
p8t
lf3
g8h
eshibo
cn8
a2
9ru
9ri
8yi
8wx
4dg
4at
2kk
2ao
0wc
0gx
s4l
q3u
products
ee5
bea
b7t
a8i
9yg
9hk
9dx
8wq
8sa
5yo
5as
3kl
0wv
0hg
qav
kl3
j6k
g4w
fj2
e6q
b5t
8fz
7cf
6rr
6py
4jm
3ax
1ti
0yi
0wu
0eg
up9
s5q
pp4
p1q
o2m
f4g
f1y
8ba
810
6of
6jy
5vb
3dh
2xu
u8p
t6s
s8o
s0s
qd0
pbs
o1a
nk4
fd6
f3c
f1q
a4r
9tn
9ay
8op
6sf
5fm
444
3vs
1nz
vb8
uy5
rpm
qo9
n4y
m0q
hvk
hr0
h7r
gd6
fy8
b1p
999
8fj
84i
6fx
5oc
4lt
3uz
3et
3bq
3au
2nv
1bf
0xi
t4n
r8i
qj4
pg8
oz9
ou6
od5
n1n
j6j
h8m
g9s
g8k
ew4
blf
apple
9wn
9qp
7tk
7of
3bf
2oq
283
0zm
0wd
tx
ti5
q3v
g9f
customers
6ic
5zv
5tp
4aj
3nk
r9k
qg0
mz7
k1q
b5z
9wb
8jj
8go
7ke
7ad
6pw
4db
3wh
3cw
3ck
1qt
0lv
0cm
ta0
s6o
q1i
ob0
o4k
o3t
l6z
k1n
i5q
h2r
cloudflare-resolve-to
a6u
9jo
8wv
6ub
5zs
5xu
4vh
2ht
0tv
px8
o3j
ld
ii8
fs1
f8k
ey1
a8p
9si
9ee
7gq
3ni
3mn
2wn
2lv
1tp
1kk
r2y
p6y
oq2
moo
k0i
jj8
ha0
f8m
eo5
e8h
e5q
c2w
by4
b0f
8sr
4bc
3gg
1ou
0ig
u9t
t5g
qw5
q2e
p4w
p4t
nd6
n5i
kn9
ig5
i5m
f6c
e2h
cl0
9bo
8qg
8cx
6ku
6bn
4sq
2jr
t7n
so9
sl9
r2a
q1c
pics
n4i
mu0
jjyulecheng
ivy
g2h
ft6
ek2
developers
cd9
c0q
aps
a9f
a6g
9cn
6rw
6ec
5gt
2zo
