www
mail
ftp
pop
smtp
localhost
ns2
ns1
webmail
webdisk
cpcontacts
cpcalendars
ssh
test
cpanel
whm
ns
new
pop3
mx
old
autodiscover
imap
m
ipv4
autoconfig
forum
dev
shop
admin
ns3
vpn
en
dns
img
it
demo
blog
mail2
wiki
ns1.rus-dns.ru
ru
crm
ns4
de
stat
es
fr
mx1
gw
lv
cz
mx2
spb
uz
dreli
support
test2
sip
sftp
api
web
relay
kazan
office
samara
video
lk
files
krasnodar
cloud
portal
perm
omsk
1
wap
my
home
saratov
d2
novosibirsk
volgograd
chelyabinsk
test1
news
d1
mail1
krasnoyarsk
irkutsk
beta
adm
tomsk
mta
ekaterinburg
ufa
redmine
info
t2
e2
e1
www1
server
voronezh
tula
penza
kemerovo
barnaul
vladivostok
kirov
belgorod
promo
post
izhevsk
www2
billing
proxy
jabber
vladimir
help
dns1
chat
yaroslavl
dns2
service
rostov
1c
kaluga
e4
e3
vologda
zabbix
lp
hosting
git
eng
stavropol
chita
ryazan
surgut
murmansk
s
cp
a
smolensk
ulyanovsk
habarovsk
mobile
lipetsk
f1
tambov
online
orel
msk
ts
tyumen
main
v2
kurgan
bill
myadmin
2
abakan
gate
f2
h1
test3
voip
tolyatti
h2
media
saransk
corp
tv
email
photo
g1
g2
arhangelsk
sterlitamak
catalog
t1
mysql
foto
kursk
vladikavkaz
backup
wp
orenburg
t
pbx
db
owa
static
in
v1
site
i
sochi
pay
angarsk
svn
s1
ns2.innino.ru
ns1.innino.ru
auto
ns5
work
tver
mahachkala
v3
t3
seversk
cs
root
dzerzhinsk
severodvinsk
novgorod
miass
biysk
salavat
ivanovo
b
v4
nsk
meet
t4
berdsk
v5
edu
cherepovec
cdn
job
client
speedtest
vk
ntp
t5
game
host
astrakhan
anapa
reg
seo
moscow
e5
srv
doc
t8
cabinet
artem
v6
t6
bitrix
v9
panel
bryansk
v8
t9
t7
store
lyncdiscover
app
v7
radio
market
e9
e8
e7
e6
r1
partner
engels
jira
pma
dom
minusinsk
irc
cms
lib
design
games
vpn2
school
local
moskva
prokopievsk
kaliningrad
ekb
dc
monitor
mezhdurechensk
ulanude
f
cat
r2
conf
gen
av
0
rdp
cheboksary
kostroma
i1
belovo
3
no-cache
nikolaev
d3
myski
stats
slavgorod
osinniki
j3
sale
jd
tashtagol
r3
kaltan
sport
sms
start
mx3
jb
test4
shepetovka
ntagil
file
bataiysk
tn
ftp2
chapaevsk
yfa
yarovoye
st
spasskd
ja
j7
j2
i0
hmelnitsky
dialin
anzhero
t0
pda
novokuzneck
j1
s2
kiselevsk
je
kstovo
iskitim
ns0
mail3
jc
gitlab
f0
cacti
art
temp
r0
r
mb1
jf
j6
j5
j4
zarinsk
k0
j9
j8
j0
e0
docs
d0
aesm
zhigulevsk
n
p
novodvinsk
map
kopeisk
nn
monitoring
leninsk
krasnokamsk
balakhna
novoaltaysk
moodle
time
shelehov
mihailovsk
krasnoslobodsk
download
d
novorossiisk
aksai
volzsky
sp
novokuybishevsk
noc
ishimbai
c
exchange
boxs-pool66
remont
nagios
e
ca
mon
iptv
pskov
zakaz
do
w3
sd
magnitogorsk
live
direct
dev2
rt
music
base
podolsk
petrozavodsk
m1
wifi
mp3
top
project
lists
helpdesk
master
gallery
opt
ns6
w
test5
yakutsk
astrahan
tumen
terminal
taganrog
med
pro
landing
tech
ip
v
storage
lync
ds
data
sevastopol
bratsk
travel
m2
lab
update
club
rostov-na-donu
rabota
mebel
dir
search
fs
cam
asterisk
otrs
b2b
webinar
nizhnekamsk
modx
mag
conference
bbb
vpn1
nizhnevartovsk
syktyvkar
o
control
ad
pm
block
vip
router
magazin
kolomna
ulan-ude
orsk
www3
taxi
krasnogorsk
board
love
images
himki
phpmyadmin
4
avia
vm
