www
mail
ftp
pop
smtp
localhost
ns2
ns1
webmail
webdisk
cpcontacts
cpcalendars
ssh
test
cpanel
whm
ns
new
pop3
mx
old
autodiscover
imap
m
ipv4
autoconfig
forum
dev
shop
admin
ns3
vpn
en
dns
img
it
demo
blog
mail2
wiki
ns1.rus-dns.ru
ru
crm
ns4
de
stat
es
fr
mx1
gw
lv
cz
mx2
spb
uz
dreli
support
test2
sip
sftp
api
web
relay
kazan
office
samara
video
lk
files
krasnodar
cloud
portal
perm
omsk
1
wap
my
home
saratov
d2
novosibirsk
volgograd
chelyabinsk
test1
news
d1
mail1
krasnoyarsk
irkutsk
beta
adm
tomsk
mta
ekaterinburg
ufa
redmine
info
t2
e2
e1
www1
server
voronezh
tula
penza
kemerovo
barnaul
vladivostok
kirov
belgorod
promo
post
izhevsk
www2
billing
proxy
jabber
vladimir
help
dns1
chat
yaroslavl
dns2
service
rostov
1c
kaluga
e4
e3
vologda
zabbix
lp
hosting
git
eng
stavropol
chita
ryazan
surgut
murmansk
s
cp
a
smolensk
ulyanovsk
habarovsk
mobile
lipetsk
f1
tambov
online
orel
msk
ts
tyumen
main
v2
kurgan
bill
myadmin
2
abakan
gate
f2
h1
test3
voip
tolyatti
h2
media
saransk
corp
tv
email
photo
g1
g2
arhangelsk
sterlitamak
catalog
t1
mysql
foto
kursk
vladikavkaz
backup
wp
orenburg
t
pbx
db
owa
static
in
v1
site
i
sochi
pay
angarsk
svn
s1
ns2.innino.ru
ns1.innino.ru
auto
ns5
work
tver
mahachkala
v3
t3
seversk
cs
root
dzerzhinsk
severodvinsk
novgorod
miass
biysk
salavat
ivanovo
b
v4
nsk
meet
t4
berdsk
v5
edu
cherepovec
cdn
job
client
speedtest
vk
ntp
t5
game
host
astrakhan
anapa
reg
seo
moscow
e5
srv
doc
t8
cabinet
artem
v6
t6
bitrix
v9
panel
bryansk
v8
t9
t7
store
lyncdiscover
app
v7
radio
market
e9
e8
e7
e6
r1
partner
engels
jira
pma
dom
minusinsk
irc
cms
lib
design
games
vpn2
school
local
moskva
prokopievsk
kaliningrad
ekb
dc
monitor
mezhdurechensk
ulanude
f
cat
r2
conf
gen
av
0
rdp
cheboksary
kostroma
i1
belovo
3
no-cache
nikolaev
d3
myski
stats
slavgorod
osinniki
j3
sale
jd
tashtagol
r3
kaltan
sport
sms
start
mx3
jb
test4
shepetovka
ntagil
file
bataiysk
tn
ftp2
chapaevsk
yfa
yarovoye
st
spasskd
ja
j7
j2
i0
hmelnitsky
dialin
anzhero
t0
pda
novokuzneck
j1
s2
kiselevsk
je
kstovo
iskitim
ns0
mail3
jc
gitlab
f0
cacti
art
temp
r0
r
mb1
jf
j6
j5
j4
zarinsk
k0
j9
j8
j0
e0
docs
d0
aesm
zhigulevsk
n
p
novodvinsk
map
kopeisk
nn
monitoring
leninsk
krasnokamsk
balakhna
novoaltaysk
moodle
time
shelehov
mihailovsk
krasnoslobodsk
download
d
novorossiisk
aksai
volzsky
sp
novokuybishevsk
noc
ishimbai
c
exchange
boxs-pool66
remont
nagios
e
ca
mon
iptv
pskov
zakaz
do
w3
sd
magnitogorsk
live
direct
dev2
rt
music
base
podolsk
petrozavodsk
m1
wifi
mp3
top
project
lists
helpdesk
master
gallery
opt
ns6
w
test5
yakutsk
astrahan
tumen
terminal
taganrog
med
pro
landing
tech
ip
v
storage
lync
ds
data
sevastopol
bratsk
travel
m2
lab
update
club
rostov-na-donu
rabota
mebel
dir
search
fs
cam
asterisk
otrs
b2b
webinar
nizhnekamsk
modx
mag
conference
bbb
vpn1
nizhnevartovsk
syktyvkar
o
control
ad
pm
block
vip
router
magazin
kolomna
ulan-ude
orsk
www3
taxi
krasnogorsk
board
love
images
himki
phpmyadmin
4
avia
vm
tracker
ssl
soft
library
avto
x.www
simferopol
realty
smart
imap4
bt
alpha
z
pushkino
museum
manager
free
balashiha
projects
pr
sankt-peterburg
nalchik
kino
ga
bot
tst
testing
special
nas
hotel
auth
sex
joomla
book
xmpp
tender
sc
repo
new2
ms
go
demo2
bb
sandbox
x
clients
stroy
k
archive
tmp
stage
novokuznetsk
noginsk
armavir
rm
reklama
novorossiysk
lipeck
gateway
almetevsk
a1
remote
ramenskoe
obninsk
norilsk
expert
booking
adv
pp
ex
domodedovo
cherkessk
b2b-m
123
neftekamsk
g
2016
w1
s3
relay2
okna
gw2
ga2
webdisk.test
task
pyatigorsk
link
cpcontacts.test
cpcalendars.test
3d
test6
term
serv
rus
l2
develop
best
5
w2
services
ok
n2
gw1
devel
ads
wm
sklad
dev1
business
a2
volgodonsk
ss
owncloud
murom
mm
bans
sql
rd
print
price
portfolio
login
j
balakovo
b2
alex
syzran
srv1
im
chel
2017
ws
upload
cc
partners
ns01
mc
kids
mrtg
kislovodsk
erp
demo1
books
xml
tools
test7
payment
mx01
kovrov
ftp1
arenda
all
ticket
social
sb
geo
bonus
achinsk
10
tt
proba
plan
nahodka
mailer
lg
land
isp
calc
7
ldap
html
c1
b1
ats
sales
php
money
kz
khabarovsk
gps
alfa
team
sm
report
ns8
mail2.myarena.ru
konkurs
dns3
disk
user
serpuhov
sergiev-posad
rybinsk
pervouralsk
novocherkassk
n1
mob
kyzyl
kvm
finance
apps
2018
rss
noyabrsk
mt
korolev
internet
int
c2
berezniki
agent
stream
komsomolsk-na-amure
irk
eco
css
arzamas
zlatoust
ovpn
ns02
mssql
mailadmin
kerch
da
zimbra
z2
subscribe
public
phone
newsite
l
gazeta
dl
dimitrovgrad
sys
pptp
net
mxs
magadan
list
baza
z1
trade
speed
shahty
opencart
odincovo
novomoskovsk
essentuki
crimea
connect
biz
test8
style
robot
parser
naberezhnye-chelny
deti
delta
calendar
access
9
xxx
webmail.test
studio
orion
log
journal
icq
hd
doska
x1
tr
secure
super
red
rc
ns7
nizhniy-novgorod
max
intranet
imaps
fw
x2
vds
transport
track
sub
relay1
op
nod
mk
l1
derbent
webconf
tour
system
order
munin
mirror
joshkar-ola
32
wordpress
wedding
us
tm
test9
sk
pl
madac
kb
domain
dm
2015
whm.test
ural
ps
oc
mx4
ml
mantis
man
hr
cpanel.test
aqua
agency
ussuriysk
staging
staff
sdo
mega
mars
kurs
invest
hub
elista
clocat
check
cards
buh
webcam
sv
share
reutov
pravo
nat
moto
mail.test
kp
is
host2
h
as
tests
rds
gis
core
ac
2012
web2
users
unifi
rs
pop3s
ns9
novocheboksarsk
maps
evpatoriya
city
ast
anna
web1
vrn
uc
rent
pandora
nevinnomyssk
mg
ks
forums
for
dealer
company
backend
zakupki
u
ts3
torrent
st1
prokopevsk
omega
mx0
mail4
kms
jenkins
drupal
cluster
bg
audit
yii
yar
ww
vidnoe
star
server2
rnd
q
orehovo-zuevo
oldsite
old2
node1
nazran
krd
k2
iphone
front
center
bug
beauty
astra
vp
tp
srv2
k1
ibank
gorod
glpi
fast
copy
ci
bank
arkhangelsk
8
y2
y1
velikiy-novgorod
test12
sun
prof
ogcat
ng
newyear
mir
lms
js
feedback
confluence
andrey
vc
server1
ra
krsk
hasp
event
elabuga
dostavka
dev3
china
audio
anketa
6
zheleznogorsk
vlad
ua
tasks
study
staryj-oskol
prod
obmen
num
novoshahtinsk
nano
mp
md
ma
kredit
kamyshin
hotspot
dima
demo3
credit
blagoveshhensk
bel
baby
xxxtemp
wow
up
tobolsk
td
script
s4
pochta
pc
parts
mb
m45
learn
fish
faq
box
ap
11
wsus
vpn3
trac
stun
pub
history
gw.m45
groznyj
gk
gelendzhik
ext.m45
expo
electro
elec
developer
catda
build
bugs
analytics
12
tjumen
tester
tel
sites
sf
region
redirect
radius
pki
minsk
katalog
hm
farm
dmitrov
content
buy
back
android
abc
777
zapret
webmaster
webdisk.forum
updates
trans
svadba
smtp2
sip2
s5
ru2
nnovgorod
nnov
mini
mailers
lider
gp
fb
dolgoprudnyj
cpcontacts.forum
cpcalendars.forum
click
card
account
2014
telegram
sw
sn
saturn
rzd
ru1
rating
press
pb
newmail
mx5
image
hotels
gamma
ftp.test
dveri
domains
crm2
cn
afisha
01
zzz
webdisk.new
volga
vcenter
tur
translate
test10
sergey
russia
pogoda
oldmail
ns10
nl
garant
drweb
dacha
cpcontacts.new
cpcalendars.new
ab
vps
todo
sync
student
seminar
security
pt
podarok
pics
ntp2
nod32
new1
navigator
moon
mobi
maykop
marketing
light
juzhno-sahalinsk
flowers
education
cpa
bp
autodiscover.test
adfs
24
15
st2
sip1
reports
ns11
links
law
istra
hosting2
host1
green
get
dubna
digital
atlas
111
zelenograd
ya
wwww
wc
watch
voroneg
volzhskiy
vl
vestnik
tfs
syslog
status
sos
soap
rubcovsk
rem
proxy2
profit
pk
payments
olymp
odintsovo
kamensk-uralskiy
ivanteevka
energo
dv
dp
domen
cisco
cars
call
black
az
ar
20
zhukovskiy
yalta
uslugi
url
uk
test11
teplo
smtp.test
sky
shop2
petropavlovsk-kamchatskiy
oktyabrskiy
novyj-urengoj
ls
loop
kuhni
ivan
gb
fin
dog
cab
border
banners
audi
am
23
wood
welcome
titan
solnechnogorsk
sigma
salon
razlog
potolki
play
pizza
pa
one
ntp1
nms
mobil
kzn
kupon
fm
events
eu
culture
crl
cl
cb
b.ns
autoconfig.test
auction
arh
a.ns
aist
13
virtual
vcs
ulan-udje
srv01
site2
sam
sa
priem
pop.test
pop2
oleg
novosib
node2
majkop
krym
klin
inet
ib
edge
csgo
cs2
context
com
catm
blogs
beeline
ap1
ais
zvenigorod
weather
vita
tickets
stock
srv3
space
rest
port
nizhniynovgorod
mts
lobnya
kr
kopejsk
gold
dk
delo
dd
counter
chelny
camera
cafe
by
br
bit
alt
ag
aa
33
wpad
woman
usedcars
tc
surgeon
stupino
spec
quiz
preview
piter
office2
nat1
mytishhi
megaplan
mama
kaspiysk
import
id
hq
hasavjurt
grozny
franchise
food
firmware
fax
example
el
denis
contest
cherepovets
ch
cert
blagoveshensk
batajsk
amst
aaa
22
17
1000
zbx
step
sl
site1
sh
proekt
pi
personal
open
olga
node
nizhniy-tagil
men
life
license
legacy
irbis
ext
export
etp
estate
eshop
english
elma
demo4
ct
cdo
cache
bk
bitrix24
aprelevka
ak
action
yoshkar-ola
webmail2
webdisk.shop
wall
wa
vid
ts2
target
talk
svet
sushi
stranger
stalker
smtp.mail
smm
skidki
science
school3
salehard
proxy1
proshivki
proshivka
opros
openvpn
novokujbyshevsk
nik
neftejugansk
nc
mercury
mdm
mail.spb
ljubercy
lady
kras
jengels
jelista
gw3
film
dragon
dialog
db2
cpcontacts.shop
cpcalendars.shop
bs
banner
arch
34
18
yandex
wwwold
win
voskresensk
tea
sup
show
retail
registry
product
ping
pg
peterburg
pdf
park
org
oms
of
null
nk
msg
mail.mail
m4
lend
la2
jobs
igor
i2
hyundai
fond
door
doctor
dns4
demo5
community
building
at
arm
an
advokat
25
21
2013
2011
2009
vesta
verstka
th
spondylit
solo
se
rezerv
res
profi
nt
nat2
multi
motiw
miss
me
kvm2
kv
kiev
kat
kantar-ts-com
kantar-cn
kantar
intra
insta
guide
fryazino
eset
em
egais
don
digigraphics-ru
db1
code
cm
chehov
cash
bd
ban
backup2
apteka
31
2912
14
zoo
zip
y
word
whois
userside
troitsk
testsite
test15
templates
sugar
soc
sad
ruslan
rr
rms
retracker
pop.mail
pokemon
pgu
pavel
pass
olimp
nss
nic
nginx
next
neo
matrix
magic
led
lan
l2tp
km
kav
inf
hp
health
global
ft
donate
dev4
dedovsk
car
bugzilla
birobidzhan
bill2
bc
bars
asa
articles
acs
37
16
zarabotok
webmail.forum
vks
vega
utm
urist
ts1
training
svc
sss
speedtest2
smtp1
skoda
sirius
sipexternal
sib
sed
scripts
sauna
sarapul
rp
roman
reserv
primer
po
pilot
photos
offer
netflow
mos
mn
mailserver
lt
lotus
loto
koroljov
kia
instagram
hermes
gz
gift
gdz-tut
freelance
fbl
elib
editor
dialupool-1
dialupool-0
dav
bugulma
bsd
brand
blagoveshchensk
beton
baellerry
autodiscover.forum
autoconfig.forum
apple
a.mx
27
19
100
whm.forum
webmail.new
vostok
vit
unix
traffic
stom
stk
sound
skype
shatura
sever
sb.plesk2
re
prom
private
power
postfixadmin
pic
phoenix
orders
om
ns12
mxserv2
mxserv1
mx02
mod
mf
meteo
magazine
m9
krasnoznamensk
kotelniki
io
hg
guest
good
gl
fx
fl
exam
euro
electrostal
cpanel.forum
cctv
bgp
aurora
altay
al
academy
30
we
volokolamsk
ttt
tours
tms
test14
test13
template
tandem
sr
spamass
so
shhjolkovo
ruza
pobeda
people
osmp
orjol
orange
node3
nizhnij-novgorod
nissan
mx10
manage
magaz
lp2
lp1
lift
king
kem
kabinet
jelektrostal
house
hi
gs
ftp3
ford
flower
fitness
firewall
ff
eve
ege
eda
dr
doma
dms
dashboard
citrix
cas
cargo
bataysk
asu
artjom
almaty
agro
41
38
zz
znakomstva
webmail.old
webdev
voip2
utf8
turkey
transfer
tds
survey
standart
school4
school10
sberbank
sap
rzn
rh
rg
relay3
qr
qiwi
prazdnik
pos
novorossijsk
naro-fominsk
nabchelny
mx6
metal
mail5
luga
leto
kub
kir
kashira
ii
gc
gate2
fp
forum2
first
express
exp
customer
comp
centr
camp
bob
bio
bilet
belogorsk
avdesk
astana
api2
anton
44
29
2010
zhukovskij
zebra
zabor
whm.new
vn
vlg
vereya
velo
ttk
toys
text
test18
terra
stud
stop
static2
smtp.www
servicedesk
sanktpeterburg
rk
results
pop.www
podpiska
parking
p1
oracle
ocenka
novotroitsk
nf
mytishi
mw
mr
mozhajsk
mmm
mitsubishi
mail.www
mail0
ko
key
idea
host3
gm
gkh
ftp.www
form
fly
fasad
engine
elektrougli
elektrostal
downloads
dhcp
cr
cpanel.new
cons
config
clever
clean
chernogolovka
cam1
bosch
bm
blocked
bani
admin2
zm
zakon
wf
webdisk.old
vika
video2
vent
uljanovsk
uaz
tuapse
test16
tele
tat
tag
sts
streamer
smtp.m
school5
schelkovo
rep
registration
push
pop.m
pool
pd
p2
nov
note
nm
mv
math
maket
mail.m
m3
logs
kvm1
kubinka
kuban
krs
gate1
garden
frontend
freebsd
flow
fit
family
error
dvd
duma
dist
discount
directum
dev5
debug
dealers
cvs
cpcontacts.old
cpcalendars.old
children
cdn2
bo
bastion
baikal
ask
42
26
zelenogorsk
zelenodolsk
zags
world
wiki2
vt
vision
view
veles
uchet
tynda
tmn
tagil
tab
std
static1
st3
sp1
shopping
sharepoint
samsung
ryzan
proto
piwik
oplata
ocs
nw
ns2.mars.altaihost.ru
ns1.mars.altaihost.ru
nauka
nas1
mz
mazda
makhachkala
mail.new
luna
loopback
komi
iso
inst
informer
ilya
igevsk
honda
filter
festival
ems
elektrogorsk
elektro
divan
diplom
deny
demo6
dance
contacts
bux
bn
big
avangard
anadyr
02
water
vpn4
vorota
voice
victory
ul
ug
tsg
trud
tpl
tourism
tm2
tima
testshop
sz
support2
sudak
stroi
stm
statistic
srv5
sp2
silver
shops
send
school7
school6
scan
sample
road
rkn
rec
postmaster
post2
poligon
planeta
passport
panda
on
nick
micro
mfc
marina
like
lb
kuzov
knigi
kaz
kaskad
jakutsk
iskra
inter
ice
hydra
hram
hostel
hair
group
graph
garage
fresh
forest
fi
exch
esxi
energy
dvr
dude
drive
dnevnik
cyber
clock
cit
cam2
arc
album
air
advert
63
50
43
35
zeus
webserver
vr
visit
venus
vape
utils
ust-ilimsk
toyota
torg
tor
terms
teacher
squid
spam
shop4
sec
sbc
sasha
s6
rtk
rsk
roshal
reserve
raduga
publish
proverka
protvino
present
pre
ppp
postfix
plitka
pf
pavlovskij-posad
optom
odessa
nova
nata
naberezhnyechelny
motor
mikrotik
mailrelay
m5
lyubertsy
lux
lending
krymsk
kot
klimovsk
kirpich
khv
kamaz
izh
iot
icon
hat
hac
grom
grace
girls
ftps
forex
football
fms
fire
fine
feodosiya
fd
fc
er
elena
egorevsk
echo
driver
diary
dialup
dev7
delivery
ddd
cron
conference.jabber
charlie
cdn1
bpm
biznes
bibl
autodiscover.new
autoconfig.new
arena
ant
alushta
ali
alena
airpods
73
46
women
whatsapp
webcon
wac
vs
vm2
vdi
vb
valentina
ut
uran
unity
umc
tz
tim
test20
test19
tb
students
str
stat2
sovet
smr
sea
school1
salekhard
sait
rtc
rdgw
progress
prog
pik
parket
parfum
p2p
out
oskol
os
opel
ocsp
no
nexus
na
msu
mine
mic
mask
manual
mam
mail01
lyncdiscoverinternal
logo
lj
lada
ku
kosino
kniga
karelia
its
iq
ic
html5
holod
glonass
gatchina
fe
fashion
fantasy
facebook
etc
esx
ep
ekat
econom
earth
dz
dress
dle
dengi
default
de1
craft
courses
coupon
cod
bus
bmw
bible
b24
azov
avrora
avalon
atlant
asia
asd
arhiv
angel
a3
55
45
40
2ip
28
03
zolushka
zheleznodorozhnyj
zarajsk
xen
www-old
ws1
webmail.shop
web-bank
vpngate
votkinsk
volzhskij
videomost
vd
vadim
used
uploads
ud
turizm
tree
top10
tkani
tk
tex
testmail
test17
telecom
taldom
suvenir
stroyka
sputnik
smtps
smtp-out-gb
smtp.new
sks
shop5
shop3
shop1
serov
sender
sem
school15
sarg
s7
rules
rolex
rodnik
register
ref
rdp2
qwerty
qwe
psy
pss
prtg
profkom
pop.new
polo
petr
perevozki
other
oktell
off
novo
nizhnij-tagil
nextcloud
new3
nds
natasha
mult
msc
mlm
minecraft
memory
maxim
mail10
lytkarino
lyncweb
losino-petrovskij
lesha
larkin
kvm3
kurovskoe
krasnozavodsk
krasnoarmejsk
kopeysk
klimat
kassa
jurist
join
irina
invoice
inv
img1
ikra
ibank2
helen
hekaye
gruzoperevozki
gr
gov
gosuslugi
gorno-altajsk
google
goods
ghs
galaxy
forpost
formula
fido
eye
exadata
etalon
ero
ekt
dzerzhinskij
dtp
dsp
drezna
detsad
corporate
chess
cheljabinsk
casino
case
bx
buks
builder
brain
biblioteka
bi
baosaili
aster
andrew
almaz
accessories
about
a4
77
39
192.102.6.47
zzzz
zavod
wizard
whm.old
webvpn
webext
webdisk.news
webdisk.admin
wb
vz
voda
vesna
two
touch
tlt
tatiana
tarif
svs
suzuki
storm
steklo
stc
stas
src
spk
smpp
site3
sibir
shina
shark
sh1
sell
school9
school2
sbrf
s01
rpl
research
reestr
rb
qa
puppet
poisk
podarki
paintball
ooo
office1
night
neptun
nat3
names
nakhodka
megion
medicine
mai
lombard
lol
lk2
leonid
learning
laser
krasnojarsk
kpi
kk
kis
karina
jupiter
ishim
inside
inform
hostcms
hh
fund
fsb
favorit
enigma
eko
egw
ecp
dot
dolphin
dmitry
diesel
development
den
datsun
ctrl
cscart
crm3
cpcontacts.news
cpcontacts.admin
cpcalendars.news
cpcalendars.admin
cpanel.old
cosmetics
cdr
calls
brn
bravo
bazar
avatar
atc
asp
ars
alko
alice
alarm
aero
active
abs
555
36
2020
zp
zero
zdorov
zayavka
yurga
youtube
www4
ww1
works
window
whm.shop
webmin
webdisk.m
wd
vnovgorod
vm1
virt
victoria
victor
umi
tv2
troick
trening
train
tmb
tissot
themes
textile
testnew
story
stels
statistics
staraya-kupavna
spa
solikamsk
sokol
slava
sim
sierra
shkola
sfera
serg
second
school27
sand
samp
saki
saas
s0
rubtsovsk
ru3
rad
r2d2
pult
prf
pppoe-6
plus
pixel
physics
petropavlovsk-kamchatsky
persona
ozersk
owa2
ost
orient
ocean
oa
nsb
ns1.test
now
newweb
netcat
nav
nastya
nalog
naberezhnie-chelny
mx-grom
mx-door
mus
monit
moguta
moda
mms
mkt
miracle
mira
meeting
medical
mchs
mba
mailman
m10
luxury
lite
liga
leninogorsk
lang
labs
kor
komsomolsk
kadastr
jp
joom
jaroslavl
ishop
ir
indigo
igra
hosting1
hasavurt
grafana
glow
georgievsk
fss
flash
fenix
fbloop
f10
extranet
ex1
europe
etk
esia
dop
donat
domino
dev6
cx
cw
cpcontacts.m
cpcalendars.m
cpanel.shop
cosmo
cool
consult
cod4
classic
class
channel
cams
bron
biology
biblio
berezka
beer
astro
andy
albion
add
90
888
2007
09
zd
yoga
wp2
wms
wallpapers
volvo
vet
vera
torgi
tiger
thailand
test123
test01
tesla
stroika
stav
static3
spektr
speedtest1
spain
smi
smb
shoes
ship
shadow
sh2
servis
see
sds
school18
school14
school13
schedule
salt
safety
rock
rita
restaurant
rbs
r01
qq
pv
prokat
proj
posta
porno
point
peresvet
pbx1
parus
paris
papa
panorama
page
otvet
osago
ny
nx
nv
ns34
ns33
ns2.test
nkz
nefteyugansk
nat4
mx20
mrt
montazh
mo
mind
mike
mi
menu
megafon
media2
mark
m11
lo
lm
lip
lic
leo
lenta
len
lego
islam
iis
icq.jabber
i3
greece
gd
fox
forum3
focus
flat
fizika
fishing
films
fff
feed
everest
dsk
dosug
distrib
debian
dark
cyprus
cup
crypto
consultant
con
coffee
cleaning
callback
bz
bv
bur
briansk
boss
blackbox
beta2
banki
baget
avon
atrium
assets
arb
alisa
ai
001
zaymnakartu
zayavkanakredit
yp
yahroma
xn--d1aacnicp9acmv5j
xn--80agkcf0cv
well
webapps
web3
vvv
vss
volzhski
videos
vh
utf
txt
tube
torrents
testwww
tanya
tango
switch
swissgear
sw1
sveta
summertime
su
stv
stat1
staryi-oskol
srochkredit
sonar
software
smail
slon
skif
shakhty
sg
sentry
sekil
secret
school19
rust
rpg
rich
restoran
repair
rdweb
rayban
rat
proxmox
promot
prm
prestige
presentation
premium
potolok
postman
poll
polimer
plasma-gw
own
ourportfolio
osm
oscar
oldoldold111
og
oformkredit
ns3.thehost.com.ua
ns2.thehost.com.ua
ns1.thehost.com.ua
novoshakhtinsk
notice
nignyinovgorod
neon
name
mysql2
myotel
minprir
m.ga2
m.ga
metrics
metall
medic
mailgate
m22
logistic
le
lc
l15
kulinar
ksc
kreditbezspravok
kolpino
klipoteka
klever
kisa
kiosk
keys
karta
kansk
julia
jeleznogorsk
jbl
japan
ipoteka
iperf
ins
india
helper
h3
gubkin
guard
gtn
gsm
granit
golos
glass
girl
germany
furnitura
fun
ftp.new
ftp.m
firms
fire-safe
filatov
feya
fake
enc
e-learning
ek
egypt
edo
economy
ec
eburg
dolgoprudny
demo7
ded
contact
cnt
chehol
cheboksari
cheats
chasy
cgi
ccm
carbon
camstream
cabinporn
ca2
buket74
bu
bronnicy
bl
birobidjan
bijsk
bf
baellery
backup1
b4
avito
atd
arcticcat
app2
app1
apatity
andrei
amo
amber
altai
alf
aleksandrov
admiral
adler
actor
acm
ace
abiturient
88
66
51
47
zs
znak
youtrack
yoshkarola
yo
wot
work2
woo
wl
wi-fi
webstats
webdisk.demo
webdisk.blog
web1c
vova
vote
volzhsky
volg
vod
vo
vms
venera
vanna
val
upd
unicorn
ulya
ucp
u1
tw
turbo
tsp
try
trust
tower
thanks
tg
ta
srv4
sro
spider
sol
siemens
server5
server3
septik
seafile
school8
school32
school30
school23
school20
school17
school11
sch
sbis
sber
samba
rgu
relay4
reductor
redesign
record
ptz
profsouz
priroda
prime
pokrov
pod
php7
philosophy
ph
pet
pegas
party
part
oz
otradnoe
ot
oriflame
operator
opendata
ola
ob
nvkz
ns5.hosting.reg.ru
ns36
ns35
ns-1
novouralsk
nika
nfsen
newsletter
newshop
nch
naryan-mar
nag
myt
mx7
multimedia
msk2
monolit
mls
misc
mercedes
mendeleevsk
members
mattermost
mass
martin
mail.old
mail-old
maikop
linda
lena
lavka
landingpage
lamp
l100
kvartira
krk
kogalym
klinika
kirovsk
kedr
kc
kamen
kamchatka
jumper
joy
jet
iron
ip2
ios
interior
inc
http
host4
hospital
horse
hc
happy
hackathon
gw4
gw10
gw0
gta
ftp.forum
forma
fok
fo
fiat
evo
evakuator
ed
dorogi
diana
deb
dating
czn
creative
cpcontacts.demo
cpcontacts.blog
cpcalendars.demo
cpcalendars.blog
college
collector
cloud2
chevrolet
cheb
cf
central
canon
broker
blagoveschensk
birds
billy
billing2
bash
bar
b3
awards
avs
argo
aion
adult
adonis
48
zk
zel
zcs
you
www5
wt
work1
wk
websrv
webmail.blog
vw
vtiger
vizitka
viktor
video1
vi
velikij-novgorod
vegas
ved
va
uzhno-sahalinsk
uvd
ur
upakovka
univer
uni
ui
tv1
tst2
tsc
trueconf
triada
tom
tolyatty
toliatti
tmk
tl
theme
testforum
test22
svod
svetlana
subaru
stories
storage1
steelrage
stb
starvropol
stariy-oscol
sprint
spo
sorm
snz
snezhinsk
smev
skidka
simferopl
si
shaper
shans
shadrinsk
shablon
sex-shop
set
serial
serge
scm
school40
school35
school31
school29
school26
sat
sarov
sape
salut
sakhalin
s9
s10
rybcovsk
rtr
rst
rpc
roma
robo
robin
researchdelft
renault
referat
realvpn
real
rdg
q3
pushkin
pushino
privat
prestashop
ppc
portal2
porsche
polit
poland
plat
photo2
pfr
pavlovo
p3
ozon
ovirt
ov
orekhovo-zuevo
opac
oksana
nyzran
ns4.timeweb.org
noviy-urengoi
nizhniytagil
nizhnii-tagil
nijniy-novgorod
newstat
newforum
network
neftugansk
nd
natali
nat6
nat5
mur
mtest
mousehouse
modul
mobak
mkala
mim
million
milk
mera
mejdurechensk
masha
marino
mail.shop
mail-new
magento
mac
m0
lord
listen
line
li
lev
les
kt
kropotkin
kotlas
kit
kg
kerio
kbr
kate
kafe
internal
industry
iks
humor
hs
host5
holland
hello
handmade
guru
gukovo
gtw
grill
golitsyno
golden
glazov
genesis
gbi
gaz
gamezone
game2
future
fs2
fregat
freepbx
franshiza
fotki
forum1
fon
fif
fiatprofessional
ff1
feedbackloop
factory
ev
ent
elki
elbrus
eho
edem
easy
dvb
dpo
down
doors
doktor
docker
dino
diler
df
desk
deep
ddns
dc2
database
cv
cs1
cps
commfort
comfort
coach
co
cl1ns
cinema
chistopol
cdc
cd
catering
career
captcha
campus
calculator
ca1
buzuluk
butovo
boom
birthday
bgw
be
battle
banlist
bags
azs
atm
asus
ard
antispam
anne
almet
alco
ae
65
49
444
222
101
zv
zdorovie
zapret-info
zapchasti
za
youth
yes
wtest
wp-test
wptest
wh
wg
wed
webinars
webasyst
wash
voip1
visa
vipnet
viking
vhost
vgtrk
utm5
util
ussurijsk
usa
uo
unreal
ubuntu
uber
tut
tsgw
traveler
traf
trade-in
toshiba
tool
tftp
tf
tennis
tenders
te
tau
svr
suvorov
sus
sud
storage2
st4
sr2
sps
spravka
spp
spirit
snow
site7
sistema
ses
scr
school66
school52
school25
school22
school21
sbs
satka
salsk
sakura
saga
russ
rubin
rsa
ros
room
rod
ro
release
relax
rank
python
purchase
ptr
postgres
porter
png
pivo
pit
phys
phones
petrov
petropavlovsk
perevod
pay2
paul
patriot
pasha
pas
ostrov
or
optima
ops
oos
oldwww
obs
obraz
nsq
ns77
ns76
ns2.timeweb.ru
ns-2
ns1.timeweb.ru
nr
nord
node4
nikita
newdesign
navi
nature
mytest
mysqladmin
mysql5
muzik
msk1
mps
mp4
models
mm2
mix
misha
miac
mh
mechta
mbox
maksim
makarov
mailtest
mail.office
mail.forum
mailbox
mail02
liza
lit
lid
lexus
letters
lenobl
leasing
ld
laravel
lanbilling
lama
laguna
kvn
kvartiry
kupe
kirishi
khakas
kd
katya
kas
kalmykija
ka
jeep
ironport
ipcam
hunter
hot
host7
homyak
hockey
haron
gw01
grand
goszakaz
ge
galina
furniture
ftp.old
ftp4
fs1
franch
france
fobos
filial
fil
fest
fdo
falcon
f5
escort
elk
efremov
ef
dump
dudinka
du
dom2
dogs
disp
discover
dict
dialer
devil
designer
deploy
de2
ddt
comm
client2
chemistry
chem
cap
callcenter
cad
buhgalter
brend
borisov
blag
bis
bee
bear
balance
bal
bad
backup3
azimut
atl
appstore
apk
apache
ap2
antares
anime
ang
andersen
alumni
alfresco
aleks
aircontrol
agat
af
86
74
54
404
3cx
2008
2006
200
1s
04
zoloto
zmail
zerkalo
zenit
zen
zaymdozarpl
zaphod
zainsk
yuzhno-sakhalinsk
yukle
yugorsk
yota
yii2
xenon
xeber
www-test
www0
workshop
whm.1
whitemask
white
webservice
webmail.1
webdisk.mail
webdisk.1
webcam1
webapp
web02
way
waw
vyborg
vs01
vpn01
vpn0
vmail
vk.com
vitrina
vintage
vino
videochat
viber
vg
velikie-luki
vcse
vacancy
uts
unban
unassigned
uks
uhta
ugol
twitter
tsj
truba
trainer
tosno
tizer
timashevsk
tfarm.msk.office
tf2
testwp
testtest
testsubdomain
testcrm
test100
tent
tenerife
tema
telefon
taobao
tank
taganka
sxd
sw2
summer
stone
stl
stihi
steam
static5
stat3
sssr
sso
sr3
spravochnik
sphinx
sng
smtp.shop
smtp.madac
smtp.forum
smol
small
skat
site4
site11
simple
sicily
siberia
shilka
sgs
severomorsk
sev
server6
serv2
sert
school73
school45
school43
school37
school36
school33
sayanogorsk
say
sas
sapr
santehnik
san
samples
samogon
sametime
salary
route
rossosh
rosa
rom
rjazan
ria
revizor
return
reservation
replica
remont-kvartir
ra2
quality
pubb
pst
psi
prt
proxy3
profil
profcom
priozersk
prices
ppu
ppl-1cusr-key
powerbank
potrebit
pop.shop
popov
pop.madac
pop.forum
polytech
polygon
poluchitkredit
pol
pnz
player
pets
pesok
pechkin
pbx2
paritet
ourproducts
otk
osticket
oss
online1
onlaynzayavka
olya
ol
okno
ojs
offline
ocstore
observium
nsp
nsa
ns2.jupiter.altaihost.ru
ns2.hosting
ns2.earth.altaihost.ru
ns1.jupiter.altaihost.ru
ns1.hosting
ns1.earth.altaihost.ru
np
n-novgorod
nirvana
nfeya
netup
nchelny
nat7
nakidka
nadomu
n3
muscleman
mtv
msx
msp
mobile2
mmo
mmmm
mm3
mm1
mint
m.hyundai
media1
maslo
marks
marketgid
mario
managatmin
mamm
makeup
main2
main1
mail.news
mail.madac
maillist
mail.kaluga
mail-gate
mahni
madm
m9-r1
m1-k
lyubercy
london
locations
load
lktest
linux
lime
lf
lemarche-ua
lemarche-lv
lemarche-lt
lemarche
launcher
laminat
kylie
kvart
kurort
kumertau
kru
krp
kredsplohoyistor
kreditnalich
krasnoperekopsk
kpk
kodeks
klm
kibana
ke
kchr
kawasaki
karniz
karnaval
kailas
json
jinn
java
izbirkom
ist
ispmgr
isp1
isa
iris
ira
iq1
ips
ipam
ip10
instrument
inno
inga
impuls
imp
ikt
igryshka
ig
idp
i4
i17
hw
hu
hoverball
host6
horses
hls
hb
hand
gw5
gusev
gorno-altaisk
gorenje
gomel
globus
garderob
galery
gal
ftp.madac
format
forkid
font
fias
fff-eya
fff2
ff5
ff4
ff3
ff2
ff10
feya-tt
feya-t
fey
fef
f9
exclusive
esx2
esx1
ess
empty
e.mail.ru
ekspreskredit
eis
eios
egor
econ
ecommerce
dzhankoj
dzerginsk
dota
doski
dosaaf
domus
dolgoprudniy
dokuwiki
dlc
distant
dg
dev-bitrix15
desnogorsk
dental
del
dc1
dbs
dbo
dasha
d5
cvsup
cprice
cpcontacts.mail
cpcontacts.1
cpcalendars.mail
cpcalendars.1
cpanel.1
cost
cook
constructor
construction
computer
color
climat
click.blog
chekhov
chanel
chance
cg
catalogs
cart
buyer
btvseed
boy
boris
bor
booking1
bonyss
blank
blago
bet
berg
beloretsk
belorechensk
bell
bcs
balashov
balashikha
bak
bagira
b5
avtosteklo
aviator
autodiscover.shop
autodiscover.m
autoconfig.shop
atyrau
as2
artur
artropant
array
armyansk
arkada
ardo
archangelsk
arbitr
apc
anekdot
andr
ams
ameno
alupka
altair
aldan
akva
akado
adminconfig
abinsk
99
79
72
71
70
67
58
53
52
333
2c
1year
1ctest
121
112
06
007
005
004
003
002
000
zx
zvezda
zr
zombie
zhurnal
zemlya
zem
yellow
ww8
wss
wp1
wmail
wireless
wikki
whm.blog
webstat
website
webrtc
webdisk.foto
wap2
vzlet
volkov
vmeste
vm3
vip1
vgw
vertikal
vektor
v2.api
v01
user3
usadba
updater
ufo
tuning
ttk-gw
triton
trio
trener
tradein
tracking
town
tmg
tmail
tks
testo
testadmin
test77
test55
telemetry
teatr
tara
talisman
symfony
svarka
surfing
stuff
stroitel
stg
stend
ssp
srs
sr1
spica
smu
skazka
sip3
sintez
sign
shift
shell
setup
server4
sertolovo
serpukhov
serega
selena
secretary
school77
school76
school72
school69
school67
school65
school64
school63
school46
school39
school38
school28
s8
s35
s25
s18
s16
s13
s11
ruby
rtu
router2
roundcube
rostovnadonu
roi
rl
rko
ritual
ri
rf
revda
request
repository
redactor
ray
rasp
rain
railway
race
quest
qms
qlik
pve
project13
polis
polet
poczta
plazma
platform
plasma
pix
phantom
pgsql
parse
par
packages
otchet
osa
orto
orlov
oren
orbita
onlyoffice
old-mail
ohrana
odoo
observer
nz
nvr
nts
ns2.wetel.ru
ns1.wetel.ru
notify
notebook
nest
nefteugansk
nebo
naudoc
nas2
nabor
n97
mytyshi
mxm
mst
mrs
movie
motiv
more
mon2
mol
mirapolis
mia
mga
metod
meteor
met
meridian
memo
medvedkovo
medved
mcu
maxima
mash
mariinsk
mamont
mail-server
mail.s1
mails
mailold
mail.lk
mailhost
lukoil
logos
logistics
loc
lnd
lira
lineage
legion
lana
kvm4
kur
kuhnja
kst
ksp
ksi
kron
krasota
kosmetika
korp
kompas
kolya
klub
klgd
kitty
kineshma
khimki
kgs
kavkaz
katerina
kanash
kalach
kaktus
kak
june
jaguar
ivanov
italy
irr
ipsec
ipl
install
informatika
imm
img2
ilo
ideas
ics
hunt
hostmaster
hosting3
hardware
hanty-mansijsk
gw7
granat
grad
goa
gn
gleb
geoportal
general
fuzzy
fundament
ftp.shop
fronda
fort
firewall2
finder
fiesta
fes
fap
examples
esp
elka
elets
elephant
elegant
eks
edi
eagle
ds1
draft
dou
domofon
dn
dmz
dionis
dev.api
detki
des
demidov
db3
d8
crm-test
crm1
cpcontacts.foto
cpcalendars.foto
cpanel.demo
cpanel.blog
cp2
course
cottage
cnc
clp
close
clinics
cleaner
ckp
cats
capital
candy
camelot
browser
bird
bh
beslan
bbs
balkon
balcony
awstats
avanpost
autodiscover.news
autodiscover.blog
autoconfig.news
autoconfig.m
autoconfig.blog
atom
atlantida
asset
asr
arp
ark
arbat
apm
apelsin
amp
alyans
almetyevsk
alenka
aktobe
airport
agent2
aga
abit
98
78
75
69
59
57
1234
102
05
zubr
zt
zn
zhanna
zernograd
zdrav
zap
zaim
zabota
yuzhno-sahalinsk
yasenevo
yanaul
yamaha
xp
xotkovo
xn--80adxhks
xhprof
xcache
x3
wpdev
workspace
whm.news
west
webs
webmail.news
webhosting
webdisk.wp
webdisk.ufa
webdisk.eng
webdisk.en
webdisk.2
webdav
webalizer
waste
war
vysokovsk
vyisokovsk
vs1
vox
voronegh
volosovo
volkhov
vokrugsveta
void
vodka
vnc
vmware
vmk
vlz
vld
vlc
vkr
vjud
vizit
viva
vir
viktoria
veb
vconf
vbox
usp
usinsk
us2
uryupinsk
unsubscribe
union
umka
uglich
ufps
ub
u2
tvr
turist
trening2
trassir
toy
toolbar
toljatti
tol
tis
timetable
testlab
testapi
test0
terraria
termo
ten
telega
telebot
tehno
technics
technic
tecdoc
teamspeak
tattoo
tarasov
t10
szn
sweet
svcnew
suzdal
sunny
success
sub1
strike
street
stp
stomat
sto
stinol
staryij-kryim
st5
sparta
sovetsk
sonet
solutions
solo1
solar
soccer
sns
smtp-out
smtp.old
smsgate
smotreshka
smokeping
sma
sm1
sirena
siktivkar
shkaf
shield
sheregesh
shelkino
shared
sgw
serv5
sedo
sdt
sdc
school82
school68
school58
school51
school50
school42
school12
scheduler
sayansk
sar
saper
sanya
samson
samo
sadovod
sadik
s31
rts
rsync
rpl.www
royal
rose
romantic
rodina
robert
rmk
rigel
rielt
rezerv1
resume
result
reseller
rbt
ras
r4
quake
qqq
q2
pvh
putilovo
pubsub.jabber
prototype
proton
property
project19
project14
profstandart
priz
printer
pride
pppoe
pop.old
pokrovka
pohod
planet
piramida
pikalevo
phpmyadmin2
phpadmin
phobos
pgs
pgadmin
pga
peugeot
pes
pereezd
pellets
para
palm
paint
pack
p4
ozyori
ozery
ox
owl
ow
otp
osv
os1
ort
oris
ori
optim
oper
openfire
op2
old1
olap
oktjabrskij
oi
ogonek
odnoklassniki
octopus
oberon
oao
ns2.venus.altaihost.ru
ns1.venus.altaihost.ru
nps
nox
notes
nosmoke
nosite
nomoney
node5
noc2
nnm
nizhny-novgorod
nirs
niko
nii
nicole
nfz
newton
newspaper
neryungri
neptune
neftegorsk
ncc
nayka
narod
nardin
mytishchi
mysql1
mx03
muzei
mu
msh
moskovsky
monster
monitor2
monast
mon1
model
mks
mis
mirrors
mirage
mielofon
mib
mgn
metro
medium
mchat
mayak
materials
mart
marat
mamba
mailx
mailru
mail.hosting
mailb
mail6
magnit
magictracks
m6
lyuberczyi
lyitkarino
luxovici
lucky
lublino
look
loko
lingvo
likino-dulyovo
lida
leon
langepas
labinsk
lab1
kvarta
kvant
kursi
kupavna
ktv
kosmetolog
kopilka
konkovo
komfort
kolizey
kladr
kindergarten
kernel
kazna
kazahstan
kaspijsk
karachaevsk
kamera
kamensk-uralskij
joker
jm
itc
ita
isp2
iqoption
ipm
ipatovo
ipad
interview
international
intel
im2
il
ijevsk
ibm
ias
i38
howto
hote815205
horoscopes
horde
homework
holding
hipchat
hdpma
hawk
hard
h4
gw11
gus
gsn
gruz
grozniy
groups
greatwall
gorskoe
goroskop
gornoaltaysk
goliczyino
golicino
gms
glusterfs1
gloria
gg
genius
gemini
gc._msdcs
gamma-ng
ftpold
free-v4080
freesoft
fnbic
fix
fitnes
find
fili
fileserver
fedor
fbr
farma
fandom
fa
ex2
ew
evalar
esb
entertainment
enter
ems-trainer
emex
elf
eka
ee
edit
ea
dtest
dshi
ds2
ds19
ds12
drivers
draw
dpi
doverie
double
dota2
dom1
dolly
documents
do2
dns1.yandex.net
dns0
dmp
dl2
dkc
dim
dig
dieta
dic
diamond
diag
dgs
dev9
dev8
detektiv
descr
dent
demos
democrm
demo8
demo10
dekor
decor
dchub
dari
dap
danila
dan
daily
cus
ctt
cssv34
cross
create
cpcontacts.wp
cpcontacts.ufa
cpcontacts.eng
cpcontacts.en
cpcontacts.2
cpcalendars.wp
cpcalendars.ufa
cpcalendars.eng
cpcalendars.en
cpcalendars.2
cpanel.news
cover
core2
consulting
consultation
competition
comics
cnt3
cloud1
clone
ck
citroen
cisco-capwap-controller
chebarkul
ccc
catalyst
cashback
calligraphy
budget
btc
bss
bsp
bronnitsy
blacklist
blackhole
bishkek
bingo
biling
bdsm
baxchisaraj
barros
barcode
banket
backups
bablo
ba
azk
ava
auc
atx
att
atlantic
ata
asup
astek
assist
asm
asc
asbest
artishok
ardis
app3
any
animal
anastasia
analiz
amur
altera
alians
aleph
alekseevka
aeg
advance
77.120.121.38
62
60
2019
07
006
00
zlo
zhukovka
zheu
zh
zab
yura
yamal
yak
yacht
xyz
xrm
www-new
www7
www6
wp3
workflow
work5
work4
work3
wolf
wiki1
wifi-dhcp-pool
wide
whm.demo
whmcs
webtest
webmoney
webmail.demo
webdisk.test3
webdisk.spb
webdisk.novosibirsk
webdisk.kazan
webdisk.dev
web4
wan
w7
vyksa
vvs
vsevolozhsk
vpn5
vozduh
vortex
volzhsk
volonter
volna
volkova
voin
vodokanal
vocal
vnukovo
vishnya
vip3
vietnam
videoreg
victorina
vesmir
veronika
vector
vdv
vds1
vdpo
vcs1
vcloud
vas
vam
uyut
ussuriisk
uptime
um
typo3
tunnel
tsm
tshop
troika
trm
trap
trackstudio
towerbgp
toto
tot
tomcat
tomas
to
tme
tmc
tkm
tinkoff
ti
the
testdrive
test02
term1
telemed
teamcity
teachers
tapi
tam
taiga
szags
svyaznoy
svetofor
sve
svai
sv2
sur
sudoku
streamer2
stor
steel
statserv
startup
ssangyong
spr
sppm
spf
sorgo
solncevo
sok
snt
smtp.spb
smtp.s1
smpt
smk
smeta
smedia
slovar
sloboda
slim
slave
skud
sklad2
skd
site8
sipinternal
signal
shini
shchelkovo
servers
serp
selectel
sci
school93
school79
school70
school62
school61
school60
school59
school57
school48
school44
school16
scala
sbor
sbo
sahalin
safe
sabre
s30
s14
s12
rv
rtfm
rt1
rrr
rox
roller
rnis
ripe
ring
rgs
rfc
rez
repos
relay5
registrator
ready
reader
rapida
rado
r31
q50
pz
pwa
psk
prospekt
profile
production
prima
pribor
preprod
posting
postadmin
post1
poselok
pop.s1
polar
plesk
piknik
phpbb
photoshop
phoenixcontact
phaeton
pen
pdns
pbx01
paste
parnas
orl
opa
omk
ombudsmanbiz
ombudsman
okean
oge
office-gw
ofd
odin
oboi
oasis
o2
nvs
ns-secondary
ns4-l2.nic.ru
ns13
nor
node0
nissan-new
nfs
newwww
neva
netping
netmon
netdata
nekrasovka
nazarovo
nat8
nad
n94
mx-a2
mx-a1
mvts
mvk
muravlenko
ms2
ms1
mpk
mpc
moskovskij
mos6
mos5
mos4
monitoring2
monchegorsk
mold
mng
mln
mitino
minvody
mining
milka
mik
mibew
mgimo
messages
mesh
menzelinsk
meh
megafon-gw
medtech
mediawiki
meb
mds
mat
mari
maksnik
mak
mail.kazan
mailj
maila
magnet
magistral
madrobots
macro
m7
m16
lyncwebsvc
lyncwebext
lupus
lugger
lomonosov
locator
livejournal
libr
lesozavodsk
legal
leaf
lead
lantest
lab6
kurkino
kumi
ktulhu
ktm
ksk
ksb
krasnokamensk
kostya
korsakov
konstanta
kond
kommunar
kob
kns
knife
kna
kn
kkm
kitchen
kinel
keeper
karate
karaganda
kappa
kapitan
kamin
kamensk
kama
jtest
jo
jack
ix
iva
isg
investor
interface
ing
info2
imperia
ilove
ido
icms
icinga
iccc
i7
i5
hotline
horoscope
homenet
hl
him
heat
harmony
gw-1
gubernator
gts
gsk
grot
grodno
grib
gpb
gost
golf
goblin
github
ftp.spb
ftp.s1
ftp.mail
ftpadmin
front2
friends
fra
flagman
fk
filin
files2
fes.backup
fe2
fe1
f4
extra
exp2
exp1
ews
evgen
europa
esimo
epk
eo
emotions
eltex
els
elite
electra
eg
edge2
edge1
edelweiss
economics
dvor
dubai
dspace
dsm
ds3
ds01
drupal7
dpk
dozor
download2
domex
dod
docsvision
_dmarc
dlink
dl1
diabet
di
demo-shop
demo9
demo17
demo11
dem
deltapay
daria
dao
dalnerechensk
dalnegorsk
cult
ctf
css2
csi
csc
cruise
cro
cpcontacts.test3
cpcontacts.spb
cpcontacts.novosibirsk
cpcontacts.kazan
cpcontacts.dev
cpcalendars.test3
cpcalendars.spb
cpcalendars.novosibirsk
cpcalendars.kazan
cpcalendars.dev
cow
court
count
core1
control2
continent
consul
configurator
compass
collection
cms2
cls
clinic
clicks
cis
chlb
chip
child
cherepanovo
cher
chameleon
cfo
ce
cdn0
cbi
cb2
catalog1
capella
camera3
camera2
camera1
cabinet2
c3
c2811
byte
bugtracker
budennovsk
brus
brest
branding
body
bitrixtest
bitrix2
bion
bgp2
bez
begun
bayle
baw
barracuda
bark
ball
aws
avtoservis
avt
avis
au
atb
astrology
asko
arx
arthur
arsenev
armani
arduino
aq
apt
apriori
apex
answers
amway
alm
alina
alien
aleksin
alagir
akpp
advocat
admin.dev
adm2
activate
accounting
a5
80
61
2x
240
1klass
1d
1c2
199
175
103
zzz-monitoring
zorro
zo
znam
zn2
zm2
zheleznovodsk
zaymsplohistor
zayavkavbanki
zarechny
zakazkuriera
zagl
zagar
zabbix2
z3950
yuzhnouralsk
yuryuzan
yt
your
yeni
ya.settings
ya.setting
yana4
ya.messages
ya.message
yakhroma
ya.itsgetting
ya.general
ya.almessag
y2-plus
x-ray
xn----jtbjvece4d
xn----jtbjhrfcf1e
xn----dtbhbykcfidckekxf3olb
xn----7sbabwkm1adh1bx8czd
xfile
wwwtest
wwv
wrc
wr
wpstore
wordzilla
wmr
winter
win.news
windowsupdate
widget
whois.nic
whm.ufa
weekend
weddings
webmin.streamer
webmark
webmail.ufa
webmail.cp
webmail3
webdisk.wiki
webdisk.test1
webdisk.support
webdisk.samara
webdisk.omsk
webdisk.moscow
webdisk.a
webdesign
webcams
web0
w5
w26
vzyatzaym
vzyatkredonlayn
vzyatkredit
vyazma
vv
vulkan
vts
vtest
vsk
vse
vremya
vps1
vpnsipau
vovan
voodoo
volhov
volgski
volex
vodopad
voditel
vlctv
vkontakte
vivaldi
virtuoz
vipsauna
vin
videoconf
vibro
veterinary
ves
very
venta
venec
velikinovgorod
vel
vats
vas12
valenki
vahvarh
vag
v2.api.portal
uzpsmedia
uzps
uzi
uvelir
uto
uspeh
usluga
use-it
usd
uroki
urok
urengoy
ups
upps
upak
unat
umania
ulianovsk
ukraine
ukr
ukhta
ugc
udpxy
udomlya
ucenka
tvlc
tvk
tver1
tv3
turn
turboslim
tst1
tsr
tsnab
tsk
tsgate
trm01
trimm
trends
tren
trailer
tpp
tovary
topki
top5
tonusclub
tnt
tmarka
tkk
tips
tina
timur
timer
tikhoretsk
tiens
thunder
thebalka
test.www
test.smedia
testphp
testold
test-mila
testlink
testing2
testdrive3
testdrive2
testdrive1
test.dev
test34
test24
test104
test101
tesla2
teploservis
temryuk
tempus
telemost
tdv
tantalum
tamm
talwego
tagheuer
tablica
systema-kosmetics
swiss
swatch
svn.solo
svm
svirsk
svetlogorsk
sv1
sustavitin
sushishka
sunrise
subdomen
studio37
stroyplus
stroykorp
strong
streams
stream2
strahtv.streamer
storage3
stepnoe
statphp
stars
starline
starioskol
stamp
st8
sslvpn
srv0
srt
spine
speak
sovdep
sova
souvenir
sos-server
sortavala
sorochinsk
sonic
songs
somw
socialengine
soccom
snew
smtp.kaluga
smtp-in-mailserv-fpl
smtp-in-mailserv-fo
smpp2
smile
slovari
slot
slider
sletat
slavhouse
sl2
skynet
skydns
skupka
skill
sketch
sizran
sitemap
sitecopy
sitebuilder
site9
site6
site5
site20
site14
site13
site12
site10
sims
simost
simf
silane
side
shop29
shop17
shipping
shhelkovo
shema
sheksna
sheff
shariki
shar
sgm
sgb
sfa
sexyukle
seve
seva
serv4
serv1
serials
serf
seminars
seksyukle
sed177
sdk
sda
screen
scrap
schs
school88
school86
schet
scanner
sc4
sc2
sbmm-wave
sbit
santa-avia
sant
samolet
samarskiy
sabrina
s54
s38
s36
s34
s32
s24
s21
s17
s15
s04
s03
s02
russian-sex-shop
rub
rtu2
rtu1
rtb
rt2
rpn79
rpn52
rpn41
rpn39
rpn06
rpi
rozn
rover
rostov-na-dony
rosreestr
rosn18151914
roslavl
rodniki
rob
rks
rittal
ritm
rio
rider
ride
ribinsk
reviews
review
remstroy
remont-vann-novokuzneck
remont-otdelka
remont-kvartir-zhigulevsk
remont-kvartir-zarinsk
remont-kvartir-yfa
remont-kvartir-yarovoye
remont-kvartir-yaroslavl
remont-kvartir-voronezh
remont-kvartir-volzsky
remont-kvartir-vologda
remont-kvartir-volgograd
remont-kvartir-vladivostok
remont-kvartir-vladimir
remont-kvartir-vladikavkaz
remont-kvartir-ulyanovsk
remont-kvartir-ulanude
remont-kvartir-tyumen
remont-kvartir-tula
remont-kvartir-tomsk
remont-kvartir-tolyatti
remont-kvartir-tashtagol
remont-kvartir-tambov
remont-kvartir-surgut
remont-kvartir-sterlitamak
remont-kvartir-stavropol
remont-kvartir-spb
remont-kvartir-spasskd
remont-kvartir-smolensk
remont-kvartir-slavgorod
remont-kvartir-shepetovka
remont-kvartir-shelehov
remont-kvartir-seversk
remont-kvartir-severodvinsk
remont-kvartir-saratov
remont-kvartir-saransk
remont-kvartir-samara
remont-kvartir-salavat
remont-kvartir-ryazan
remont-kvartir-rostov
remont-kvartir-prokopievsk
remont-kvartir-perm
remont-kvartir-penza
remont-kvartir-osinniki
remont-kvartir-orel
remont-kvartir-omsk
remont-kvartir-ntagil
remont-kvartir-novosibirsk
remont-kvartir-novorossiisk
remont-kvartir-novokuzneck
remont-kvartir-novokuybishevsk
remont-kvartir-novodvinsk
remont-kvartir-novoaltaysk
remont-kvartir-novgorod
remont-kvartir-nikolaev
remont-kvartir-myski
remont-kvartir-murmansk
remont-kvartir-minusinsk
remont-kvartir-mihailovsk
remont-kvartir-miass
remont-kvartir-mezhdurechensk
remont-kvartir-mahachkala
remont-kvartir-lipetsk
remont-kvartir-leninsk
remont-kvartir-kurgan
remont-kvartir-kstovo
remont-kvartir-krasnoyarsk
remont-kvartir-krasnoslobodsk
remont-kvartir-krasnokamsk
remont-kvartir-krasnodar
remont-kvartir-kopeisk
remont-kvartir-kiselevsk
remont-kvartir-kirov
remont-kvartir-kemerovo
remont-kvartir-kazan
remont-kvartir-kaluga
remont-kvartir-kaltan
remont-kvartir-izhevsk
remont-kvartir-iskitim
remont-kvartir-ishimbai
remont-kvartir-irkutsk
remont-kvartir-hmelnitsky
remont-kvartir-habarovsk
remont-kvartir-engels
remont-kvartir-ekaterinburg
remont-kvartir-dzerzhinsk
remont-kvartir-chita
remont-kvartir-cherepovec
remont-kvartir-chelyabinsk
remont-kvartir-chapaevsk
remont-kvartir-biysk
remont-kvartir-berdsk
remont-kvartir-belovo
remont-kvartir-belgorod
remont-kvartir-bataiysk
remont-kvartir-barnaul
remont-kvartir-balakhna
remont-kvartir-astrakhan
remont-kvartir-artem
remont-kvartir-arhangelsk
remont-kvartir-anzhero
remont-kvartir-angarsk
remont-kvartir-anapa
remont-kvartir-aksai
remont-kvartir-abakan
remix
reklama.i
regul
registar
rector
records
reception
realt
rde
rb.srv15
rates
rassvet
ran-b2-cj
ramina
railroad
radon
rabbit
r5
qis
qgrav
qar
pypi
px
pwd
putevoditel
purse
purgatory
pu31
psp
pso
psm
psiholog
proxy.streamer
provider
provento
prototip
protec
propiska
promtorg
promocode
promo3
prometey
prometeus
prokuratura
project63
project60
project3
project23
project2
proect
products
proba1
prizvanie
prior
printdepo
primary
pri2
ppr
pppoe-2
ppms
ppma
pozdrav
pot
positions
poseidon
portal.solo
portal1
pop.kaluga
pop1
pomoshkredit
polycom
poly
polirovka
policies
pluto
plumber
plohkredistor
plex
playground
platok
plastov
planshet
planex
pkg
pkb
pjatigorsk
pitkyaranta
piligrim
pif
phppgadmin
phonelog
phil
pfs
petersburg
person
perfect
pechora
pechat
peak
pdd
pbx3
paysystem
pays
paypal
pavlino
parapsiho
paper
pantogor
panno
palazzo
paket
pages
pabota
p5
ovz
ovh
otzyvy
ott
otpusk
otoplenie
otf-lpi-cj
otdyh
osmpay
o.smedia
orn
origin
oriental
option
optika
opengeo
op3
online-test
onlaynzaym
onetwoslim
onepage
oned
olya1
olimpic-games
old.spb
old.smedia
old.karnaval
oko
oit
oil
ohota
ogvk
ogtrk
office.solo
office.smedia
odes
odd
oc1
oauth
nyagan
numbering
ntp3
nstest
ns-tertiary
ns-m9
ns-m10
ns3-l2.nic.ru
ns18
ns17
nrc
noxbit.streamer
noxbit
novokosino
nova-config
nordika
nomos
nomad
nke
ninja
nikolskoe
nignevartovsk
nfz-contract
nexttv
newtest
new5
nemo
neet
nedv
ne
nb
nat58
namik
nadya3
nadya2
nadya
mytarget
mysql.solo
mysql-a
mydog
mxs2
mx-a0
musik
music4soul2
music4soul
museums
mu.cdn
mss
m.shopmirra.t
msd
mrm
mqtt
mq
mp3indir
mp2
mozhga
mozhaysk
moving
motors
motorov
most
mosreg
morozovsk
mordovija
mordovia
monta
monster-high
monopod
mono
monitorix.streamer
monitorix
mobileapp
mobil5w40
mobil5w30
mmc
mlp
mkplitka
mkbpay
mission
mirsud
mirror1
mio
minimal
minikurs
mineralnye-vody
min
milana-s
mila
microzaym
microscope
mgr
mezo
metallurg
messag
mercure
merchant
mens
megapolis
meetings
medphys
mediashal
mburodnik
mbg
mayki
maximum
maximova
matvey
matras
material
massage
massag
mashin
marta
marijjel
mara
manikur
mania
malnet
makis
make
major
mailtux
mailsysbackend
mailsrv
mail.service
mailserv.fo
mail-out
mailnew
mailfax
mail.dev
mail-clients
mail.billing
mail-2
magazin2
magas
m8
m50
m1-n
lyncedge
lw
lure
lukhovitsy
lubercu
lt-gw
lp01
loveis
lokomotiv
logos.portal
logic
lobny
lk-test
lizing
liya3
livny
livezilla
lis
lineage2
likino-dulevo
lif
liebherr
lia
lh
lex
lesosibirsk
lekarstva
legko
leberge
ldpr
ld2
lawyer
laser63
lasbio
lara
lamaisonhome
ladoga
lab2
kyshtym
kvd
kvadro
kuznetsk
kurier
kurganinsk
kupit
kungur
kuler
kuhnya
kugi
kudymkar
ksusha4
kry
krovlya
kreslo
kredo
kreditpopas
kreditnakartu
krasnoturinsk
kraski
kran
kraeved
kr128
kpp
kpd2
kp1
kosmos
korsis
korporativ
korolkov
kora
kontoring
komus
kodinsk
knowledgebase
kmv
kml
kls
klf
kl
kizlyar
kiwi
kirzhach
kirgiziya
kip
kingisepp
kim
kfc
kcs
karkas
karelija
karabash
kar
kalendar
kaf
kadrovik
juzhnosahalinsk
just
joomlatest
job2
jira-ext
jasper
ivr
itsgetting
itil
istochnik
i.solo
isle
iptv2
ipt
iphone5s
ip4
ip190
ip189
ip188
ip187
ip185
ip183
invitro
intim
intercom
intellect
integral
insales
innovation
infra
infinity
imgs
img.i
img.game
iman
im1
il2
ikio
ikea
iherb
iguide
igri
idpe
ideco
ict
icorp
icfpm
iceberg
iccp2015
icc
ica
ibs
iac
ia
i3.solo
i2.solo
hypno
hyper
hudeem99
hublot
html-psy
hsth
hst
hp2
houston
hot-shapers
hotkovo
hosting.solo
host11
horo
hop
holodilnikov
holodilnik
hmao
hivresist
hit
hipeople
himsnab
heap
hdmi
hatchimals
hariz-ma
happy-med
hammer
hakasija
haier
h7
gw6
gw16
gw02
gv2
gv
gt
gsf
grozni
groop
greenweb
gray
gravity
graf
gradient
gracia
gorno-altaysk
gorki
goodzone
goaccess.streamer
goaccess
gm.setting
gm.messages
gm.message
gmarket
gmap
glowmiracle
gipermarket
gidrostrelka
gid
ger
georgia
georesources
geo2
gentoo
generator
gel
geely
gc2
gav
gate3
garazh
gap
gambit
galya
gagarin
g14
fvo
fv
furn
ftr.solo
ftp.kaluga
ftp.home
ftp1c
front1
frm
fridge
french
freemail
fpm
fortis
foros
forge
force
forc-cj
fnti
flybra
flowview
floor
f.logic
flirt
fiona
fingerlings
fifa
fh
fermer
faxmail
fasthair
fair
fagor
face
f11
extjs
exmail
exit
evp
etxt-mobile
etelecom
etc-mon
eremin
equip
eos
eni
engin
enews
encore
emti
em-int
em-ext
elektrik
electronics
electrolux
elaslim
ekaterina
ego
ebook
earnings
eao
dzerjinsk
dynamo
dverros
dummy
dts
dt-int
dt-ext
dsn
ds9
ds15
ds10
ds03
drs
dream
drbl
dps
dprint
dpe
dou21
dou17
dou1
dostavka-cvetov
dominik
dolls
doku
dok
dodge
documentation
dobryanka
do4
dns-master
dns5
dks
dkp
dj
disk.smedia
dimkoff
digest
dictionary
diafan
dhcp2
dev.solo
device
dev-bitrix7
dev-bitrix6
dev-bitrix20
dev-bitrix19
dev-bitrix18
dev-bitrix17
dev-bitrix16
dev-bitrix14
dev-bitrix12
dev-bitrix11
dev-bitrix10
detstvo
detsad4
der
depo
democourse
demobitrix
demo20
delight
delfin
delcredere
deklarant22
dbadmin
daytona
datsun-dealers
datav4
datacenter
databiling
data2
dagomys
d4
cveti
custom
curren
curious
cultura
cube
ctc
cswitch
crocus
critic
cpcontacts.wiki
cpcontacts.test1
cpcontacts.support
cpcontacts.samara
cpcontacts.omsk
cpcontacts.moscow
cpcontacts.a
cpcalendars.wiki
cpcalendars.test1
cpcalendars.support
cpcalendars.samara
cpcalendars.omsk
cpcalendars.moscow
cpcalendars.a
cpatracker
cpanel.ufa
cpanel.m
corpma
corona
contracts
conflict
composites
composite
commerce
coin
cmsql
cmspma
clown
cloud3
clon
citadel
cisco-lwapp-controller
cip
chetz
chernogorsk
chemdiv
champ
chair
cgp
certs
centravto
cdn3
castrol5w40
cards2
capture
canar
camelot.albion
cam3
c4
bykovav-home
bykovav-dom
bykovav
byistrkrednakartu
bx.radio
butik
burjatija
burgasairporttaxi
burenieskvazhin
buran
bukva
bubble
btest
bt2
brjansk
brigantina
brat
boruit
borisoglebsk
bookstore
bolezni
bol
boksitogorsk
board2
bnet
bms
blyhub
blg
blagovehensk
biribidjan
biocrystal
bid
bgs
bf2
beyond
betting
betasystem
berta
berlin
benefits
belorusochka
beko
beautydiscount
be1
bdc
bay
batut
bataisk
base2
base1
bargame
baranova
baltika
balashixa
balans
bailini
bailerry
baellerry1
bacula
backuppc
backloop
babywatch
babylon
b53
b1-gpi-gw
b11
azbuka
ayrosakz
aw
avtoteplo
avtor
avm
avers
autowork
autodiscover.wp
autodiscover.old
autodiscover.mail
autoconfig.wp
autoconfig.old
autoconfig.mail
atz
ati
astrolyceum
astra-temp.streamer
astra.streamer
astra-relay.streamer
astra2.streamer
astr
asdaf
as1
artschool
argument
apsny
april
appsflyer
ap-new
ante
anim
angpnk
andrea
anc
ana.solo
amst3003
amotest
altconf2012
altaj
almessage
alexandr
alexander
alena0
alatyr
akvaloo
aksioma
akb
ah
adygeja
advice
adsl
admgorod
adidas
aceproxy
accord
abroad
abramov
abon
abgymnic
aabykov
999
911
91
900
89
87
85
84
83
82
81
76
701
68
64
5900
56
556
42sys
3gp-porno-video
300
2x2
232
224
2222
214
212
2010.karnaval
201
2007.karnaval
1cfresh
1a
198
196
18plus
119
107
08
014
013
012
011
010
009
008
zvonki
zulu
z-st
zhavoronki
zet
zend
zb
zaza
zavtrak
zastava
zarabotai
zan
yuri
yulya
yks
xv
xen2
x5
www8
www12
www11
ww2
wowza
work6
wood2
widgets
whm.m
whm.kazan
whm.foto
webtutor
webmail.m
webmail.kazan
webmail.foto
webm
webhost
webdisk.voronezh
webdisk.tula
webdisk.test2
webdisk.kursk
webdisk.krasnodar
webdisk.free
webdisk.files
webdisk.chelyabinsk
webdisk.api
web10
web01
watches
walrus
w4
vz2
vs04
vrt
vps2
vpn-b
voz
voskresenskoe
vorkuta
volzhanka
voicemail
vmhost
vm4
vlast
vitus
vis
vip2
viktoriya
video3
vic
vexim
veteran
vertical
valery
vad
uvs
ust-labinsk
ust
ussur
urv
uralsk
uralsib
upr
unlim2
unlim
unknown
universal
univ
uneon
umu
ufsin
uda
uch
uat
tx
twiki
tvip
tux
tury
tun
tum
tul
tu
ttz
tss
tserv
truck
troyka
trk
triumf
trinity
travian
topaz
tomato
tolstoy
today
tnp
tls
titan2
tiande
thor
thegame
theater
texas
testy
testtt
test.shop
test-shop
testbill
test63
test52
test23
test1c
test111
terminal2
terma
tereza
tera
temp2
temp1
tels
tele2
teh
techlib
tec
teach
tdk
tbot
taxi2
tattva
tar
tablo
svp
support1
sumki
sugarcrm
studsovet
strategy
strahovka
strah
stimul
stepbystep
stella
stek
steak
stat4
stand
stalker2
sta
st7
st6
ssw
sstp
ssr
srv02
spy
spt
spot
sportpit
spm
spla
spin
spief
sphere
spbf
soyuz
sosnovoborsk
son
sofia
socnet
so2
snab
smtp.news
smtp.img
smtp.dev
smoke
smit
smarthome
slavyanka
ska
sister
siski
sir
sip4
simpla
server7
server12
sergievposad
sergeev
sensor
selyatino
sdm
scrum
scooter
scool
school92
school91
school90
school89
school87
school41
school-12
sapsan
santeh
samara2
s33
s20
s19
rzs
ryb
ryazanskiy
russian
run
rudenko
rubez
rtmp
rsy
rsp
rrd
router1
rotator
rostok
rostelecom
rost
rosp
roo
romul
rmq
riak
rgisee
rex
restart
resize
remedy
reload
regulation
redis
redir
redfish
recovery
reclama
rdc
rcku
razrabotka
rainloop
radio2
r72
r41
r39
r30
r27
r25
qw
qnap
q1
pw
pushchino
pure
puma
pulsar
pulkovo
pts
ptg
prx
promsnab
prognoz
prod2
proc
prince
primus
previous
prev
presta
pressa
praktika
ppi
pozitiv
postserver
pop.img
pooh
poligrafiya
podbor
pms
pluton
plaza
platinum
pin
physiology
phonebook
pharm
pechatniki
payu
password
partizansk
p24
p23
p22
p20
p12
oxy
osk
osh
osc
opi
openx
omkc
oldest
oirc
ofk
offices
offers
obrazovanie
oblako
o1
nvrsk
nu
ns.msk
nserver2
ns61
ns38
ns37
ns23
ns21
ns1.cishost.ru
novoros
novopavlovsk
novokuybyshevsk
nona
node01
nobel
nntp
nnn
nm2
niva
nina
newsupport
newstatic
newportal
newoffice
nesterov
nep
nemesis
nekrasov
nat59
nat57
nat56
nat55
nat54
nat53
nat52
nat51
nat49
nat48
nat47
nat46
nat45
nat44
nat43
nat42
nat41
nat16
nat15
nameserver
nam
nail
nahabino
nagrada
nadzor
n46
mysql3
mysite
my2
mx-internal
mxe
mx04
mvs
mtw
mse
mpr
mp47
mozdok
move
mostbank
moskow
monkey
modern
mntk
mmt
mixa
mirra
mirny
mir-nagrad
mip
millerovo
miel
midea
mid
michurinsk
meshki
merk
mega2
mc1
maz
marka
marafon
mao
malysh
mailserv
mail.samara
mail.rostov
mail.img
mail-gw
mail.adm
mailadm
m40
m32
m2m
lyantor
lub
ltd
lsrp
lotos
logistik
locarus
ln
litera
liquid
link2
line3
libra
lestnica
lera
len34
leads
leader
laz
landing1
ladder
labytnangi
l4d
kvazar
kvadrat
kuzminki
kurchatov
kultura
kuh
kts
kseniya
ksenia
kristal
kpm
kp2
kovka
kovcheg
kosm
korkino
kontur
kontrol
kontora
kontinent
konditer
kon
kol
kofe
knowledge
kirill
kira
kimovsk
kazakhstan
kasko
karaoke
kant
kamenka
kam
kad
junior
jump
journals
jewel
jesus
jaluzirf
j25
izo
ivc
itm
isup
iss
isi
irq
irma
irc2
ipb
ipa
ip69
ip4ketoni
ip242
ip22
ip1telros
ip1
io2
investmap
interholod
inteko
intech
insurance
ino
infiniti
imsva
imc
imag
ies
ie
id3
id2
ico
ibp
ib2
hudson
http2
hronos
hrm
hp5
housing
host67
host04
host03
host02
host01
hope
hmz
helios
hdesk
harvester
hades
hack
hab
ha
h8
h01
gw-beeline
gw9
gw8
gw24
gw22
gw21
gw20
gw15
gw14
gw12
gw00
gss
gsg
grundfos
graphics
gorsovet
gorodok
gora
golubev
glava
gkm
gk1
git2
gigiena
ghost
geology
gazprom
garmonia
gar
galois
funtik
fuel
ftp.samara
ftp.rostov
ftp.img
ftp.hosting
ftp.demo
fsk
fry
frozen
freestyle
framework
fpk
fotograf
forms
forever
fokino
fn1
flex
fisher
finalprice
fight
fian
fedorov
faces
faberlic
external
exim
exclusiv
ewa
evrodom
evil
eva
euroset
etalonavto
esx3
era
eposta
epg
epay
engineering
emi
emanzhelinsk
emails
e-mail
elen
elect
eldorado
elastix
edx
eds
edinstvo
edimdoma
ecm
eclipse
dyatkovo
dt
ds27
ds02
druzhba
drup
droid
dou65
dou59
dou58
dou16
dou13
donkey
dollar
dolgov
docs2
dnk
dmn
dm1
dkb
django
dive
dit
dialup3
dialup2
dial
diablo
dh
devcrm
dev16
dev15
dev10
detsad5
detsad43
detsad2
detsad10
detsad1
deskwork
demo23
demo1c
demo19
demo18
demo16
demo15
demo14
demo13
demo12
demo01
dcpp
darom
darina
dara
dantist
danilov
cyberplat
cutter
cuba
crystal
cronus
creativity
cq
cpcontacts.voronezh
cpcontacts.tula
cpcontacts.test2
cpcontacts.kursk
cpcontacts.krasnodar
cpcontacts.free
cpcontacts.files
cpcontacts.chelyabinsk
cpcontacts.api
cpcalendars.voronezh
cpcalendars.tula
cpcalendars.test2
cpcalendars.kursk
cpcalendars.krasnodar
cpcalendars.free
cpcalendars.files
cpcalendars.chelyabinsk
cpcalendars.api
cpanel.kazan
cpanel.foto
cosmetology
conv
console
common
cnt2
clients2
clear
citybar
citforum
cisco2
chop
chkalovsk
chisto
chernovka
chemodan
chat2
charter
chaos
cgb
cfs
cest
cerber
cent
cds
catalogue
castle
cashtest
cameras
cal
bytovki
buket
budweisbar
bti
bt3
bsa
brandbook
boro
blanks
blade
bitcoin
birsk
bim
biletix
bil
bike
bgp3
beta3
bereza
belarus
beka
beeline1
baranov
bankir
balancer
babushka
b212
aznakaevo
avv
avtozapchasti
aventa
avconf
autograph
autodiscover.en
autodiscover.admin
autoconfig.en
autoconfig.admin
ats2
atlanta
athena
atest
asy
asurid
askue
aserver
arx.intra
arsen
archiv
aquapel
appserv
application
app4
anya
antonio
antique
angel1
angara
andromeda
amxbans
amt
aman
alyance
alliance
alle
alexa
alert
alcon
ajax
afi
adx
adrenalin
adr
admins
adminka
acid
accskoda
abonent
abitur
a9
a8
a7
a10
8marta
734
5k
4x4
215
1f
1cbo
158
1540
154
152
134
zvx
zvo
zrenie
zoosfera
znanie
znamensk
znamenie
zlato
zkr-eng
zima
zilant
zhukovsky
zhlobin
zhirnovsk
zhemchuzhina
zheldor
zhar-pizza
zerobin
zerkala
zeon
zdravo
zavr
zavolzhsk
zav
zaslon1
zarya
zar
zaklinskoe
zak
zag-slk.dev
zagdom
zaborevskoe
yuzha
yuriy
yulianna
yubilejnyj
yoshi
y-ola
yekaterinburg
yasnogorsk
yas
yana
yaht
yad
xxl
xo
xn--j1a
xn--g1aol7b.xn--p1ai
xml-rel
xh
xenapp
xen1
ww6
wu
ws.hotels
wserv
ws.agency
ws3
ws2
ws01.r2-0
wrk
writer
wptest.dev
wpdemo.dev
workplan
work9
work8
work7
work10
wm2
winupdate
wins
wifiof
wifi2
wi
whm.wiki
whm.wap
whm.test3
whm.test1
whm.samara
whm.ru
whm.omsk
whm.eng
wheels
wgate
westa
wellness
webtest3
webstudio
webshop
webmail.wiki
webmail.wap
webmail.test3
webmail.test1
webmail.samara
webmail.ru
webmail.omsk
webmail.eng
webmail.dev
webmail21
webim
webgate
webdisk.yaroslavl
webdisk.wap
webdisk.volgograd
webdisk.site
webdisk.saratov
webdisk.ryazan
webdisk.ru
webdisk.orenburg
webdisk.lp
webdisk.love
webdisk.lipetsk
webdisk.krasnoyarsk
webdisk.kirov
webdisk.izhevsk
webdisk.cms
webdisk.chita
webdisk.belgorod
webdisk.avia
webchat
webcall
web6
web5
web11
wcf
ways
waterfall
wasp
wappwa
wappgw
vvk
vu
vtormet
vtb24
vtb
vsvete
vshnl-gw-end
vsh
v-sankt-peterburge
vs03
vs02
v-rostove
vrach
vpnx
vpn.spb
vpn-ext4
vpn-ext3
vpn-ext2
vpn-ext1
vpn-3
vpn-2
vpn02
vpbx
vp2
vp1
voting
voronezh.technics
voronej
volsk
volksweg
volkswagen
voljskiy
volhov-library
volgorechensk
volgaengl
voip-gw
voip3
voice2
voi
vodtest
vn1
vmm
vmart
vlasova
vkusno
vkbot
vk1
vjud.jabber
vizitki
vitebsk
vispring
visitor
virusology
virus
vips
violetta
viola
vio
viennacitybreak
vidik
videotest
videocloud
vichuga
vhs
vhost2
vh1
vgw1
vgt
vg1
vetluga
veteranov-net
vesti
vesna2007
vernadskogo
verda
veranda
ventus
ventforum2
ventforum
veneta
vending
ven
velsk
velikiynovgorod
vek
veeam
vds2
vc1
vault
varta
vap
valter
valeria
vahta
uvu
uvo
uud
uucp
utp
utk
ust-kut
ust-katav
ust-kamenogorsk
ussk-r1-pppoe
uss
usm
usb
usanov
usadische
us1
upsource
ups2
upgrade
update2
up2.uc
up1.uc
unms
unixtime
university
uni-t
unit
unisnet-gw
uni-p
unifest
unesco
un
umor
ultima
ult
udp
udm
ucm2.uc
ucm1.uc
uccx2.uc
uccx1.uc
ubka
ua1
u6
u1001
twe-winter2018
twe2018
twe2017
twe2016
tv-online
turtle
tulun
tula1
tuimazy
trouble
tr-operation
trim
trend
tre
traveleng
traveleg
trash
tranzit
translator
trans-expo
transexpo
transeng
trackstep
tpr
tpcms
toptrade
tophotels
topas
tonirovka
tomilino
tolk
tolerance
tmr
tkim
tisr
tir
tipovoe
timberone.ru
tikhvin
tik
ticket1
tic
therapy
texts
testuch
teststage
testsite1
testrail
test.pbx
testing3
testi
testfront
testdns
test-crm
testclinics
testclin
testartem
testa
test97
test96
test95
test94
test93
test92
test91
test76
test38
test33
test25
test110
test109
test108
test107
test106
test105
test103
test102
test-1
test03
test000
tese
terrarium.ipm
terrarenata
terminator
terminalrds
termin
terasaki
temporary
telka
tekh
tejkovo
tehosmotr
tehkom
teen
techgrow
tcr-vshnl-gw-rad
tcr-vshnl-gw-dsl
tcr-sgv-gw-rad
tcr-sgv-gw-fiber
tcr-rkors-gw-dsl
tcr-chernspsk-gw-dsl
tcr
tatyaninday
tatarstan
tarot
tarko-sale
tamada
tallinn
tak
tais
tagillag
taatta
t45
szsk
sweetdonut
swamp
sw3
svt
svk
svinki
svg
svetlograd
svd
super-shop
supernova
supermicro
superheroes
sunner
sunflower
sun2
suhoe
subscriber
submit
stt
strposg
stroytorg
stroydom
stroycom
strogino
strkf
storage0
stol
stmt
sti
stf
stest
statsx
state
stata
stat24.dev
startups
starozhily
starkov
stark
stanok
stanki
sszpin
sszp
ssm
ssk
ssa
ss01
srub
sql2
sql01
sputnikbaikal
sptv
sprache
spotmap
sportschool
sports
splash
spinst
spectra
spectr
spectehnika
special.social
specials
special.culture
spdev
spc
spart
spark
sp4
sp3
soznetz
sozialhilfe
soz
sov24
south
sosnogorsk
sorrypage
soroka
soprmat
sonli
sonata
som
solomon
solman
solid
solaris
sokolov
sokolniki
soho
society
sobinka
sobin
sno-law
sniff
sneg
sneaky-wiki
smtp.penza
smtp.hosting
s-msg
smsbank
smsadmin
sms2
smpp3
smotreshka2
smotr
smena
smartphone
smarthouse
smartbiz
s-main2
s-main1
sm2
slavyansk-na-kubani
slastenka
skt
skovorodino
ski
skachayka
sipx
sip-dcb
sip-dca
sinyavino
sinergia
sindbad14
sin
simcenter
signature
sigma1
siedlung
sibsoc
sibregion
sibles
sia
shura
shumerlya
shugozero
shtukaturka
shrek
shpon
shp
shopscript
shoppingeurope
shop24
shlagbaum
shk15
shimanovsk
shherbinka
sherlock
sherbinka
shelly
shelkovo
shelf
shebekino
sharya
shamsh32
shahti
shah
shag
sguard-sgv-gw-rad
sguard-sgv-gw-dsl
sguard
sg01.r2-0
s-foto
sez.vpn
seversk-church
severouralsk
seti
server65
server64
server1c
server0
serpent
sergei
sergach
serebryanskoe
serdobsk
seph
seo2
sendsay
semya
semikarakorsk
sema
selhozpererabotka
segment
segezha
seemetrix
sede
secam3
secam2
secam1
sebuydo.dev
seat
sdesk
scp
schroff
schoolv13
schoolv10
school.msk
school55
school47
school2v
school2k
school-17
school00
sch-horizont
sch1311.msk
sch10
sbrftest
sbrf2test
sbrf2
sapsupport
sana
salsa
sakh
saigon
sad1
sabskoe
s86
s81
s72
s70
s64
s63
s37
s29
s27
s26
s23
s22
s05
rzhev
ryazhsk
ryabinushka
rvd
rusproekt
rucheek
rti
rsz
rsoko
rs2
rs1
rpn74
rpn62
rozmarin
roulette
rostovskaya-oblast
rostest
roshino
ronyodil
romania
roger
robot2
rnr
rngm
rkors-gw-dsl
rkors
rkc
rj
rixos
rings
rig
rif
ric
riba
reversgroup
resurs
reset
req
replace
remobi
rel
rekord
rek
reiki
regs
regor
regionet
reel
redmine2
recepty
recept
reb.dev
reb
realestate
read
rds-gw
rdp1
rdns2
rdns1
rcentr
rbth
ratkonkurs
rarus
rapida-sgv-gw-dsl
rapida-proxy2-gw-i
rapida-proxy2-gw-e
rapida-hoster-gw
range
rand
ran
ralion
rak
rail
radogoschinskoe
radius2
radius-1
radiocast
radial
r10
qs
py
pws
pvx-vshnl-gw-rad
pvx-vshnl-gw-dsl
pvx-vshnl-gw3
pvx-vshnl-gw2
pvx-office-gw
pvx
putin
publisher
public4
public3
pu-50
ptica
pt2
pt1
psyholog
psu
pstn
pstd.dev
pss-tst
psstest
proxy2e
proverka1
prostor
pronina
promtech
prokopyevsk
projects.ipm
project9
project65
project16
project15
project12
project10
project1
prog2
proezd
privolzhsk
primorsko-akhtarsk
prilipaly3
prilipaly2
pricep
price1
pretest
preproduction.f
preproduction
prep
pre-crm
praga
pr2
pppoe-5
pppoe-4
pppoe-3
pppoe-1
ppd
potato
postfix-admin
poster
postavka
posix
poputchik
pop.spb
pop.penza
popova
pop.news
pop.hosting
polyrack
polyakov
pologa
politics
polina
pokupki
pogreb
podushki
podium
poddomen
podborovskoe
pnpo
pmb
plus1
plone
platonov
plastika
plastica
pk2t0
pitomnik
pis
pinsk
pink
pinboard
phpmytest.ipm
phpadmin2
phconcept
pharma
pgo-400
pfa
pez
petropavlovsk-kamchatskij
peter
perovo
peremenka
penoblok
pelle
pekar
peer
pediatr
pechataem
pe
pda.social
pct
pchela
pcb
paykeeper
payeer
pay1
pastor
pasport
pashozero
paseka
pars
parrot
parma
parks
parked
park-avenue-poselok
paraplane
parallel
paradise
parad
pansion
panasonic
pallada
palermo
pakhra
painting
pageproof
p8
p27
p15
p13
ozherele
oxu
owngame
owa-spb
owa3
owa1
outpost
otzyv
ots
oto
oteli
otdelka
otc-sale
otc-mnt
otc
osrm
osminskoe
osipova
ortlen.msk.ort.ru
orsha
original
orhideya
orel.technics
orc
orator
optic
ophelia
operation
openid
opencart3
oopt
onyx
onlineshop
online.dev
online2
on-line
onlime
oniks
omz
omni-rcms1
omnicomm
oma
olx
olenegorsk
oldsupport
oldshop
old.school.msk
oldphoto
oldmsg
oldmain1
old-journal
old.interholod
old.images
oldhilfspolitik
oldgeschichte
olde
old.deutschkurse
oktyabrsk
okt
okino
oka
ok2
ogame
office3
odisseya
odejda
ocstore.dev
ocstore-dev
ochki
oborudovanie
oat
nvm
nvk
nurlat
nud
ntp-nsk
ntp-msk
ntp4
nto
ntk
ns-two
ns.test
nst
ns.spb
ns.r54
ns.r52
ns.r49
ns-one
ns.local
ns.dev
ns53
ns52
ns51
ns4-l2
ns31
ns2.spb
ns1.spb
ns1.inr
ns16
ns.1540
ns15
ns14
nrz
nrt
nowhere
novotroick
novotech
novoselskoe
novoaleksandrovsk
novel2
novel
normaderm
nomera
nomer
nojabrsk
node2.cdn
node1.cdn
node02
nod3
nko
nj
nizhny-tagil
nir
nikolsk
niklaus
nice
nicadm
newwebsitetest
newservice
newserver
newpoliclinica
new.cms
newbibliothek
new-best
newbalance
new4
new.1540
nevyansk
networking
netschool2
netschool
netline
nes
nelly
nebug
ndk
nazia
naz
navashino
nautilus
nau
nat9
nasa
naro
name2
nalog78
nalog47
nalog31
nalog29
nagornaya
nadym
naberezhnie-chelni
nabchel
nab
n98
n84
n81
n78
n6
n5
n48
n47
myweb
mytischi
mysql4
mysms
myrouter
myhome
myblog
mxrelay
mxk
mx15
mwiki
mvkdesign
mvideo
musor
museum.sch1311.msk
museum-en.sch1311.msk
murr
municipal
mtu-gw
mtt-gw
mt1
mstore
m.social
mso
msktest
msk-ix
msa
mrschool
mrp
mr-moto
mrg
mr1
mpp
mpnu1c
mp1
mozyr
moxa
motion
mot
moscow2
moroz
mordor
mor
moodle.school.msk
moodle.ipm
monokulyar
mongo
mom
molot
mogilev
moedelo
modx1
modis
mobilesearch
mnemo
mkr
mk2
mj
mitrofanov
mitht
missia
miro
mirklimata
mira22
minzdrav
minsvyaz
millenium
mikbill
miele
microsoft
microserver
michelle
mhpi
mgw
mgts
mgntl
mgate
mfk
mfctest
mfcrb
mezoroller
metrika
mesoroller
melody
meleuz
mei
megaprom
megacount
medvezhegorsk
mebelcity
mdx
mdg
mcc
mc2
mbtvt
mbt
m.breeze
may
masla
maska
mas
marmelad
markup
mariya
maria
manda
management
malekshouse
maleficarum
malahit
maks
maintest
main3
mail.ufa
mailt
mail-r
mail.penza
mailolg
mail-m1905
mailkom
mail.karel
mailing
mailgw
mail.edu
mail.eco
mail-dmt157
mail-cc100
mail.1540
mail11
mail-1
magnolia
magicair
maga
mafia
m9-br1
m200
m01
lz
lync-ws
luza
lukomorie
ludmila
luch
luberci
lr
lptracker
loftec
lodpole
lnt
lng
lmp
ll
lkback
lkapi
liski
lisinskoe
lipki
linker
lines
line2
lifestyle
licey81
licey34
liceum
licence
libweb
lib2
lety
letopis
less
lesbi
lesa
lermontov
lensk
lendsoft
len1
legprom
lebyajenskoe
ldm
ld1
lcp
lashup
lar
landing2
lancelot
lamzak
lab-ipm
l11
l10
kzsk
kve
kvark
kuzneck
kuznechnoe
kusa
kursk.technics
kursetest
kursecms
kurse
kuhni-na-zakaz
kudesnik
ksv
ksp.luga
kronshtadt
kr-mx01
krivbasswifi
krit
krim
krest
kreml
krem
krasotka
krasnoyarsk6
krasnoufimsk
kpd
kozlov
kotel
koskovskoe
koshki
koryazhma
korenovsk
kop
konstantinovsk
kons
kondopoga
konakovo
komp
komnata
kommunarka
kolovesi
kolibri
kolchugino
kolchanovskoe
kolber
knurr
knuerr
knopka
kmr
klimovskoe
klaus
klad
kizil
kits
kitezh
kite
kirova
kirillov
kinodrive
kinfo
kinder
kimry
khasavyurt
kesk
kes
kerberos
keng
kdb
kasli
kashin
karel
karavella
kapika
kandalaksha
kanc
kameshkovo
kamensk-shakhtinskiy
kalojickoe
kalita
kalidi
kalender
kalach-na-donu
kadri
kabel
kab
july
jugendtreffen
judo-sambo
jt
js2
jj
jenny
jazz
jalousie
izum
izsk
izberbash
ivanovskoe
ittal
itp
itis
italy.alpendacha
italia
istok
israel
isogd
islands
is2
irc.jabber
ipu
iptel
ipmi.bgp3
ipmi
iphone7
ipf
ipbx
ipb2
ip71
ip65
ip5
ip47
ip44
ip43
ip41
ip-33-9-static
ip-33-8-static
ip-33-7-static
ip-33-6-static
ip-33-5-static
ip-33-4-static
ip-33-3-static
ip-33-31-static
ip-33-30-static
ip-33-2-static
ip-33-29-static
ip-33-28-static
ip-33-27-static
ip-33-26-static
ip-33-25-static
ip-33-24-static
ip-33-23-static
ip-33-22-static
ip-33-21-static
ip-33-20-static
ip-33-1-static
ip-33-19-static
ip-33-18-static
ip-33-17-static
ip-33-16-static
ip-33-15-static
ip-33-14-static
ip-33-13-static
ip-33-12-static
ip-33-11-static
ip-33-0-static
ip3
ip251
ip250
ip249
ip248
ip241
ip240
ip191
ip186
ip184
ip182
ip181
i-ola
intraservice
intovar.ru
institut
inforum
infobiz
inetrout
index
incubator
incjira
ims
imperiavega.ru
imperial
imit
imemo
ils
illusion
ildar
igw
ifnamvd
iflyltd
if
iec
idope
ibn
i9
i8
i6
i46
i45
i44
i39
i37
i36
i35
i34
hw2000
hub2
hti
hst2
hse
hsb
hrami
hovrino
houses
hosting-1
hostadmin
host9
host8
host135
horowp.dev
hole
ho
hny
hltv
hleb
himchistka
hilfspolitik
high
hesk
hermesx
hell
helix
hdx
handy
hameleon
hall
hak
h76
h75
h74
h73
h72
h5
h0
gzlo
gyzleningrobl
gyro
gymnasium5
gymnasium49
gymnasium21
gymnasium16
gymnasium12
gymnasium1
gym
gws
gwl
gw-core
gw17
gusinoozersk
gulkevichi
guild
guestbook
gudermes
gtp
gt-group
gtapp
gst
gryazovets
groznyiy
grillmania
grass
graphs
grant
granitas
grabber
grab
gprs
gpp
gplus
gosti
gossaas
gosha
gorod-tihvin
gorod-priozersk
gorod-podporoje
gorodluga
gornyak
gornoaltaisk
gorelovo
go2012
gnss
gmz
gm2
glusterfs2
glory
glo
gku
gkracessport
gissar
gin
ghi
gh
gfs2
gfc
gevorg
getprice
getnic.venus
getnic.mercury
getnic.mars
getnic.earth
geschichte
geroev
germes
geoserver
geoip
gene-biology
gena
gelios
gekkon
geirz
gefran
gefest
gedenkbuch
gavrilov-posad
gatekeeper
gate97
gastreet
gankovskoe
game1
galleryhome
gaidar
gai
g4
futuro-park-poselok
furmanov
funny
fudkom
ftp.tv
ftptools
ftptool
ftp.penza
ftp.pay
ftp.news
ftp.dev
ft-08.ft-07
ft-08-c
ft-08-b
ft-08-a
ft-08
ft-07.ft-08
ft-07.ft-02
ft-07.ft-01
ft-07-e
ft-07-d
ft-07-c
ft-07-b
ft-07-a
ft-07
ft-04.ft-01
ft-04-c
ft-04-b
ft-04-a
ft-04
ft-03
ft-02.ft-07
ft-02-a
ft-01.ft-07
ft-01.ft-05
ft-01-ft-04
ft-01-a
ft-01
fssp
fs7.dev
frontoffice
frolovo
friendlytoys
freeman
freelancer
freehosting
fotos
forward
forum.x8faq.ru
forum2013
fordev
flypoker-m
flora
fler
fleet
firebird
finupr
finesse
fina
filmoscop
fileserver.srvr
files1
file1
fila
feya2
felix
feb-web
fdp
fbm
fb2
fauna
fargo
fareast
fantom
familycenter
_failover
facemash
f3
exwaye2.uc
exwaye1.uc
exwaye1
extreme
expl
exp5
exp4
exp3
eximlog
exhaust
executive
excel
exc
evgenia
eur
ets
et
esx4
esti
eso
esmtp
esm
e-shop
eset-update
esc
ertil
equipment
eq2
epilog
epilage
envy
entry
engineer
eng.amber
enforta
energoaudit
enclo
ems.apatech
e-mail.fs
eltex-ems
eltech
elsa
elpriem
elo
elizar
elibrary
eldon
elaboration
el2
ekater
ej
ehlektrostal
egrul
egr
egoist
efir
edufresh
educ
edoc
ecotech
eco-sovet
ecoslim
e-commerce
ecology
ecolog
echoes
ebony
east
earn
dzheguta
dyndns
dush
duma2
dubrava
duality
dsunk5.oea
dsunk11.oea
dstat24
dss
ds-operation
dsh
dse
ds87
ds7
ds33
ds30
ds26
ds23
ds20
ds187
ds18
ds16
drvasin
downloadgames
dou72
dou61
dou56
dou54
dou50
dou46
dou38
dou35
dou31
dou15
dostup
dos
dooel
domaindnszones
do.ipm
dobro
do3
do1
dnt
dnsmanager
dns1outer
dnmetall
dmpvpn
dmitriev
dlink.mm11
dlink.bm18
dla
dkm
djemete
diz
diving
distr
distance
discovery
dis
direkt
dimex
dikidi
digi
diet
dhcp1
dgf
df2
devzone
dev-my
dev.m
devis
devel4
devel2
dev11
dev0
deutschkurse
detsad9
detsad82
detsad8
detsad79
detsad77
detsad73
detsad72
detsad71
detsad7
detsad61
detsad56
detsad53
detsad52
detsad41
detsad39
detsad3
detsad27
detsad21
detsad20
detsad18
detsad12
detsad11
deti-invalidi.social
detfond
det
design1
depedu
dep
deni
demostat24
demo.s003
demo.edi
demodevstat24
demo.cms
demo5stat24
demin
decod
dec
de.alt
deal
ddom
dd2
dc2.office
dc1.office
dbo2
dbo1
db02
db01
day
datings.dev
dash
darya
damp
dal
dairy
dagestan
daewoo
d7
czech
cyberpower
cvilevskoe
customers
currency
cuda
cstrike
cso
csdm
cs-cart
cs50
cryptopia
cry
crt
crp
cronws
cris
crew
credits
crc
crashinfo
crafter
cpcontacts.yaroslavl
cpcontacts.wap
cpcontacts.volgograd
cpcontacts.site
cpcontacts.saratov
cpcontacts.ryazan
cpcontacts.ru
cpcontacts.orenburg
cpcontacts.lp
cpcontacts.love
cpcontacts.lipetsk
cpcontacts.krasnoyarsk
cpcontacts.kirov
cpcontacts.izhevsk
cpcontacts.cms
cpcontacts.chita
cpcontacts.belgorod
cpcontacts.avia
cpcalendars.yaroslavl
cpcalendars.wap
cpcalendars.volgograd
cpcalendars.site
cpcalendars.saratov
cpcalendars.ryazan
cpcalendars.ru
cpcalendars.orenburg
cpcalendars.lp
cpcalendars.love
cpcalendars.lipetsk
cpcalendars.krasnoyarsk
cpcalendars.kirov
cpcalendars.izhevsk
cpcalendars.cms
cpcalendars.chita
cpcalendars.belgorod
cpcalendars.avia
cpc
cpanel.wiki
cpanel.wap
cpanel.test3
cpanel.test1
cpanel.samara
cpanel.ru
cpanel.omsk
cpanel.eng
countrychicken
cosmetic
corruption
corp2
copyright
cooking
converse
contrib
contingent
constitution
congress
confportal
confl
conchita
complaints
compas
comiss
comanda
collect
col
cognitom
cmstest
cms1
cmc
cluster1
clinshum
client-1u3
classika
claim
cjc
citizen
cisco-vpn-4
cisco-vpn-3
cisco-vpn-2
cisco-vpn-1
cisco1
cinnabon
cian
church
chudovo
chrysler
chronograf
chr
c.hostalot.me
choco
ch-main
chl
chicago
chernushka
chern-rtr-chernspsk-gw-dsl
chern-rtr
cherepovez
cheremushki
cheese
chasi
chan
cha
cet
cerberus
centrmag
centrb
celina
celebration
cdt
cdp
cdn.www
cdn.dev
cdn5
cdn4
cd-apps
ccstat-msk
catalog2
cat3560.mm11
cat2
castrol5w30
casper
casio
cashbox
carinthia-ski
cand
canada
camping
cam02
cam01
callisto
calligraphyschool
call-center
cabsys
cab2
bykov
buyan
buturlinovka
busines
bushnell
burgas
burenie
buratino
bungalo
bulgaria
buinsk
builder.cp
bugz
buguruslan
bts
brutal
brk
bristol
breeze2
breeze
bred
bras
branch
br2
br1
boys
boyko
borskoe
borovoe
borovichi
borneo2
borneo1
border1
boost
bookmarks
bolshedvorskoe
bolan
boh
bogoslovlag
bogorodsk
bogdanovich
bochka
bmx
bmg
bmfresh
blitc-1
blackdesert
bl1
bks
bkp
bk2
biz1
bitrix-test
bitrix1
bison
biruza
biomech
biodeka
bikin
bigblue
bibliothek
b.hostalot.me
bezenchuk
betacorp
berry
berezovka
bereg
belozersk
belomorsk
belokurikha
bella
belka
beats
be2
bcp
baze
bazapod
bastet
barsik
baranovichi
bankrupt
ban1
bamboo
bambini
bakal
backup.dns
backmngr
b96
b61
b45
b2bsbdo.development
b100
b10
azure
azarov
avtouazrem
avtomoyka
avreg
avp
avk
avicenna
avia-dev
avg
avecms
avantel
avanta
autoschool
autoreply
autopark
autodrive
autodiscover.test1
autodiscover.spb
autodiscover.hq
autodiscover.dev
autodiscover.demo
autodiscover.corp
autoconfig.dev
autoconfig.demo
aura
aur
aukcion
atr
atmosfera
atlantis
atlantida.p2p
atkarsk
atk
atg
asn
asha
asf
artis
artgallery
artek
arom
armada
arhimed
argus
ardex
arcada
arc2
aragorn
aquila
aprt
apparat
app101
app100
apn
api-test
api.lk
api-insurance
api-1u3
api1
apatech
aparts
ap3
anzeige
anywhere
anyconnect
antivor
antiq
antena
antal
another
annushka
anneklein
ankor
anker
anisimovskoe
angular
angar
anet
andreeva
anatoly
analitic
amursk
amr
amocrm
ameli
ame
amd
amazon
alye-parusa
altufyevo
alto
alta
alpina
alpendacha
allpositions
alligator
allegro
allbooks
alive
algol
alfra
alfatravel
alfabank
alex064
alerts
aleba
albatros
alapaevsk
alabuga
akulife
aktiv
aktau
akg
ahtubinsk
a.hostalot.me
agw1
agryz
agroprom
agp
agn
agidel
africa
advantika
admin.mail
adminer
admin3
addr
adapt
adam
activation
actions
abuse
abstimmung
abrau
abmk
abg
aan
aaaaaaa
a0
95
93.95.101.236
93.95.101.235
93.95.101.234
93.95.101.233
93285.venus
93285.mercury
93285.mars
93285.earth
93
91.232.134.225
904
86.62.112.126
86.62.112.121
86.62.112.120
822
8200.dev
7t
7sekret
79.111.0.71
77.120.121.37
77.120.121.177
6f
666
5stat24
535
4s
4d
46.4.53.67
4444
40.114.213.29
3steps
3g
365
2i
29.213
28.213
245
23feb
238
218
208
203
202
1cwp
1ctsg
1cportal
1cgw
1cfresh-pg-03
1c8307
1c8304
1c8301
195.9.141.117
195.9.141.116
195.91.162.198
195.91.162.197
195.91.162.196
195.91.162.195
193180.venus
193180.mercury
193180.mars
193180.earth
192.102.7.47
179.213
178.250.240.37
178.213
178
173
1594965.dev
157
146
144.76.93.146
139
131
129
127.0.0.1
125
1235
1221
105
104
zyxel
zyx
zvezdniy
zoo3
zoo2
zont
zone
zol
