www
mail
ftp
pop
smtp
localhost
ns2
ns1
webmail
webdisk
cpcontacts
cpcalendars
ssh
test
cpanel
whm
ns
new
pop3
mx
old
autodiscover
imap
m
ipv4
autoconfig
forum
dev
shop
admin
ns3
vpn
en
dns
img
it
demo
blog
mail2
wiki
ns1.rus-dns.ru
ru
crm
ns4
de
stat
es
fr
mx1
gw
lv
cz
mx2
spb
uz
dreli
support
test2
sip
sftp
api
web
relay
kazan
office
samara
video
lk
files
krasnodar
cloud
portal
perm
omsk
1
wap
my
home
saratov
d2
novosibirsk
volgograd
chelyabinsk
test1
news
d1
mail1
krasnoyarsk
irkutsk
beta
adm
tomsk
mta
ekaterinburg
ufa
redmine
info
t2
e2
e1
www1
server
voronezh
tula
penza
kemerovo
barnaul
vladivostok
kirov
belgorod
promo
post
izhevsk
www2
billing
proxy
jabber
vladimir
help
dns1
chat
yaroslavl
dns2
service
rostov
1c
kaluga
e4
e3
vologda
zabbix
lp
hosting
git
eng
stavropol
chita
ryazan
surgut
murmansk
s
cp
a
smolensk
ulyanovsk
habarovsk
mobile
lipetsk
f1
tambov
online
orel
msk
ts
tyumen
main
v2
kurgan
bill
myadmin
2
abakan
gate
f2
h1
test3
voip
tolyatti
h2
media
saransk
corp
tv
email
photo
g1
g2
arhangelsk
sterlitamak
catalog
t1
mysql
foto
kursk
vladikavkaz
backup
wp
orenburg
t
pbx
db
owa
static
in
v1
site
i
sochi
pay
angarsk
svn
s1
ns2.innino.ru
ns1.innino.ru
auto
ns5
work
tver
mahachkala
v3
t3
seversk
cs
root
dzerzhinsk
severodvinsk
novgorod
miass
biysk
salavat
ivanovo
b
v4
nsk
meet
t4
berdsk
v5
edu
cherepovec
cdn
job
client
speedtest
vk
ntp
t5
game
host
astrakhan
anapa
reg
seo
moscow
e5
srv
doc
t8
cabinet
artem
v6
t6
bitrix
v9
panel
bryansk
v8
t9
t7
store
lyncdiscover
app
v7
radio
market
e9
e8
e7
e6
r1
partner
engels
jira
pma
dom
minusinsk
irc
cms
lib
design
games
vpn2
school
local
moskva
prokopievsk
kaliningrad
ekb
dc
monitor
mezhdurechensk
ulanude
f
cat
r2
conf
gen
av
0
rdp
cheboksary
kostroma
i1
belovo
3
no-cache
nikolaev
d3
myski
stats
slavgorod
osinniki
j3
sale
jd
tashtagol
r3
kaltan
sport
sms
start
mx3
jb
test4
shepetovka
ntagil
file
bataiysk
tn
ftp2
chapaevsk
yfa
yarovoye
st
spasskd
ja
j7
j2
i0
hmelnitsky
dialin
anzhero
t0
pda
novokuzneck
j1
s2
kiselevsk
je
kstovo
iskitim
ns0
mail3
jc
gitlab
f0
cacti
art
temp
r0
r
mb1
jf
j6
j5
j4
zarinsk
k0
j9
j8
j0
e0
docs
d0
aesm
zhigulevsk
n
p
novodvinsk
map
kopeisk
nn
monitoring
leninsk
krasnokamsk
balakhna
novoaltaysk
moodle
time
shelehov
mihailovsk
krasnoslobodsk
download
d
novorossiisk
aksai
volzsky
sp
novokuybishevsk
noc
ishimbai
c
exchange
boxs-pool66
remont
nagios
e
ca
mon
iptv
pskov
zakaz
do
w3
sd
magnitogorsk
live
direct
dev2
rt
music
base
podolsk
petrozavodsk
m1
wifi
mp3
top
project
lists
helpdesk
master
gallery
opt
ns6
w
test5
yakutsk
astrahan
tumen
terminal
taganrog
med
pro
landing
tech
ip
v
storage
lync
ds
data
sevastopol
bratsk
travel
m2
lab
update
club
rostov-na-donu
rabota
mebel
dir
search
fs
cam
asterisk
otrs
b2b
webinar
nizhnekamsk
modx
mag
conference
bbb
vpn1
nizhnevartovsk
syktyvkar
o
control
ad
pm
block
vip
router
magazin
kolomna
ulan-ude
orsk
www3
taxi
krasnogorsk
board
love
images
himki
phpmyadmin
4
avia
vm
tracker
ssl
soft
library
avto
x.www
simferopol
realty
smart
imap4
bt
alpha
z
pushkino
museum
manager
free
balashiha
projects
pr
sankt-peterburg
nalchik
kino
ga
bot
tst
testing
special
nas
hotel
auth
sex
joomla
book
xmpp
tender
sc
repo
new2
ms
go
demo2
bb
sandbox
x
clients
stroy
k
archive
tmp
stage
novokuznetsk
noginsk
armavir
rm
reklama
novorossiysk
lipeck
gateway
almetevsk
a1
remote
ramenskoe
obninsk
norilsk
expert
booking
adv
pp
ex
domodedovo
cherkessk
b2b-m
123
neftekamsk
g
2016
w1
s3
relay2
okna
gw2
ga2
webdisk.test
task
pyatigorsk
link
cpcontacts.test
cpcalendars.test
3d
test6
term
serv
rus
l2
develop
best
5
w2
services
ok
n2
gw1
devel
ads
wm
sklad
dev1
business
a2
volgodonsk
ss
owncloud
murom
mm
bans
sql
rd
print
price
portfolio
login
j
balakovo
b2
alex
syzran
srv1
im
chel
2017
ws
upload
cc
partners
ns01
mc
kids
mrtg
kislovodsk
erp
demo1
books
xml
tools
test7
payment
mx01
kovrov
ftp1
arenda
all
ticket
social
sb
geo
bonus
achinsk
10
tt
proba
plan
nahodka
mailer
lg
land
isp
calc
7
ldap
html
c1
b1
ats
sales
php
money
kz
khabarovsk
gps
alfa
team
sm
report
ns8
mail2.myarena.ru
konkurs
dns3
disk
user
serpuhov
sergiev-posad
rybinsk
pervouralsk
novocherkassk
n1
mob
kyzyl
kvm
finance
apps
2018
rss
noyabrsk
mt
korolev
internet
int
c2
berezniki
agent
stream
komsomolsk-na-amure
irk
eco
css
arzamas
zlatoust
ovpn
ns02
mssql
mailadmin
kerch
da
zimbra
z2
subscribe
public
phone
newsite
l
gazeta
dl
dimitrovgrad
sys
pptp
net
mxs
magadan
list
baza
z1
trade
speed
shahty
opencart
odincovo
novomoskovsk
essentuki
crimea
connect
biz
test8
style
robot
parser
naberezhnye-chelny
deti
delta
calendar
access
9
xxx
webmail.test
studio
orion
log
journal
icq
hd
doska
x1
tr
secure
super
red
rc
ns7
nizhniy-novgorod
max
intranet
imaps
fw
x2
vds
transport
track
sub
relay1
op
nod
mk
l1
derbent
webconf
tour
system
order
munin
mirror
joshkar-ola
32
wordpress
wedding
us
tm
test9
sk
pl
madac
kb
domain
dm
2015
whm.test
ural
ps
oc
mx4
ml
mantis
man
hr
cpanel.test
aqua
agency
ussuriysk
staging
staff
sdo
mega
mars
kurs
invest
hub
elista
clocat
check
cards
buh
webcam
sv
share
reutov
pravo
nat
moto
mail.test
kp
is
host2
h
as
tests
rds
gis
core
ac
2012
web2
users
unifi
rs
pop3s
ns9
novocheboksarsk
maps
evpatoriya
city
ast
anna
web1
vrn
uc
rent
pandora
nevinnomyssk
mg
ks
forums
for
dealer
company
backend
zakupki
u
ts3
torrent
st1
prokopevsk
omega
mx0
mail4
kms
jenkins
drupal
cluster
bg
audit
yii
yar
ww
vidnoe
star
server2
rnd
q
orehovo-zuevo
oldsite
old2
node1
nazran
krd
k2
iphone
front
center
bug
beauty
astra
vp
tp
srv2
k1
ibank
gorod
glpi
fast
copy
ci
bank
arkhangelsk
8
y2
y1
velikiy-novgorod
test12
sun
prof
ogcat
ng
newyear
mir
lms
js
feedback
confluence
andrey
vc
server1
ra
krsk
hasp
event
elabuga
dostavka
dev3
china
audio
anketa
6
zheleznogorsk
vlad
ua
tasks
study
staryj-oskol
prod
obmen
num
novoshahtinsk
nano
mp
md
ma
kredit
kamyshin
hotspot
dima
demo3
credit
blagoveshhensk
bel
baby
xxxtemp
wow
up
tobolsk
td
script
s4
pochta
pc
parts
mb
m45
learn
fish
faq
box
ap
11
wsus
vpn3
trac
stun
pub
history
gw.m45
groznyj
gk
gelendzhik
ext.m45
expo
electro
elec
developer
catda
build
bugs
analytics
12
tjumen
tester
tel
sites
sf
region
redirect
radius
pki
minsk
katalog
hm
farm
dmitrov
content
buy
back
android
abc
777
zapret
webmaster
webdisk.forum
updates
trans
svadba
smtp2
sip2
s5
ru2
nnovgorod
nnov
mini
mailers
lider
gp
fb
dolgoprudnyj
cpcontacts.forum
cpcalendars.forum
click
card
account
2014
telegram
sw
sn
saturn
rzd
ru1
rating
press
pb
newmail
mx5
image
hotels
gamma
ftp.test
dveri
domains
crm2
cn
afisha
01
zzz
webdisk.new
volga
vcenter
tur
translate
test10
sergey
russia
pogoda
oldmail
ns10
nl
garant
drweb
dacha
cpcontacts.new
cpcalendars.new
ab
vps
todo
sync
student
seminar
security
pt
podarok
pics
ntp2
nod32
new1
navigator
moon
mobi
maykop
marketing
light
juzhno-sahalinsk
flowers
education
cpa
bp
autodiscover.test
adfs
24
15
st2
sip1
reports
ns11
links
law
istra
hosting2
host1
green
get
dubna
digital
atlas
111
zelenograd
ya
wwww
wc
watch
voroneg
volzhskiy
vl
vestnik
tfs
syslog
status
sos
soap
rubcovsk
rem
proxy2
profit
pk
payments
olymp
odintsovo
kamensk-uralskiy
ivanteevka
energo
dv
dp
domen
cisco
cars
call
black
az
ar
20
zhukovskiy
yalta
uslugi
url
uk
test11
teplo
smtp.test
sky
shop2
petropavlovsk-kamchatskiy
oktyabrskiy
novyj-urengoj
ls
loop
kuhni
ivan
gb
fin
dog
cab
border
banners
audi
am
23
wood
welcome
titan
solnechnogorsk
sigma
salon
razlog
potolki
play
pizza
pa
one
ntp1
nms
mobil
kzn
kupon
fm
events
eu
culture
crl
cl
cb
b.ns
autoconfig.test
auction
arh
a.ns
aist
13
virtual
vcs
ulan-udje
srv01
site2
sam
sa
priem
pop.test
pop2
oleg
novosib
node2
majkop
krym
klin
inet
ib
edge
csgo
cs2
context
com
catm
blogs
beeline
ap1
ais
zvenigorod
weather
vita
tickets
stock
srv3
space
rest
port
nizhniynovgorod
mts
lobnya
kr
kopejsk
gold
dk
delo
dd
counter
chelny
camera
cafe
by
br
bit
alt
ag
aa
33
wpad
woman
usedcars
tc
surgeon
stupino
spec
quiz
preview
piter
office2
nat1
mytishhi
megaplan
mama
kaspiysk
import
id
hq
hasavjurt
grozny
franchise
food
firmware
fax
example
el
denis
contest
cherepovets
ch
cert
blagoveshensk
batajsk
amst
aaa
22
17
1000
zbx
step
sl
site1
sh
proekt
pi
personal
open
olga
node
nizhniy-tagil
men
life
license
legacy
irbis
ext
export
etp
estate
eshop
english
elma
demo4
ct
cdo
cache
bk
bitrix24
aprelevka
ak
action
yoshkar-ola
webmail2
webdisk.shop
wall
wa
vid
ts2
target
talk
svet
sushi
stranger
stalker
smtp.mail
smm
skidki
science
school3
salehard
proxy1
proshivki
proshivka
opros
openvpn
novokujbyshevsk
nik
neftejugansk
nc
mercury
mdm
mail.spb
ljubercy
lady
kras
jengels
jelista
gw3
film
dragon
dialog
db2
cpcontacts.shop
cpcalendars.shop
bs
banner
arch
34
18
yandex
wwwold
win
voskresensk
tea
sup
show
retail
registry
product
ping
pg
peterburg
pdf
park
org
oms
of
null
nk
msg
mail.mail
m4
lend
la2
jobs
igor
i2
hyundai
fond
door
doctor
dns4
demo5
community
building
at
arm
an
advokat
25
21
2013
2011
2009
vesta
verstka
th
spondylit
solo
se
rezerv
res
profi
nt
nat2
multi
motiw
miss
me
kvm2
kv
kiev
kat
kantar-ts-com
kantar-cn
kantar
intra
insta
guide
fryazino
eset
em
egais
don
digigraphics-ru
db1
code
cm
chehov
cash
bd
ban
backup2
apteka
31
2912
14
zoo
zip
y
word
whois
userside
troitsk
testsite
test15
templates
sugar
soc
sad
ruslan
rr
rms
retracker
pop.mail
pokemon
pgu
pavel
pass
olimp
nss
nic
nginx
next
neo
matrix
magic
led
lan
l2tp
km
kav
inf
hp
health
global
ft
donate
dev4
dedovsk
car
bugzilla
birobidzhan
bill2
bc
bars
asa
articles
acs
37
16
zarabotok
webmail.forum
vks
vega
utm
urist
ts1
training
svc
sss
speedtest2
smtp1
skoda
sirius
sipexternal
sib
sed
scripts
sauna
sarapul
rp
roman
reserv
primer
po
pilot
photos
offer
netflow
mos
mn
mailserver
lt
lotus
loto
koroljov
kia
instagram
hermes
gz
gift
gdz-tut
freelance
fbl
elib
editor
dialupool-1
dialupool-0
dav
bugulma
bsd
brand
blagoveshchensk
beton
baellerry
autodiscover.forum
autoconfig.forum
apple
a.mx
27
19
100
whm.forum
webmail.new
vostok
vit
unix
traffic
stom
stk
sound
skype
shatura
sever
sb.plesk2
re
prom
private
power
postfixadmin
pic
phoenix
orders
om
ns12
mxserv2
mxserv1
mx02
mod
mf
meteo
magazine
m9
krasnoznamensk
kotelniki
io
hg
guest
good
gl
fx
fl
exam
euro
electrostal
cpanel.forum
cctv
bgp
aurora
altay
al
academy
30
we
volokolamsk
ttt
tours
tms
test14
test13
template
tandem
sr
spamass
so
shhjolkovo
ruza
pobeda
people
osmp
orjol
orange
node3
nizhnij-novgorod
nissan
mx10
manage
magaz
lp2
lp1
lift
king
kem
kabinet
jelektrostal
house
hi
gs
ftp3
ford
flower
fitness
firewall
ff
eve
ege
eda
dr
doma
dms
dashboard
citrix
cas
cargo
bataysk
asu
artjom
almaty
agro
41
38
zz
znakomstva
webmail.old
webdev
voip2
utf8
turkey
transfer
tds
survey
standart
school4
school10
sberbank
sap
rzn
rh
rg
relay3
qr
qiwi
prazdnik
pos
novorossijsk
naro-fominsk
nabchelny
mx6
metal
mail5
luga
leto
kub
kir
kashira
ii
gc
gate2
fp
forum2
first
express
exp
customer
comp
centr
camp
bob
bio
bilet
belogorsk
avdesk
astana
api2
anton
44
29
2010
zhukovskij
zebra
zabor
whm.new
vn
vlg
vereya
velo
ttk
toys
text
test18
terra
stud
stop
static2
smtp.www
servicedesk
sanktpeterburg
rk
results
pop.www
podpiska
parking
p1
oracle
ocenka
novotroitsk
nf
mytishi
mw
mr
mozhajsk
mmm
mitsubishi
mail.www
mail0
ko
key
idea
host3
gm
gkh
ftp.www
form
fly
fasad
engine
elektrougli
elektrostal
downloads
dhcp
cr
cpanel.new
cons
config
clever
clean
chernogolovka
cam1
bosch
bm
blocked
bani
admin2
zm
zakon
wf
webdisk.old
vika
video2
vent
uljanovsk
uaz
tuapse
test16
tele
tat
tag
sts
streamer
smtp.m
school5
schelkovo
rep
registration
push
pop.m
pool
pd
p2
nov
note
nm
mv
math
maket
mail.m
m3
logs
kvm1
kubinka
kuban
krs
gate1
garden
frontend
freebsd
flow
fit
family
error
dvd
duma
dist
discount
directum
dev5
debug
dealers
cvs
cpcontacts.old
cpcalendars.old
children
cdn2
bo
bastion
baikal
ask
42
26
zelenogorsk
zelenodolsk
zags
world
wiki2
vt
vision
view
veles
uchet
tynda
tmn
tagil
tab
std
static1
st3
sp1
shopping
sharepoint
samsung
ryzan
proto
piwik
oplata
ocs
nw
ns2.mars.altaihost.ru
ns1.mars.altaihost.ru
nauka
nas1
mz
mazda
makhachkala
mail.new
luna
loopback
komi
iso
inst
informer
ilya
igevsk
honda
filter
festival
ems
elektrogorsk
elektro
divan
diplom
deny
demo6
dance
contacts
bux
bn
big
avangard
anadyr
02
water
vpn4
vorota
voice
victory
ul
ug
tsg
trud
tpl
tourism
tm2
tima
testshop
sz
support2
sudak
stroi
stm
statistic
srv5
