www
mail
ns2
ns1
m
forum
ns
mx
hostmaster
admin
root
api
mx1
static
mx2
test
dev
ns3
autodiscover
shop
img
smtp
support
new
old
ftp
spb
cdn
my
webmail
blog
samara
mail2
ufa
kazan
online
sip
ns4
portal
news
omsk
vpn
en
lk
perm
edu
stat
volgograd
relay
video
krasnodar
beta
wiki
tomsk
i
tula
saratov
msk
info
pda
help
web
s
mobile
voronezh
noc
lyncdiscover
rostov
media
tver
pop
krasnoyarsk
kirov
irkutsk
lib
bryansk
penza
corp
kemerovo
chelyabinsk
yaroslavl
ru
orel
kursk
wap
tv
stavropol
novosibirsk
job
email
cloud
barnaul
mail1
ryazan
vladimir
orenburg
pay
partner
mx3
meet
market
club
sochi
owa
lipetsk
it
images
ekaterinburg
vladivostok
promo
postmaster
belgorod
tyumen
nsk
kaluga
kaliningrad
files
tambov
service
kurgan
ivanovo
ekb
e
st
photo
partners
kostroma
app
nn
vologda
hosting
dialin
school
murmansk
izhevsk
auto
www2
ulyanovsk
sp
pskov
maps
chita
auth
post
gw
crm
ns5
library
webdisk
smolensk
b2b
redmine
imap
adm
love
docs
cpanel
cabinet
a
surgut
proxy
mail3
games
chel
cheboksary
jira
conf
travel
sport
search
tickets
store
social
office
login
localhost
cp
chat
adv
subscribe
saransk
live
fr
afisha
yakutsk
ua
storage
passport
moscow
es
dom
av
_spf
special
s1
rnd
push
id
de
gitlab
feedback
eng
data
yar
gate
ad
zakupki
zabbix
ulan-ude
secure
pogoda
petrozavodsk
git
dl
demo
catalog
autoconfig
astrakhan
abakan
webinar
sdo
radio
konkurs
khabarovsk
jabber
go
vrn
pop3
olymp
museum
download
astrahan
agent
ads
top
svn
stats
start
stage
ssl
realty
rabota
r
mx4
geo
foto
cs
connect
tolyatti
syktyvkar
server
novokuznetsk
moodle
money
magnitogorsk
img2
counter
calendar
avia
alumni
acs
academy
webmaster
t
sevastopol
science
relay2
ns0
nalchik
n
moskva
monitoring
med
internet
hr
gazeta
doc
do
dnsmaster
db
ca
business
books
webconf
web2
site
services
priem
payment
map
mailer
mail4
law
invest
exchange
dns
content
client
blogs
abiturient
wifi
vip
ticket
test2
tech
staging
sms
s2
relay1
reklama
open
nnov
mxs
math
magadan
m2
link
kz
kino
ir
finance
dns1
company
cn
anketa
vk
st1
srv
pbx
novgorod
mon
mc
lp
kzn
irk
helpdesk
forums
file
elista
disk
css
booking
bonus
billing
bill
analytics
alpha
www3
widgets
widget
vladikavkaz
users
tumen
soft
smtp1
s3
rt
rs
rostov-na-donu
mx01
music
ms
main
links
kolomna
home
habarovsk
gosuslugi
game
fs
export
expo
events
event
ege
cdn2
amp
www1
weather
ts
taganrog
sso
speedtest
sankt-peterburg
ps
pass
oauth
ns6
nagios
monitor
metro
in
img1
ic
hotels
front
english
city
cc
career
c
b
arhangelsk
v
tools
team
sterlitamak
smtp2
sentry
sd
research
pro
people
opt
mx5
mx02
mt
mm
mdm
lync
lms
krsk
kaspersky
js
ibank
ib
history
gov
gorod
ftp2
expert
dns2
direct
digital
card
bratsk
backup
assets
apps
access
zlatoust
world
welcome
vm
vestnik
ural
update
translate
tr
time
terminal
simferopol
repo
rating
ra
press
pr
podolsk
pma
oplata
miass
maykop
kiosk
kids
gr
f
ext
ex
ed
click
cdn1
by
bs
bot
bb
arkhangelsk
arh
archive
anapa
account
web1
vpn2
volgodonsk
uslugi
test1
tender
students
student
stream
sales
rm
region
rasp
pyatigorsk
pushkino
psy
project
plus
payments
opros
