www
mail
ns2
ns1
m
forum
ns
mx
hostmaster
admin
root
api
mx1
static
mx2
test
dev
ns3
autodiscover
shop
img
smtp
support
new
old
ftp
spb
cdn
my
webmail
blog
samara
mail2
ufa
kazan
online
sip
ns4
portal
news
omsk
vpn
en
lk
perm
edu
stat
volgograd
relay
video
krasnodar
beta
wiki
tomsk
i
tula
saratov
msk
info
pda
help
web
s
mobile
voronezh
noc
lyncdiscover
rostov
media
tver
pop
krasnoyarsk
kirov
irkutsk
lib
bryansk
penza
corp
kemerovo
chelyabinsk
yaroslavl
ru
orel
kursk
wap
tv
stavropol
novosibirsk
job
email
cloud
barnaul
mail1
ryazan
vladimir
orenburg
pay
partner
mx3
meet
market
club
sochi
owa
lipetsk
it
images
ekaterinburg
vladivostok
promo
postmaster
belgorod
tyumen
nsk
kaluga
kaliningrad
files
tambov
service
kurgan
ivanovo
ekb
e
st
photo
partners
kostroma
app
nn
vologda
hosting
dialin
school
murmansk
izhevsk
auto
www2
ulyanovsk
sp
pskov
maps
chita
auth
post
gw
crm
ns5
library
webdisk
smolensk
b2b
redmine
imap
adm
love
docs
cpanel
cabinet
a
surgut
proxy
mail3
games
chel
cheboksary
jira
conf
travel
sport
search
tickets
store
social
office
login
localhost
cp
chat
adv
subscribe
saransk
live
fr
afisha
yakutsk
ua
storage
passport
moscow
es
dom
av
_spf
special
s1
rnd
push
id
de
gitlab
feedback
eng
data
yar
gate
ad
zakupki
zabbix
ulan-ude
secure
pogoda
petrozavodsk
git
dl
demo
catalog
autoconfig
astrakhan
abakan
webinar
sdo
radio
konkurs
khabarovsk
jabber
go
vrn
pop3
olymp
museum
download
astrahan
agent
ads
top
svn
stats
start
stage
ssl
realty
rabota
r
mx4
geo
foto
cs
connect
tolyatti
syktyvkar
server
novokuznetsk
moodle
money
magnitogorsk
img2
counter
calendar
avia
alumni
acs
academy
webmaster
t
sevastopol
science
relay2
ns0
nalchik
n
moskva
monitoring
med
internet
hr
gazeta
doc
do
dnsmaster
db
ca
business
books
webconf
web2
site
services
priem
payment
map
mailer
mail4
law
invest
exchange
dns
content
client
blogs
abiturient
wifi
vip
ticket
test2
tech
staging
sms
s2
relay1
reklama
open
nnov
mxs
math
magadan
m2
link
kz
kino
ir
finance
dns1
company
cn
anketa
vk
st1
srv
pbx
novgorod
mon
mc
lp
kzn
irk
helpdesk
forums
file
elista
disk
css
booking
bonus
billing
bill
analytics
alpha
www3
widgets
widget
vladikavkaz
users
tumen
soft
smtp1
s3
rt
rs
rostov-na-donu
mx01
music
ms
main
links
kolomna
home
habarovsk
gosuslugi
game
fs
export
expo
events
event
ege
cdn2
amp
www1
weather
ts
taganrog
sso
speedtest
sankt-peterburg
ps
pass
oauth
ns6
nagios
monitor
metro
in
img1
ic
hotels
front
english
city
cc
career
c
b
arhangelsk
v
tools
team
sterlitamak
smtp2
sentry
sd
research
pro
people
opt
mx5
mx02
mt
mm
mdm
lync
lms
krsk
kaspersky
js
ibank
ib
history
gov
gorod
ftp2
expert
dns2
direct
digital
card
bratsk
backup
assets
apps
access
zlatoust
world
welcome
vm
vestnik
ural
update
translate
tr
time
terminal
simferopol
repo
rating
ra
press
pr
podolsk
pma
oplata
miass
maykop
kiosk
kids
gr
f
ext
ex
ed
click
cdn1
by
bs
bot
bb
arkhangelsk
arh
archive
anapa
account
web1
vpn2
volgodonsk
uslugi
test1
tender
students
student
stream
sales
rm
region
rasp
pyatigorsk
pushkino
psy
project
plus
payments
opros
openvpn
opendata
ns7
nizhniy-novgorod
nizhnevartovsk
net
lists
ip
i1
gw2
faq
family
elib
dv
design
confluence
cherkessk
bi
az
angarsk
1
ws
wc
watch
vn
user
turizm
srv2
spf
spec
sg
rss
rc
projects
pravo
player
play
pics
pg
ns8
ns01
novorossiysk
mta1
m.ru
mp
mo
minobr
master
mail.corp
mahachkala
list
kuban
krd
krasnogorsk
host
grozny
gelendzhik
football
f1
education
duma
dev2
delta
dc
cms
chelny
bio
backend
avto
arzamas
all
administrator
3d
xml
webcon
w
vps
vpn1
vlg
vcs
vc
upload
tours
tourism
tour
static2
staff
smr
smol
se
s4
rzn
rybinsk
russia
prod
pk
piwik
perevod
p
otrs
order
norilsk
nnovgorod
nl
nk
neftekamsk
mirror
mb
kyzyl
krym
kp
kislovodsk
kiev
kerch
kassa
is
iphone
intranet
int
infra
informer
health
g
free
fotki
fb
el
eco
dpo
credit
contest
conference
ci
cherepovets
cdn3
cards
cache
bt
balance
azov
atlas
artem
amur
24
2
192
xmpp
www4
webdav
vs01
vote
vlad
vl
v2
v1
ui
taxi
study
soc
sm
share
sc
sakha
preprod
pl
pgu
orsk
obninsk
ns02
novocherkassk
nizhnekamsk
nahodka
murom
mta2
mta-1.email
mta
mpi
minsk
mini
minfin
metrika
md
m1
lite
lg
kras
komi
kamchatka
isp
irc
image
engels
elektrostal
edge
economy
econ
doska
deti
crimea
cr
cit
cis
chem
chehov
cars
campus
buh
browser
biysk
birobidzhan
berdsk
base
banner
art
android
ag
42
yamal
web3
vt
voskresensk
up
union-tel.192
uln
ul
uk
u
troitsk
transport
tobolsk
tmn
testing
teacher
stav
status
smtp3
sk
seversk
servicedesk
serv
security
s5
redirect
rector
quiz
qa
ptz
profile
poll
podpiska
podarki
pm
phys
parking
outlook
oskol
oms
ntp1
ntp
nov
noginsk
next
newsletter
nb
navigator
naberezhnye-chelny
munin
moto
metrica
megaplan
mag
m.afisha
lobnya
kurs
komsomolsk-na-amure
kms
kb
jp
izh
iptv
ip2
ip1
international
inter
inf
img3
im
il
idea
hw
hq
honda
gw1
gateway
garant
ftp3
forms
fe
e-learning
dzerzhinsk
ds01
ds
donetsk
domodedovo
culture
contact
common
com
cm
cheb
cert
center
captcha
call
bus
biz
bel
bank
balashiha
ba
astana
ar
ams
agency
achinsk
abit
61
54
52
50
31
25
23
13
zheleznogorsk
zelenograd
zags
z
yoshkar-ola
yalta
www5
wow
work
vyborg
vremya
volga
voip
v3
uss
us
tst
traveler
tracker
tm
tlt
tel
syzran
suggest
static1
srv1
spo
solnechnogorsk
sml
smi
sky
shahty
sf
seminar
sale
salavat
safe
sa
ro
reutov
relay3
reg
ramenskoe
puppet
public
pt
pp
pobeda
physics
pervouralsk
op
ntagil
novouralsk
new2
nano
mx0
mob
mk
minzdrav
mgn
mfc
mf
m.auto
makhachkala
mailgate
lyncweb
lyncdiscoverinternal
logs
letters
legal
legacy
krs
kr
klin
kem
kansk
journal
intra
inno
inet
i3
i2
hotel
horo
hermes
hab
gz
gp
gmt
gkh
gallery
ftp1
fryazino
france
fm
fin
fi
feed
f2
essentuki
endowment
editor
economics
eburg
dubna
domain
dmitrov
developer
db1
customer
corporate
collection
clocks
ckp
cinema
chr
check
ch
cat
cas
book
board
blagoveshchensk
bg
best
belovo
bar
ban
balakovo
at
ask
armavir
almetevsk
admins
adfs
ac
about
3ds
36
32
2013
18
16
15
100
zp
zimbra
zbx
zakon
yandex
wp
win
wallet
vr
vol
voice
vnovgorod
virtual
vidnoe
vds
uic
ugra
uc
tyva
trust
trade
tmb
titan
tarif
survey
style
static4
st2
ssp
ssh
sql
sites
sigma
shkola
severodvinsk
server1
sbrf
sarov
s8
s0
rossosh
robot
res
remont
relay4
regions
reestr
rd
rb
quest
ptr
pos
pochta
pki
phoenix
pf
pets
petropavlovsk
peterburg
pass-rc
ozersk
owncloud
org
oren
on
omega
ok
odintsovo
odin
odessa
ns9
novomoskovsk
novocheboksarsk
notify
notifications
nokia
nazran
mx10
mx03
mur
m.store
mm.afisha
m.love
mitsubishi
mir
mi
metric
manager
manage
mail.office
mail.msk
mailhub
mailgate2
mail5
m3
lytkarino
log
lip
liga
life
ldap
lc
lazada
kyshtym
ks
korolev
klg
karta
kamyshin
kam
kabinet
journals
j
iskitim
investor
inner
img5
igra
ido
hotspot
h2
gorno-altaysk
fund
fond
feeds
evpatoriya
eugene
energy
enc
ekat
ef
doctor
dn
dk
dimitrovgrad
dialog
devel
dashboard
d1
d
csd
courses
course
comments
cnt
cherepovec
cher
cdn4
canary
cacti
buy
br
box
bor
bm
bk
bitrix
biblio
beta.gorod
beta.city
berezniki
bc
bbb
bataysk
awards
audio
auction
ast
as
arm
appmetrica
apply
ap
am
altai
alfa
aist
advert
admin2
accounts
aa
74
72
66
57
51
3
2014
2012
20
1c
123
zoo
zero
zen
zarinsk
yuzhnouralsk
yurga
ya
wwww
whm
weekend
webex
webapi
wbx
wac
vybory
votkinsk
volg
virusdesk
vipnet
vet
vesti
vdi
usa
university
ulan
uhta
udm
trud
track
tp
toyota
torrent
timetable
tests
test3
tatarstan
task
tandem
talk
syslog
suggest-maps
stupino
sts
stk
static3
stars
stage2
st3
srv10
srv02
srt
_spf3
_spf2
_spf1
solikamsk
smile
smart
skidki
sitesuggest
sib
shuya
show
shell
shadrinsk
sgo
serpuhov
serov
seo
schedule
sch
sb
sam
s7
s6
s15
s12
rst
root.ns
rk
retail
reports
regulation
ref
re
q
psk
prm
price
prestable
president
portal2
polls
pnz
platform
piter
pic
pi
photos
philosophy
philips
peoplesearch
pe
pdf
pc
panel
orion
origin
oracle
opera
olimp
o
nw
ntp2
ns19
ns10
node1
nm
ng
nf
nevinnomyssk
nauka
nalog
nabchelny
mytischi
mysql
mx9
mta4
mta3
mta-1.e
msu
msoid
m.pogoda
mp3
moon
mobileapp
mobi
m.news
mn
ml
mezhdurechensk
metr
meteo
messenger
messages
mazda
marketing
mailserver
maillist
ma
lyubertsy
lit
line
lf
leto
learn
lbs
labinsk
kuznetsk
kultura
krasnoufimsk
kovrov
kotelniki
kopeysk
komsomolsk
kiselevsk
kineshma
kharkov
kbr
karelia
joshkar-ola
jobs
itc
ipad
insurance
innovation
if
ie
hp
hostmaster.ns
host1
hist
himki
hi
hello
hanty-mansiysk
gu
green
graphite
glazov
gk
gifts
get
gatchina
fx
future
fun
frontend
fpk
fish
ff
feodosia
fd
euro2012
eu
ep
eo
enter
engine
energo
elearn
ekt
egov
ee
edge2
ecm
dzr
ds2
dostavka
domains
dolgoprudny
docviewer
distribution
diehard
dialup
developers
develop
delo
delivery
debug
dealers
db2
db02
dance
daily
dagestan
dag
czn
cube
cps
corona
core
contacts
consultant
co
cloud-api
clients
clck
class
cl
chess
chef
che
cds
cdo
cb
canvas
camera
c2
buzuluk
bugulma
bpm
borisoglebsk
bo
bn
blog.kaspersky
bishkek
bilet
belorechensk
belogorsk
beauty
bar-navig
banners
b1
ats
arch
anadyr
an
altay
alt
almetyevsk
almaty
alex
alania
affiliate
advertising
acstest
acc
abitur
abc
80
75
73
62
56
55
47
46
43
39
35
33
30
29
27
22
21
14
112
11
10
zvenigorod
zelenokumsk
zelenogorsk
zdrav
za
yuzhno-sakhalinsk
yola
yabs
xmlsearch
x
wwwold
www0
ww
wsus
wordstat
wm
wi
webvpn
webgate
webchat
we
wdgt
war
w3
w1
vyazma
vs07
vs05
vs02
vs
vp
vostok
vopros
volzhsk
vo
vmeste
visual
violet
videoconf
video1
vg
velikiy-novgorod
vcenter
utro
ussuriysk
ups
upch
unsubscribe
univer
umu
umc
ulanude
ukhta
uat
turbo
tune
tuapse
tt
training
traffic
tracking
tr2
tps
torg
toloka
tis
timashevsk
tgl
tfoms
tf2
testwww
terra
telecom
tek
td
tb
tat
talent
taksi
szn
sysadmin
sys
svet
sverh-zadacha
sv
suggest-music
suggest-blogs
subs
sub
stud
strategy
str
story
stock
stat2
st0
sslvpn
ss
srv03
srv01
src
sr
sputnik
spp
sp-money
space
sovet
south
song
soap
so
smtp4
smgate
smev
smb
slv
skh
sitesearch-suggest
simf
siemens
shared
shakhty
sergiev-posad
send
sellercenter
seller
sed
sci
schelkovo
scenarios
scan
sbi
sauth
sar
sandbox
salsk
salekhard
sakh
safety
safeboard
s9
s25
s10
s05
s03
ryb
ruza
rus
rp
router
rock
rio
report
rep
remote
remedy
relay5
relax
real
rdp
r67
r62
r52
r20
r2
r1
r01
pub
prokuror
prokuratura
prokopevsk
prof
processing
print
preview
premium
pre
postoffice
portfolio
portal1
pool
poisk
podcast
plan
pix
pir
phpmyadmin
phone
ph
pes-stars
pdd
pdb
pda.tv
pda-passport-rc
pda-passport
pb
pavlovo
passport-rc-ckicheck
passport-rc
parts
partner2
p2p
p2
osinniki
os
orb
openid
ola
ocs
obr
oauth-rc
nt
nss
novorossijsk
node
no
nizhniynovgorod
nizhnij-novgorod
news-clck
newmail
neva
neo
neim-tub
neft
nazarovo
nature
naro-fominsk
narod
n2
n1
myadmin
mx8
mx6
mv
m.tv
mtest
m.taxi
mta-2.email
msg
mse
msb
moda
mms
m.maps
mlm
miss
misc
minvody
mini-fb
mh
meleuz
meeting
m.disk
mba
matrix
mars
mail.lib
mailhost
mail8
mail13
mail01
magas
m9
m4
m2m
m11
london
logger
local
lo
lipeck
lion
linux
light
lb2
labs
lab
l
kuzbass
kurganinsk
kungur
kumertau
kstovo
ksm
krasnoznamensk
kodeks
km
kit
kiks
khv
khimki
khanty-mansiysk
khakasia
key
kamensk-uralskiy
kamensk
jenkins
ivo
ivn
ivan
its
istra
ishim
isc
ipv6
ios
io
internetometer
internetmetr
internal
inside
ins
img4
img01
iis
idp
ics
icq
icc
i5
i0
hyundai
hub
hosting3
hosting2
host6
host2
hockey
hm
hc
hbr
hb
hawk
h4
h3
h1
guide
gubernator
gtn
gs
graph
gossluzhba
gis
georgievsk
geoportal
geol
gas
gamma
galaxy
ga
fw
forum2
formula
flights
flight
film
fest
feedback2
fdo
fc
fast
fantasy
fan
facebook
extranet
exclusive
exch
ets
etp
esp
er
ens
em
eltech
elets
elements
element
elearning
ek
egisz
eduroam
editor.disk
ecp
ecom
echo
ea
dt
dsp
dp
downloader.disk
dou
donate
don
domino
dnsadmin
dms
dist
discount
dev3
derbent
depfin
dealer
dbo
db01
dating
d2
czech
cz
cyprus
cr2
consulting
community
collections
code
cluster
clock
clinics
classic
cisco
china
cdn5
can
calc
c1
bz
bug
budget
bs-meta
brn
border
blagoveshensk
blagoveschensk
blago
bible
bender
beeline
bashkortostan
barabinsk
bankruptcy
balashikha
baikal
awaps
avon
audience
asus
astro
aspirantura
asbest
arts
archiv
aquarium
aqua
appmetrika
api-metrika
api-metrica
api-audience
apatity
antispam
ami
airport
air
affiliates
af
aero
ae
advq
action
acs2
abinsk
ab
a1
89
86
84
77
76
70
67
65
63
60
59
58
5
48
41
40
4
38
37
34
26
2018
19
12
03
zz
zvuk
zpp
zima
zhukovsky
zeus
zelenodolsk
zb
zavolzhe
zarplata
zaraysk
zakaznoe
zabaykalsk
yt
yoshkarola
ym
yakutia
yak
yaca
xeon
xen
wwwtest
ws3
