www
mail
ns2
ns1
m
forum
ns
mx
hostmaster
admin
root
api
mx1
static
mx2
test
dev
ns3
autodiscover
shop
img
smtp
support
new
old
ftp
spb
cdn
my
webmail
blog
samara
mail2
ufa
kazan
online
sip
ns4
portal
news
omsk
vpn
en
lk
perm
edu
stat
volgograd
relay
video
krasnodar
beta
wiki
tomsk
i
tula
saratov
msk
info
pda
help
web
s
mobile
voronezh
noc
lyncdiscover
rostov
media
tver
pop
krasnoyarsk
kirov
irkutsk
lib
bryansk
penza
corp
kemerovo
chelyabinsk
yaroslavl
ru
orel
kursk
wap
tv
stavropol
novosibirsk
job
email
cloud
barnaul
mail1
ryazan
vladimir
orenburg
pay
partner
mx3
meet
market
club
sochi
owa
lipetsk
it
images
ekaterinburg
vladivostok
promo
postmaster
belgorod
tyumen
nsk
kaluga
kaliningrad
files
tambov
service
kurgan
ivanovo
ekb
e
st
photo
partners
kostroma
app
nn
vologda
hosting
dialin
school
murmansk
izhevsk
auto
www2
ulyanovsk
sp
pskov
maps
chita
auth
post
gw
crm
ns5
library
webdisk
smolensk
b2b
redmine
imap
adm
love
docs
cpanel
cabinet
a
surgut
proxy
mail3
games
chel
cheboksary
jira
conf
travel
sport
search
tickets
store
social
office
login
localhost
cp
chat
adv
subscribe
saransk
live
fr
afisha
yakutsk
ua
storage
passport
moscow
es
dom
av
_spf
special
s1
rnd
push
id
de
gitlab
feedback
eng
data
yar
gate
ad
zakupki
zabbix
ulan-ude
secure
pogoda
petrozavodsk
git
dl
demo
catalog
autoconfig
astrakhan
abakan
webinar
sdo
radio
konkurs
khabarovsk
jabber
go
vrn
pop3
olymp
museum
download
astrahan
agent
ads
top
svn
stats
start
stage
ssl
realty
rabota
r
mx4
geo
foto
cs
connect
tolyatti
syktyvkar
server
novokuznetsk
moodle
money
magnitogorsk
img2
counter
calendar
avia
alumni
acs
academy
webmaster
t
sevastopol
science
relay2
ns0
nalchik
n
moskva
monitoring
med
internet
hr
gazeta
doc
do
dnsmaster
db
ca
business
books
webconf
web2
site
services
priem
payment
map
mailer
mail4
law
invest
exchange
dns
content
client
blogs
abiturient
wifi
vip
ticket
test2
tech
staging
sms
s2
relay1
reklama
open
nnov
mxs
math
magadan
m2
link
kz
kino
ir
finance
dns1
company
cn
anketa
vk
st1
srv
pbx
novgorod
mon
mc
lp
kzn
irk
helpdesk
forums
file
elista
disk
css
booking
bonus
billing
bill
analytics
alpha
www3
widgets
widget
vladikavkaz
users
tumen
soft
smtp1
s3
rt
rs
rostov-na-donu
mx01
music
ms
main
links
kolomna
home
habarovsk
gosuslugi
game
fs
export
expo
events
event
ege
cdn2
amp
www1
weather
ts
taganrog
sso
speedtest
sankt-peterburg
ps
pass
oauth
ns6
nagios
monitor
metro
in
img1
ic
hotels
front
english
city
cc
career
c
b
arhangelsk
v
tools
team
sterlitamak
smtp2
sentry
sd
research
pro
people
opt
mx5
mx02
mt
mm
mdm
lync
lms
krsk
kaspersky
js
ibank
ib
history
gov
gorod
ftp2
expert
dns2
direct
digital
card
bratsk
backup
assets
apps
access
zlatoust
world
welcome
vm
vestnik
ural
update
translate
tr
time
terminal
simferopol
repo
rating
ra
press
pr
podolsk
pma
oplata
miass
maykop
kiosk
kids
gr
f
ext
ex
ed
click
cdn1
by
bs
bot
bb
arkhangelsk
arh
archive
anapa
account
web1
vpn2
volgodonsk
uslugi
test1
tender
students
student
stream
sales
rm
region
rasp
pyatigorsk
pushkino
psy
project
plus
payments
opros
openvpn
opendata
ns7
nizhniy-novgorod
nizhnevartovsk
net
lists
ip
i1
gw2
faq
family
elib
dv
design
confluence
cherkessk
bi
az
angarsk
1
ws
wc
watch
vn
user
turizm
srv2
spf
spec
sg
rss
rc
projects
pravo
player
play
pics
pg
ns8
ns01
novorossiysk
mta1
m.ru
mp
mo
minobr
master
mail.corp
mahachkala
list
kuban
krd
krasnogorsk
host
grozny
gelendzhik
football
f1
education
duma
dev2
delta
dc
cms
chelny
bio
backend
avto
arzamas
all
administrator
3d
xml
webcon
w
vps
vpn1
vlg
vcs
vc
upload
tours
tourism
tour
static2
staff
smr
smol
se
s4
rzn
rybinsk
russia
prod
pk
piwik
perevod
p
otrs
order
norilsk
nnovgorod
nl
nk
neftekamsk
mirror
mb
kyzyl
krym
kp
kislovodsk
kiev
kerch
kassa
is
iphone
intranet
int
infra
informer
health
g
free
fotki
fb
el
eco
dpo
credit
contest
conference
ci
cherepovets
cdn3
cards
cache
bt
balance
azov
atlas
artem
amur
24
2
192
xmpp
www4
webdav
vs01
vote
vlad
vl
v2
v1
ui
taxi
study
soc
sm
share
sc
sakha
preprod
pl
pgu
orsk
obninsk
ns02
novocherkassk
nizhnekamsk
nahodka
murom
mta2
mta-1.email
mta
mpi
minsk
mini
minfin
metrika
md
m1
lite
lg
kras
komi
kamchatka
isp
irc
image
engels
elektrostal
edge
economy
econ
doska
deti
crimea
cr
cit
cis
chem
chehov
cars
campus
buh
browser
biysk
birobidzhan
berdsk
base
banner
art
android
ag
42
yamal
web3
vt
voskresensk
up
union-tel.192
uln
ul
uk
u
troitsk
transport
tobolsk
tmn
testing
teacher
stav
status
smtp3
sk
seversk
servicedesk
serv
security
s5
redirect
rector
quiz
qa
ptz
profile
poll
podpiska
podarki
pm
phys
parking
outlook
oskol
oms
ntp1
ntp
nov
noginsk
next
newsletter
nb
navigator
naberezhnye-chelny
munin
moto
metrica
megaplan
mag
m.afisha
lobnya
kurs
komsomolsk-na-amure
kms
kb
jp
izh
iptv
ip2
ip1
international
inter
inf
img3
im
il
idea
hw
hq
honda
gw1
gateway
garant
ftp3
forms
fe
e-learning
dzerzhinsk
ds01
ds
donetsk
domodedovo
culture
contact
common
com
cm
cheb
cert
center
captcha
call
bus
biz
bel
bank
balashiha
ba
astana
ar
ams
agency
achinsk
abit
61
54
52
50
31
25
23
13
zheleznogorsk
zelenograd
zags
z
yoshkar-ola
yalta
www5
wow
work
vyborg
vremya
volga
voip
v3
uss
us
tst
traveler
tracker
tm
tlt
tel
syzran
suggest
static1
srv1
spo
solnechnogorsk
sml
smi
sky
shahty
sf
seminar
sale
salavat
safe
sa
ro
reutov
relay3
reg
ramenskoe
puppet
public
pt
pp
pobeda
physics
pervouralsk
op
ntagil
novouralsk
new2
nano
mx0
mob
mk
minzdrav
mgn
mfc
mf
m.auto
makhachkala
mailgate
lyncweb
lyncdiscoverinternal
logs
letters
legal
legacy
krs
kr
klin
kem
kansk
journal
intra
inno
inet
i3
i2
hotel
horo
hermes
hab
gz
gp
gmt
gkh
gallery
ftp1
fryazino
france
fm
fin
fi
feed
f2
essentuki
endowment
editor
economics
eburg
dubna
domain
dmitrov
developer
db1
customer
corporate
collection
clocks
ckp
cinema
chr
check
ch
cat
cas
book
board
blagoveshchensk
bg
best
belovo
bar
ban
balakovo
at
ask
armavir
almetevsk
admins
adfs
ac
about
3ds
36
32
2013
18
16
15
100
zp
zimbra
zbx
zakon
yandex
wp
win
wallet
vr
vol
voice
vnovgorod
virtual
vidnoe
vds
uic
ugra
uc
tyva
trust
trade
tmb
titan
tarif
survey
style
static4
st2
ssp
ssh
sql
sites
sigma
shkola
severodvinsk
server1
sbrf
sarov
s8
s0
rossosh
robot
res
remont
relay4
regions
reestr
rd
rb
quest
ptr
pos
pochta
pki
phoenix
pf
pets
petropavlovsk
peterburg
pass-rc
ozersk
owncloud
org
oren
on
omega
ok
odintsovo
odin
odessa
ns9
novomoskovsk
novocheboksarsk
notify
notifications
nokia
nazran
mx10
mx03
mur
m.store
mm.afisha
m.love
mitsubishi
mir
mi
metric
manager
manage
mail.office
mail.msk
mailhub
mailgate2
mail5
m3
lytkarino
log
lip
liga
life
ldap
lc
lazada
kyshtym
ks
korolev
klg
karta
kamyshin
kam
kabinet
journals
j
iskitim
investor
inner
img5
igra
ido
hotspot
h2
gorno-altaysk
fund
fond
feeds
evpatoriya
eugene
energy
enc
ekat
ef
doctor
dn
dk
dimitrovgrad
dialog
devel
dashboard
d1
d
csd
courses
course
comments
cnt
cherepovec
cher
cdn4
canary
cacti
buy
br
box
bor
bm
bk
bitrix
biblio
beta.gorod
beta.city
berezniki
bc
bbb
bataysk
awards
audio
auction
ast
as
arm
appmetrica
apply
ap
am
altai
alfa
aist
advert
admin2
accounts
aa
74
72
66
57
51
3
2014
2012
20
1c
123
zoo
zero
zen
zarinsk
yuzhnouralsk
yurga
ya
wwww
whm
weekend
webex
webapi
wbx
wac
vybory
votkinsk
volg
virusdesk
vipnet
vet
vesti
vdi
usa
university
ulan
uhta
udm
trud
track
tp
toyota
torrent
timetable
tests
test3
tatarstan
task
tandem
talk
syslog
suggest-maps
stupino
sts
stk
static3
stars
stage2
st3
srv10
srv02
srt
_spf3
_spf2
_spf1
solikamsk
smile
smart
skidki
sitesuggest
sib
shuya
show
shell
shadrinsk
sgo
serpuhov
serov
seo
schedule
sch
sb
sam
s7
s6
s15
s12
rst
root.ns
rk
retail
reports
regulation
ref
re
q
psk
prm
price
prestable
president
portal2
polls
pnz
platform
piter
pic
pi
photos
philosophy
philips
peoplesearch
pe
pdf
pc
panel
orion
origin
oracle
opera
olimp
o
nw
ntp2
ns19
ns10
node1
nm
ng
nf
nevinnomyssk
nauka
nalog
nabchelny
mytischi
mysql
mx9
mta4
mta3
mta-1.e
msu
msoid
m.pogoda
mp3
moon
mobileapp
mobi
m.news
mn
ml
mezhdurechensk
metr
meteo
messenger
messages
mazda
marketing
mailserver
maillist
ma
lyubertsy
lit
line
lf
leto
learn
lbs
labinsk
kuznetsk
kultura
krasnoufimsk
kovrov
kotelniki
kopeysk
komsomolsk
kiselevsk
kineshma
kharkov
kbr
karelia
joshkar-ola
jobs
itc
ipad
insurance
innovation
if
ie
hp
hostmaster.ns
host1
hist
himki
hi
hello
hanty-mansiysk
gu
green
graphite
glazov
gk
gifts
get
gatchina
fx
future
fun
frontend
fpk
fish
ff
feodosia
fd
euro2012
eu
ep
eo
enter
engine
energo
elearn
ekt
egov
ee
edge2
ecm
dzr
ds2
dostavka
domains
dolgoprudny
docviewer
distribution
diehard
dialup
developers
develop
delo
delivery
debug
dealers
db2
db02
dance
daily
dagestan
dag
czn
cube
cps
corona
core
contacts
consultant
co
cloud-api
clients
clck
class
cl
chess
chef
che
cds
cdo
cb
canvas
camera
c2
buzuluk
bugulma
bpm
borisoglebsk
bo
bn
blog.kaspersky
bishkek
bilet
belorechensk
belogorsk
beauty
bar-navig
banners
b1
ats
arch
anadyr
an
altay
alt
almetyevsk
almaty
alex
alania
affiliate
advertising
acstest
acc
abitur
abc
80
75
73
62
56
55
47
46
43
39
35
33
30
29
27
22
21
14
112
11
10
zvenigorod
zelenokumsk
zelenogorsk
zdrav
za
yuzhno-sakhalinsk
yola
yabs
xmlsearch
x
wwwold
www0
ww
wsus
wordstat
wm
wi
webvpn
webgate
webchat
we
wdgt
war
w3
w1
vyazma
vs07
vs05
vs02
vs
vp
vostok
vopros
volzhsk
vo
vmeste
visual
violet
videoconf
video1
vg
velikiy-novgorod
vcenter
utro
ussuriysk
ups
upch
unsubscribe
univer
umu
umc
ulanude
ukhta
uat
turbo
tune
tuapse
tt
training
traffic
tracking
tr2
tps
torg
toloka
tis
timashevsk
tgl
tfoms
tf2
testwww
terra
telecom
tek
td
tb
tat
talent
taksi
szn
sysadmin
sys
svet
sverh-zadacha
sv
suggest-music
suggest-blogs
subs
sub
stud
strategy
str
story
stock
stat2
st0
sslvpn
ss
srv03
srv01
src
sr
sputnik
spp
sp-money
space
sovet
south
song
soap
so
smtp4
smgate
smev
smb
slv
skh
sitesearch-suggest
simf
siemens
shared
shakhty
sergiev-posad
send
sellercenter
seller
sed
sci
schelkovo
scenarios
scan
sbi
sauth
sar
sandbox
salsk
salekhard
sakh
safety
safeboard
s9
s25
s10
s05
s03
ryb
ruza
rus
rp
router
rock
rio
report
rep
remote
remedy
relay5
relax
real
rdp
r67
r62
r52
r20
r2
r1
r01
pub
prokuror
prokuratura
prokopevsk
prof
processing
print
preview
premium
pre
postoffice
portfolio
portal1
pool
poisk
podcast
plan
pix
pir
phpmyadmin
phone
ph
pes-stars
pdd
pdb
pda.tv
pda-passport-rc
pda-passport
pb
pavlovo
passport-rc-ckicheck
passport-rc
parts
partner2
p2p
p2
osinniki
os
orb
openid
ola
ocs
obr
oauth-rc
nt
nss
novorossijsk
node
no
nizhniynovgorod
nizhnij-novgorod
news-clck
newmail
neva
neo
neim-tub
neft
nazarovo
nature
naro-fominsk
narod
n2
n1
myadmin
mx8
mx6
mv
m.tv
mtest
m.taxi
mta-2.email
msg
mse
msb
moda
mms
m.maps
mlm
miss
misc
minvody
mini-fb
mh
meleuz
meeting
m.disk
mba
matrix
mars
mail.lib
mailhost
mail8
mail13
mail01
magas
m9
m4
m2m
m11
london
logger
local
lo
lipeck
lion
linux
light
lb2
labs
lab
l
kuzbass
kurganinsk
kungur
kumertau
kstovo
ksm
krasnoznamensk
kodeks
km
kit
kiks
khv
khimki
khanty-mansiysk
khakasia
key
kamensk-uralskiy
kamensk
jenkins
ivo
ivn
ivan
its
istra
ishim
isc
ipv6
ios
io
internetometer
internetmetr
internal
inside
ins
img4
img01
iis
idp
ics
icq
icc
i5
i0
hyundai
hub
hosting3
hosting2
host6
host2
hockey
hm
hc
hbr
hb
hawk
h4
h3
h1
guide
gubernator
gtn
gs
graph
gossluzhba
gis
georgievsk
geoportal
geol
gas
gamma
galaxy
ga
fw
forum2
formula
flights
flight
film
fest
feedback2
fdo
fc
fast
fantasy
fan
facebook
extranet
exclusive
exch
ets
etp
esp
er
ens
em
eltech
elets
elements
element
elearning
ek
egisz
eduroam
editor.disk
ecp
ecom
echo
ea
dt
dsp
dp
downloader.disk
dou
donate
don
domino
dnsadmin
dms
dist
discount
dev3
derbent
depfin
dealer
dbo
db01
dating
d2
czech
cz
cyprus
cr2
consulting
community
collections
code
cluster
clock
clinics
classic
cisco
china
cdn5
can
calc
c1
bz
bug
budget
bs-meta
brn
border
blagoveshensk
blagoveschensk
blago
bible
bender
beeline
bashkortostan
barabinsk
bankruptcy
balashikha
baikal
awaps
avon
audience
asus
astro
aspirantura
asbest
arts
archiv
aquarium
aqua
appmetrika
api-metrika
api-metrica
api-audience
apatity
antispam
ami
airport
air
affiliates
af
aero
ae
advq
action
acs2
abinsk
ab
a1
89
86
84
77
76
70
67
65
63
60
59
58
5
48
41
40
4
38
37
34
26
2018
19
12
03
zz
zvuk
zpp
zima
zhukovsky
zeus
zelenodolsk
zb
zavolzhe
zarplata
zaraysk
zakaznoe
zabaykalsk
yt
yoshkarola
ym
yakutia
yak
yaca
xeon
xen
wwwtest
ws3
wowza
woman
wl
wizard
winter
wildwarriors
white
webstat
webproxy
weblab
webhost
webext
webcal
webadmin
web7
web6
web5
web4
web12
weapon
wdevx
wcs
vyksa
vs03
vpngate
volzhskiy
volzhskij
volokolamsk
vlk
vks
visa
viking
victory
vh8
vh6
vh4
vh18
vh15
vh13
vh11
vh10
velsk
vega
vcse
vacancy
v7
v6
v5
v4
uz
uvc
ust-ilimsk
usinsk
uranus
upr
upload2
update1
upd
uni
ums
um
uks
ukraine
ug
uec
uchaly
ubuntu
txt
tvpotok
tutor
tumsr
tspu
trust-ipv6
troick
trends
t.rasp
transaero
tracking.lazada
tracker.lazada
trac
tr2.kaspersky
tower
touch
tornado
torgi
tokmak
tnt
tms
tk
tj
tip
theory
th
tg
text
tex
testsite
test-center
test5
test4
tesla
term
tenders
tema
telephony
telefon
tc
tayga
taximeter
tasks
target
taobao.lazada
tammby
talant
t2
sz
system
sync
sw
svpn
svobodniy
svetlograd
svd
suzuki
supplier.lazada
supermarket
super
sup
suggest-video
suggests.rasp
suggest-slovari
suggest-people
suggest-market
suggest.lazada
suggest-images
su
stv
studio
stu
stroy
stream2
storm
store.kaspersky
storage2
sto
stn
stg
stem
stb
statserv
stat.online
static.sellercenter
staging-static.sellercenter
staging.sellercenter
staging-api.sellercenter
staging2
stage1
st4
srv9
srv11
srn
srm
sr2
spot
sponsor
spirit
sphere
speedtest2
spartak
spa
sovetsk
sos
sony
solutions
solo
sod
snout.balance
snezhinsk
smtp.corp
slovo
slavgorod
skype
skvschool2
sklad
sizran
sitebuilder
site2
sip.lazada
sipexternal
sim
si
shymkent
shops
shopping
shop1
shimanovsk
sheba
sh
sftp
sex
severskaya
sev
service2
serpukhov
serp
sergievposad
sep
sens
sendy
sender
sellercenter.lazada
securetest
sec
sea
schedule.smgate
sbor
saturn
sarapul
sanktpeterburg
salt
sakhalin
s75
s59
s54
s51
s47
s19
s16
s14
s13
s11
s04
s02
s01
rzd
rz
rw6ase
rubtsovsk
rts
rtmp
rti
rtc
rtb
rr
rpl
routing
roundcube
rostov-on-don
rostovnadonu
ros
root.ns1
rms
riga
ria
ri
rf
review
revda
retro
restoran
request
registration
red
reception
rdg
ramenskoye
radius
radio2
rad
r78
r74
r72
r64
r35
r30
r3
r2d2
r25
r24
quality
qs
qr
pw
pult
publish
psychology
protvino
property
profkom
professor
primorye
prime
prav
pps
powernet
postfixadmin
post2
portal3
pop3.corp
politics
pn
plugin
planeta
pics2
php
phorum
philology
petropavlovsk-kamchatskiy
pe.lazada
pechora
pdmi
pda.tomsk
pda-sauth
pda.news
pay2
pavlovskaya
passport-ckicheck
parus
party
partizansk
parta
park
paper
panda
palm
pager
packages
pa
p1
ovpn
out
oteli
orl
orient
orders.lazada
online1
oms.lazada
ombudsman
olympic
olympiada
olga
old.webmaster
old.sakha
oldmail
okey
ojs
official
office365
off
ofd
ods
ocean
obrazovanie
ob
nu
ntc
ntb
ns.lib
ns.lazada
ns20
np
noyabrsk
now
novoshakhtinsk
novokuybyshevsk
novoaltaysk
novoaleksandrovsk
nova
notification
north
node2
nocache
nnv
n-novgorod
nmd
nizhnii-novgorod
nissan
nis
nginx
news1
newbusiness
neryungri
nefteugansk
nch
nav
n3
mz
mytishchi
myoffice
myip
myfiles
mx7
mx30
mx04
multimedia
m.ufa
m.turizm
m.tune
mts
mta5
msr
m.sp-money
msoid.lazada
msc
m.samara
mrtg
m.rostov
m.realty
m.rasp
mr
mozhga
mosobl
mos
mordovia
mooc
monchegorsk
mol.bio
modem
model
mobmetrika
mobmetrica
m.msk
m.money
mmk
m.legal
m.lazada
m.kaliningrad
mis
minvod
minusinsk
mintrud
m.internet
minstroy
minjust
millerovo
michurinsk
michael
mic
miac
mhl
mh3
mgate
mg
m.feedback2
m.feedback
mercury
megafon
me
mcx
mcu
mchs
mbrowser
mbr
mari-el
manual
mantis
majkop
main2
mailx
mail.ufa
mail.tula
mail.test
mailtest
mail.smev
mail.nsk
mail.m
mail.kng
mailing
mailgate1
mail.forum
mailer2
mail.cs
mail.chita
mailadmin
mail7
mail6
mail33
mail20
mail10
mail02
mail0
maikop
magazine
mac
m5
lyncedge
lyncdiscover.lazada
lv
luga
lucky
lr
loyalty
login2
lms.lazada
liski
lexus
letter
lesosibirsk
lenta
lenk
leninogorsk
leningradskaya
lb1
lazarevskoe
layout.lazada
laser
landing
lan
lady
l2
kyrgyzstan
kvm
kubinka
kt
kss
ksp
krymsk
kropotkin
kredit
krc
krasnoperekopsk
krasnokamensk
kotlas
kosmos
korkino
korenovsk
ko
kng
kmr
kkt
kk
kiss
kia
khb
kg
kedr
kazakhstan
kaz
katalog
kashira
karti
karel
karasuk
karaganda
kappa
kanevskaya
kanash
ka
junior
json
join
java
izdatel
ivents
ivent
ivanteevka
isu
istina
islands
iro
irm
ipoteka
ipk
iph
ip4
iola
inza
inyaz
invoice
invent
internetometr
internetmetre
intern
interactive-answers.webmaster
interactive-answers
intel
inpage.metrika
inpage.metrica
inotes
informatics
info2
index
inc
imperia
imgs
img9
img8
img11
img10
img04
imap.corp
image2
il2
ijevsk
ig
ice
ias
i4
hydro
hydra
hu
html
hpc
host7
host5
host45
host3
homer.lazada
ho.lazada
hmao
hls
hit
hero
hd
hasavyurt
h
gw4
guitar
guides
gubkin
gt
groznyy
groznyj
group
grant
grafana
grace
gps
gost
gorduma
golos
golden
gmorder
glpi
global
glaz
gift
geology
geogr
general
gc
gb
gasu
garden
game2
game1
g3
fw1
ftk
ft
front1
frog
friend
freedom
fp
forum1
flc
flash
fis
firefox
festival
feodosiya
fashion
farm
falcon
fa
f3
eysk
extreme
extra
external
ext1
express
exmail
excel
exam
ews
ewents
ewent
evpatoria
europe
etest
et
error
err
erc
eos
encyclopedia
emm
email.lazada
email2
els
elk
eliz
elektrogorsk
elec
elabuga
eios
egorievsk
egorevsk
eg
educat
edo
edge1
eda
ecwid
ec
earth
eao
e5
e3
e2
dzer
dw
dvs
dubai
drop
dr
donskoy
dnepropetrovsk
dm
dit
digital.lazada
dictionary
dict
diamond
dhcp
detsad
dengi
demon
deep
dedicated
dc1
dbs
day
dav
danuvius
d3
cyber
cult
ctx
ctl
cstv
crl
cpk
cpa
count
cost
corvus
corpmail
copy
cooking
control
contact2
construction
coffee
cmt
cmd
cmail
clicks
classifieds
citrix
cim
chuvashia
chukotka
chronos
chistopol
chernogorsk
checkout
chechnya
cgp
cf
cdn7
cdn2.img
cdn1.img
cde
cd
cash
cams
cafe
cache1
cab
buryatia
bugs
budennovsk
bronnitsy
broker
brain
bogdanovich
bob.lazada
bob
block
blackhole
bl
bis
biology
bikin
big
bf
beta.webmaster
beta.metrika
beta.metrica
beta.disk
beta.api-metrika
beta.api-metrica
beta.api-appmetrika
beta.api-appmetrica
beta2
beta1
beloreck
belg
belarus
bd
baza
battle
batajsk
bastion
banki
bamboo
balashov
balancer
bal
back
award
aw
avatars
avatar
autoschool
autopay
autodiscover.lazada
autodiscover.eltech
att
atlant
astra
asterisk
assist
aspirant
asgard
asd
asa
arima
arhiv
arenda
archaeology
aramil
apteka
aprelevka
apparat
app01
api.sellercenter
api.rasp
api.passport-rc
api.passport
api-maps
api.lbs
api.lazada
api.dev
api.browser
api.appmetrika
api-appmetrika
api.appmetrica
api-appmetrica
api1
anzhero-sudzhensk
anton
antivirus
alushta
altayskiy-kray
alpclub
alfaclick
alert
aleksandrov
aldan
album
alapaevsk
al
akhtubinsk
agro
agk
afisha.prestable
adsl
adserver
admissions
adler
ad2
active
activation
acquiring
acm
academia
abuse.email
a3
93
91
9
85
78
71
7
69
64
6
5ka
53
49
45
44
300
28
210
2016
2015
2010
17
152
114
09
01
zzcs
zxcqaz
zwezda
zvukinadezdy
zvoni
zv
zu
zsk1
zosh1
zombie
zolotov
zoctkum
znamensk
znak
zm
zk
zis
zion
zina-korzina
zhurnal
zhukovskij
zhukovski
zhuk
zhilstroy
zhelnin
zheleznodorozhnyj
zf
zeta
zen-test
zel
zdrawie
zdorovie
zd
zbarazh
zavobraz
zarya
zarechnyj
zaporozhye
zap
zaointersvyaz2
zaointersvyaz
zanimatika
zalog
zakup
zakaz
zainsk
zabbix3
yuzhno-sakh
yuzhno-sahalinsk
yuzhnosah
yuripasholok
yups
yugra
yugorsk
yrok
yp
youthscience
youth
yola.db
ynao
yeti
yarsk
yarovoe
yaroslavl.center
yar.dev
yaransk
yamal.dev
yalutorovsk
yakutia.dev
yakut
yakhroma
yadro
xxx
xvideos
xray
xmarket
xm
xen00
xclient
x3
x2
www-test
www-ru
www6
wt
wss
wsp
wsm
ws2
works
workplace
wordpress
wolf
wms
wlc
wlan
windows
window
wiki.vladimir
wiki2
wifi.it
wi-fi
whois
wf
webservices
webserver
webquik
webphone
webpay
webmaster.yandex
webmail.sinp
webmail.math
webftp
webexadmin
webex-adm
webcam
webapp
webagent
web9
web8
web15
web10
web07
web05
web04
web03
web02
web01
weather.yandex
wdgt.yandex
wcoid1
wc3
wbxadmin
watson
wap.money
wap.love
wallpapers
wa
w87
w84
w83
w82
w7
vz
vystavka
vysokovsk
vyshyvanka
vyaz
vw
vv
vuz
vumo
vts
vsevolozhsk
vsemozhetbyt
vse
vs19
vs18
vs16
vs15
vs12
vs10
vs09
vrn.dev
vr47
vps1
vpns.spb
vpns
vpn3
vphd
vpbx
voting
vospitanie
vosk
vos
vortex
voronezh.center
voodoo
volzhsky
volunteer
volsk
vologda.nw
vologda.dev
volgograd.south
volgograd.dev
voip3
voip2
vod.vgtrk
vodnik
vnov.dev
vms
vmetro
vmail
vm01
vlz
vluki
vlj
vlas
vladimir.dev
vladimir.center
vladikavkaz.south
vkusomania
vkgdt
vjanetta
vizo
vivovoco
vitus
vita
visual.yandex
visit
vision
virt
vinnitsa
vinixmult
villas1879
viksa
view
video-tub
video2
vid1
vid
viber
vhost2
vh94
vh92
vh9
vh86
vh84
vh78
vh72
vh7
vh66
vh64
vh62
vh60
vh58
vh54
vh52
vh5
vh48
vh46
vh44
vh40
vh36
vh30
vh3
vh26
vh24
vh20
vh2
vh17
vh16
vh14
vh12
vh102
vh1
vh
vgtrk
vgpgk
vgdn
vfx
veteran
vestitambov
vesta
verola
veritas
vera
ver2
venerologia
velo
vegas
veg
vdv
vds1
vdkz
vdk
vcloud-ds
vau
vaso
vas
varjag2007su
vao
vanino
validator
valeo
v17
uzlovaya
uzbekona
uzbekistan
uvr
utp
utiz
uti-puti
ut
ussurijsk
usr
usolsib
uservice
useful-faq
usa.dev
urologia
urga
urban
uran
ural.dev
upravlenie
uprav
uploads
upics
upgrade
update2
uon
uns2
uniyar
universe
union
umo
ulyan
ulianovsk
ul.dev
uktus
ukrmova
uisrussia
uis
uip
ugra.dev
ugra2030
uglich
ugc
uga
ufps
ufa.dev
uf2
uf
uchebniki
uborshizzza
uacargo
u8.test
u3d
u2
u19401.web02
u17120.web02
u100129.web01
tzomet.tsu
tyres
tynda
tx
tv.yandex
tvr
tv-online
tver.dev
tver.center
tuymazy
tux-service
turkmenistan
tumen.dev
tum
tulun
tula.dev
tula.center
tul
tuad
tsn
tsfarm.npn
ts2
ts1
trusl
trucks
trs
trk
triton
trinity
trend
translit
transit
transfer
training2
trailer
trafik.yandex
traffic.jos
trading
tradein
tqm
tpl
torro
torrents
torrent-mob
torkunov
tor
toolbar
tomsk.lkpr
tomsk.dev
tom
tol
tokensale
todo
to47
tmn.db
tmk
t-loves
tks
tixoreck
tivita
timur
timeline
tilda
tikhoretsk
tih
tienda
theta
thermo.chem
therapy
thai
tgr
tgn
test-www
testoteka
test.my
test.mobile
testlink
testgate
tester
test.dev
testapi
test-9
test7.lms
tesis
terrao
termo
temryuk
tempus
telhosting
telenet
telegram
tele2
tech.yandex
technology
technologies
techno
tech-mx
techforum
tec
teamwork.dev
teamviewer
teamcity
teach-inf
teachers
tdr
tdisie
tcs
tcor
tcc
tca77
tbot
tbilisskaya
tbilisi
taxfree
taurus
tattoo
tatar
tarot
tara
tanks
tanja-tank
tanjand
tambov.dev
tambov.center
tam
tallin
talks1
taldom
tajikistan
tagil
tableau.rcsoc
ta
t1
syzransmall
sysadmins
symdemo
syiktyivkar
swoy
swift
swan
svr
svoi
svn.math
svn.dev
svmed
svit-znz
svitova-litera
svitogray
svirsk
sverdlovsk
suup.econom
surwiki
surf
supwiki
support.kaspersky
support.it
support2
supply
suppliers
supplier2
sunrise
summercase
summer
suggest-kinopoisk
sudak
subaru
stun
studtest.lms
studsovet
structure
stroymaster
stroymarket
strm
strelkov-i-i
strelka
strelec
streaming
strannik
st-petersburg
storm100
stores
stoptb
stone
stm
stihotvorenija
step
sten
st.board
stavropol.south
stav.dev
statistics
static.market
static.lazada
static.baza
static8
stat.ens
stat1
staryj-oskol
startups
startup.mobile
startup
starsstore.u26944.web03
starshinazapasa
staraya-kupavna
star
stalker
st36
st1a
ssu26
ssu
sss
ssmappstore
ssl-works
sslportal-vr
sslportal-cb
sslgate-vr
sslgate-cb
srvmail
srv-live.lazada
srv8
srv6
srv4
srv15
srv14
srv12
sredneuralsk
srcc
sql-shop
sputniktv
spt
sps
sprav
s-posad
sports
splunk
sphinx
_spf-ipv6
_spf-ipv4
_spf4
spectrum
specials
spc
spb.shop
spb.nw
spb.dev
spb.db
spb-auto
sovetnik
sous
sound
soul
sosnovyj-bor
sorus
soros
sol
sofia
socket
socio
society
social.saratov
sobitia
snt
snow
snmpc
smu
smtpout7
smtpout11
smtpout1
smtpout
smtp.msk
smtp-5
smtp01
smtp0
smsgate
smp
smolensk.center
smol.dev
smokeping
smc
small.vgtrk
sma
sltm
slovari
slova
sl-lopatnikov
slim
slb
slavyansk
slavkub
slack
sl
skunk
skrepka-mobile
skazvikt
skazki
ska
sivatherium
site.yandex
sitemx
site1
sis
sir
siplync
sip2
simplex
simg
silc
signup
sibupk
sib.sendsms
sibselmash
siberijah
sibbs
siademo1
shua
shop2
shlsk
shina
shifr
shgpi
shell.yandex
she
shchyolkovo
shaxty
shatura
shans
shad
sgt
sga
sg2
sfo
sferamebli
sfera
sfb
severobaykalsk
sever
session
sesp.power
sesc
service.glonass
service.f1
service1
server4
server3
server2
serv4
serials
sergs-inf
sergiyev-posad
sergey
sense
sendsms
sender4
seminar.f1
selfcare
self
segalovich
sed.saratov
securepay
seafile
seafight
sdu
sdn
sco
schujagoo
schools
school-planet
school-collection
school6
school3aksay
school2
school1
scenki-monologi
scenarii2014
s-cdn
sbs
sber2
sba
satka
sati.archaeology
sat
sasovo
sas
saratov.vybory
saratov.dev
saprouter
sap
sao
sanych
saneev.test.dev
saneev.dev
sandy
sand
samsung
samsebeskazal
samodelkino
samara.dev
samara.db
salekh
salehard
saleh
sal
sakhalin.dv
sakai
sai
saha.dv
safonovo
sadok8
sad
saas
s8.cdn
s89
s85
s84
s7.cdn
s79
s78
s71
s6.cdn
s68
s61
s5.cdn
s57
s55
s52
s50
s4.cdn
s49
s48
s46
s45
s44
s42
s41
s40
s3.cdn
s32
s30
s2.cdn
s29
s28
s26
s24
s23
s22
s21
s20
s1.cdn
s18
s17
s110
s106
s09
s08
s07
rybalka
ryazan.dev
ryazan.center
rx
rutor
russian
ru-srv
rus.rusemb
rusemb
ru-open
rum
ru-cats
rubcovsk
rub
rtr
rt.math
rsu
rsnd-kvn
rsdo
rsa
rp-nicks
router-quality.maps
rostov.south
rostov.dev
ross
rosrao
roshal
rose
root.ip
roo
rodionovo
rod
robosar
rma
rls
rln
rkn
rki
rita
ripe
ringtones
rin
rid
rgw
rgu
rg
rezh
reviews
rev
results
rests
restaurant
response.lazada
resize
reserve
reservation
reseller
repository
reporter
report2015
rent
renovation
renault
ren
relay.mail
relay2o
relay1o
relay02
registry
regentlib
refsale
referat
redstarcat
redmine.tomsk
redir
redamerica
recrut
recommender.lazada
reason
rea
rd.uniyar
rds
rdgw
rcro
rc.online
rci
rcair
rbtru
rb.mchs
rbk
rbc
raven
ratings
raspisanie
rambler
ram
rakel30
radius2
radio-kits
radiodetali
rabota-psy
rabota2
raal100
raai
r86
r77
r73
r71
r66
r61
r59
r58
r56
r50
r48
r47
r46
r38
r32
r31
r28
r27
r19
r13
r09
r05
r03
r02
r0
quote
question
quake
qreeq2
q1
pzmash
pxy
pws
pvg
pvc
putin-slil
pus
pulse
pulscen
puerrtto
publishing
pubg
psp
pskov.nw
pskov.dev
psi.mchs
ps3fixes
prz
pryf
prx
prueba
proxy-site.net.us4.gsr
proxy2
proton
promsvb
prometheus
prom
projects.it
prohladnyi
profcomsotr
profcom
production
procuror
proc
prkopvsk
prkomm
prk
private
prirodnadzor
priozersk
printomat
primorye.dv
primo
primary
prim
prilipaly3
prev
prestable.taxi
presscentr
pressa
prelude
prefetch-maps
predictor
prdtst
pravera
praktika
prague
pracedyplomowe
pr2
ppl
ppk
power
postgrad.uniyar
postfix
postelka
posta.yandex
postal
portal-owa
portal.office
portal.center
poronaysk
pora-valit
pool2.ads
polza
polysaevo
poll.rcsoc
politproscom
politichanka
polit
polevskoj
pokrovka
pointwarez
points
point
pogoda.yandex
poezda
podvignaroda
podfak
podarok
pod
pochaev
pnpo
pmo
pmi
plush-koala
plugins
playlist-iptv
plat
plast-me
plasma
pl1
pink
pin
pictures
pickup
physik
photo-belka.u22847.web01
phones
phizika
philharmonia
phd
pharm
pgz.ako
pgs
pgmu.ako
pfr
pfo
petro
perv
personal
persona
perm.dev
perm.db
peresvet
pepelac1ft
pepelac01hp
penza.dev
penza.db
pentagonus
pegasus
pedrada
pedagogika
ped
pech
pdns
pdi
pda.money
pda.metro
pda.kurgan
pda.kirov
pda.blogs
pd
pch9
pcg.kompas
pbx01
pbox
pb.bio
payusvisafee
payservice
payflow
paycard
pavlovsky-posad
pavlovskij-posad
pavlovsk
pav
patt
path
paste
password
passbook
partners.avia
partner.market
partner.itl
partizzan1941
paris
parallels
paralife
panorama
panelle
panchenko
panasonic
paintball
paidiev
pages
page
pablo
p3
ozery
ozel.yandex
oz
ox
owncloud.tornado
owa2
ovz27
ovz
ovip
otvet
otvaga2004
otto-sharme
otpusk
otp
otorhinolaryngology
other
osiris
osgona
oryol
oren.db
orel.dev
orel.center
orekhovo-zuyevo
orehovo-zuevo
orc
orange
ora1
ora
optimus
ops
oprt
opp
opmo
ophthalmology
operator
oper-1974
openx
open.uec
opentotalk.u20029.web02
openfire
openfiles
opac
oos
ooointersvyazservis
ooointersvyaz9
ooointersvyaz8
ooointersvyaz7
ooointersvyaz6
ooointersvyaz5
ooointersvyaz45
ooointersvyaz4
ooointersvyaz3
ooointersvyaz20
ooointersvyaz2
ooointersvyaz19
ooointersvyaz18
ooointersvyaz17
ooointersvyaz16
ooointersvyaz15
ooointersvyaz14
ooointersvyaz12
ooointersvyaz11
ooointersvyaz10
ooofirmaintersvyaz
oooastra
ooak
onlinevideo24
online-kino
onlinegdz
online-consultant
onlainfilm
one
oncology
onair
omsk.dev
omsk.db
ombudsmenbiz
ombudsmanbiz
olympics
olimpiada
olimp.audit
old.tomsk
oldstudents
oldskola1
old.saratov
old.partner.market
old2
olber
oko
okna
okbm
ofm
ofk
off-road
offline
offers
oecd
odin-moy-den
odinhram
od
ocsp
oco
ocenka
obrnadzor
obrazov
obraz
oblzdrav
oblgaz
oasis
oaiuc65dfj
o2
nyagan
ny
nvr
nvm
nvkz
nvg
nvartovsk
nvart
nvar
ntv
ntura
ntt
nts
ntm
ntag
nsx
ns.tomsk
nst
nssec3
nssec2
nssec1
nsr
ns.phys
ns.msk
ns.law
nsk.dev
nserver2
nserver1
ns.depfin
nsc
nsau
ns3.csd
ns2.tomsk
ns2.hosting
ns2.expired
ns2.edu
ns2.csd
ns21
ns1.tv
ns1.hosting
ns1.expired
ns1.edu
ns1.csd
ns17
ns16
ns14
ns0.fasttorrent.ru
nru
nrgr
nps.psy
nps
npc
npa
nowch-map
novstom21.med
novovoronezh
novotroitsk
novotroick
novosib
novoshaxtinsk
novokuzneck
novokujbyshevsk
novokbsh
novogor
novoaltajsk
novgorod.nw
novavolley
nord
nomail
nog
nodevice
nntc
nnov.dev
nng
nnews
nn.db
nmc
n.maps
nmail
nlc
nkamsk
nk365
nizhny-tagil
nizhniy-tagil
nizhniytagil
nizhneudinsk
niro
nikolaeva
niitn
nihongo
nick
nic
niboch
nhs1
nginx1
nfc
nexus
newyear
new-www
newvirus
newtest
newspaper
newsman
newsletters
news24.dev
news2
new.rasp
newportal
new.monitoring
newmedia.journ
newmedia
newid
newhosting
newforum
new1
netserv
netschool
netmonitor
netmon
net-80
net-8
net-72
net-32
ness-oksana
neo-podarok
neopodarok
nek
neferjournal
nd
ncc
nbrsk
navigline
navi
naumen
natagerman
nataassa
nat1
nat
nash-licey
naryan-mar
nap.rkn
nanolab.phys
nanocenter
nalchik.south
nakhodka
nak
nagrady
nagios2
nadym
n1s1
mytishi
myt
mysupport
myski
mymail
my-life-story
mycredit
mycoweb
mycard
myapps
mxx
mxs2
mxs1
mxp
mxout
mx.mail
mx.lib
mx.inbi
mx.forum
mx.dev
mx20
mx11
mw
m.vologda
m.vladimir
muz
mutant.social
museums
murmansk.nw
murmansk.dev
m.uat
m.tumen
m.tula
m.travel
mtp
m.tomsk
mti
mtg
m.tambov
mta6
mta-4.e
mta-3.e
mta-2.e
msz
m.stock.r2d2
m.stock.m.stock.r2d2
m.stock.m.stock.m.stock.r2d2
m.stock.m.stock.m.stock.m.stock.r2d2
mstm
m.spb
m.slovari
msk.shop
msko
msk.dev
m.saratov
msa
mrr01.common
mrcpk
m.rabota
m.pskov
mpr
mpopenker
mplus
m.perm
m.penza
mozhaysk
mozh
movies
move
motor
mother
mosoblast.center
mosk
moscow870
morena-morana
m.orel
moose
moon2
moodle.ipm
moodle2
montenegro.dev
monitor2
monitor1
moni
mon2
mon1
m.omsk
moder
mocnit
mobil.yandex
mobil-photo
mobile.yandex
mobilesite.a
mobiledcca
mobi1
mntk
mnp
m.murmansk
mmironov
m.metro
mmcs
m.market
mm.afis.yandex
mlp
m.lipetsk
m.kursk
m.kirov
m.kazan
mjkh
mixfile
mixajlovsk
miumau
miss-tramell
mirror3
mirny
mir.ismu
mio
mintrans
minsvyaz
minstroy.saratov
minsport18
minsoctrud
minsoc
minmolodsport.saratov
mineralnye-vody
mineralnyevody
minenergo
minecraft
minec
mincult
mimundo
militera
militariorg
m.il
mil
mike
mihajlovka
migration
mid
micro
mi2
mh2
mg2
mg1
m.fotki
mfnso
metropolis
metrika.yandex
metrics
metrica.yandex
meteo.yandex
meteogis
messaging
messages.moscow
mesng
m.es
mera
mentor
members
melrvo
melon-panda
megasoft
megamp3
mega
meet.corp
medtsu
medlan
medic
median
media1
medea
mdrech
mdm.rp
m.dev
m.crimea
m.chel
mcb
mcadday
mbx
mbt
m.bryansk
m.boutique
m.blogs
m.beta
maykop.south
matveev
match.ads
mastercard
mas
marshal
mars2
markets
market-prestable
marketplace
mariupol
marina-haifa
mariinsk
marienovosad.u20544.web02
marathon
mar
mapi
manuelisakov
mangush
mango
management
man2
man
mama
malyshi
malay
make-your-style
maintenance
mail.zakupki
mail.yandex
mail.www
mail.ut
mail.ural
mail.ua
mail.tspu
mail.tgl
mail.stud
mailsrv
mail.spb
mailserver1
mailserv
mail.sakha
mail.rt
mail.rostov
mailrelay2
mailrelay1
mailrelay
mail.piter
mail-out
mailout
mail.nf
mail.news
mailmx
mail.mntk
mail.math
mail.kp
mail.kommersant
mail.kaliningrad
mail.it
mail.imop
mailgw
mail.gtn
mailgate7
mail.ftf
mail.fb
mail.es
mail.ekb
mail.edu
mail.e5
mail.cps
mail.bryansk
mailbox.ntci
mailbox
mailblog
mail9
mail35
mail32
mail30
mail2.rnd
mail22
mail214
mail212
mail21
mail-2
mail1.www
mail17
mail15
mail12
mail11
mail03
mahachkala.south
mah
magic
magazin
magadan.dv
m.afis.yandex
madrid
macos
machinery
m7
m6
lz-res
lyubercy
lyrics
lyncws
lyncwebcon
lync-was
lyncsip
lyncext
lync-edge
lyceum
lxfarm
lviv
lustra
luna
luhovitsy
luchegorsk
lu
lspu
ls
lpm
lotus
lomonosov
lol
loktkom
loko-izumrud
logo
logistics
logic-games
localhost.office
loas
loan
loadtest
load
ln
lms.mti
lm
lk.ufa
lk.tomsk
lk.lipetsk
lk.kuban
lkk
lk.dom
lk.belgorod
lj
liza
literatura5
lists.ut
lipstat
lipetsk.dev
lipeck.center
lingvo
ling
lin
likino-dulyovo
lig.yandex
liga.yandex
liferules
life-moon
lic
lib-susmu
librarium
libra
libfl
liberty
liber
lexus-japan
lex
lesozavodsk
lesnoy
leopard
leo
lenovo
lenoblast.nw
leninsk-kuznetskiy
leningrad-reg
legarhan
legal.yandex
ledi-di
learning
league.yandex
ldn-knigi
ldap01
lbt
lb3
lb
latvia
latam
large
laptop
lapin
lancaster
lama
ladies
labs.dev
labmto
la2
la
kzl
kyiv
kvm2
kvm1
kvm01
kuzneck
kuzmin
kushva
kushhevskaya
kurum
kursk.dev
kursk.center
kurort
kurganskaya-oblast
kur
kupon
kupola
kulebaki
kukmor
kuda
kuban.dev
ktl
kstr
kspu
ksmg
ksh
ksc
krsk.dev
kronos
kronk
krivoy-rog
krimsk
kremlin
krasstat
krasnozavodsk
krasnokamsk
krasnodar.south
krasn
kramatorskpost
kraken
kpolyakov
kovcheg
kotex
kot-de-azur
kostroma.center
kosmos-x
kor
kopilpremudrosti
kopilochka
kopejsk
kooper-gcheb.edu21
konura
kontakt
konspektu
kommersant
komitet-als
komi.nw
komi.dev
komfort
kolybanov
kolpino
kolcovo
kolchugino
kog
knvk2007
knitter
knights
knaob
kna
kmns
kmk
kln
klintsy
klincy
klimovsk
klass
kitchen
kishinev
kis
kirzhach
kirovstat
kirov.dev
kirov.db
kirovcdo
kiro
kirishi
kir
kinozal
kinodisco
kinodacha
kino1080
kingisepp
king
kinel
kibana
khorev
kherson
khabarovsk.dv
kge
kgd
kgb
kemerovskaya-oblast
kemer.lkpr
kem.dev
kelmi
kdp
kcmf
kchr
kch
kbshev
kbsh
kbmk
kazna
kazan.dev
kavkazwebsite
kavkaz
kav
kaspiysk
kasli
kasimov
kargasok
karelia.nw
kardiologia
karate
karaoke
karachaevo-cherkesiya
karachaev-cherkess
kapitza
kandalaksha
kamyshlov
kaminy
kamensk-uralskij
kamchatskiy-kray
kamchatka.dv
kaluga.dom
kaluga.center
kaltura.it
kalmykiya
kaliningrad.nw
kaliningrad.dev
kak-eto-sdelano
kafellini.profeel
kachkanar
kachestvo
kabardino-balkariya
k1
k
juri
jupiter
journ
joinlync
jkh
jitter
jimmy
jf
jewish-aut
jeka
jd
jc
jb
ja-anon
j2
izoteh
izhevsk.db
izh.dev
ivf
ivanteyevka
ivanovo.dev
ivanovo.center
ivakin-alexey
iv
itweek
itvoru
itv
itunes
itraveler
itp
itl
itforum
itest
italia
it2
iszf
istudent
istu
issa
ismu
ishop
ishimbaj
iseg
ise
isa
irlc
irkutskaya-oblast
irk.dev
iriit
irek-murtazin
irbit
iradio
iq
ipro
ipps
ippk
ipoteka-partner
iportal
ipo
ipc
ipay
ipatovo
ip58
ip57
ip56
ip54
ip3
inweb
invet
inventory
intsys
intro
internet.yandex
interedu
integration
inta
instructionsrzd
insta
ino
innovations
inline
ingushetiya
infosys
informers
informationweek
inform
info.price
info.lazada
infocom
inet.icn
industrial
indo
indigo
ims
imperiatour
imode
imgn
img-fotki
img7-fotki
img6-fotki
img6
img5-fotki
img4-fotki
img3-fotki
img2-fotki
img1-fotki
img12
img06
img03
img0
imf
imec
imap4
images1
im8-tub
im7-tub
im6-tub
im5-tub
im4-tub
im3-tub
im3
im2-tub
im2
im1
im0-tub
ilc
iks
iit
iiab
ii
ihed
igraj-poj
igm
ifs
iem
idpo
idm
ideya
identity
ideas
ict
ics-cert
icos
icons
icmmg
icdn
icabinet
ibigdan
ibc
i.assist
ias.csr
iap
iae
iac
ia
i9
i84
i7
i67
i6
i43
i42
i41
hypo
humpty.inm
huawei
hselyceum
hse
hsb
hs2
hs
hpi
hoztovary
hott
hotspot.isp
hotline
hosts
hosting4
hosting1
hostfm
hostel
host9
host89
host88
host84
host83
host82
host81
host80
host8
host62
host61
host60
host59
host58
host57
host56
host55
host54
host53
host52
host51
host50
host49
host48
host47
host46
host44
host43
host42
host41
host40
host4
host39
host38
host37
host36
host35
host34
horoskop
horoscopes
horoscope
hopper
homer
homenet
home-and-garden
hlp
hlebodar
hleb
hl.dev.ln
hi-tech
hitech
hindi
him
hh
hemi
help2
helm
helios.cs
heart
hdd
hcm
hava.yandex
havadurumu.yandex
hata
harita.yandex
haritalar.yandex
hapyto
happy-hobby
happy
hao
hantmans
handler2
hall
hakasiya
hab.dev
habarovskiy-kray
ha1
ha
gymnasium
gw-2
gw0
gusinoozersk
guru
gurevsk
gulkevichi
gukovo
guineecole
guestbook
gta
grpress
groups
great
gramotno
gossov
goroskop
gorod.yandex
gorodets
gornoaltaysk
gorbibl
google
goodok
goodmail
good
golitsyno
golicino
goblin
gm
gloriaromana
glebka
gl
gitlab.ut
girudoterapia
ginekolog
gin
gimsyaroslavl
gim47
gig-torrent
ggf
ggc
gg
gfu
getfile
germes
gepsdemo
georgia
geopolitika
geoip
geoeco
genproc
genebee
gen
gcheb
gb1
gazpromgr
gaz-pay
gaz
gatn
gate.pdmi
garmoniya
garmin
garage
gaming-resource
gamesterritory
games-cheatsfre
galya
galileo
gagarin
gadgetstyle
gadget
gabihadiev.u22836.web01
g2
fw2
futofz
futbolaski.yandex
furs
function
ftp.lib
ftf
fssk
fss
fsitnikov-ru
fs4
fs2
fs1.e
fry
front2
front02
friends
freya
freelance
freekidsmovies
free2play
frame
fram
fpmk
fotomuseum
forward
fort
form
forex
forest
foresight
ford
food
fonts
fof
foe
fnm
fms
fm-media
fmc
fly
flux
flower
flow
flag
fiz-cultura
fix
fitness
fishing
fisher
first
finereader
find
filter
filologia
filin
files1
filecloud
file2
fiat
fias
fh
fgis
fg
ffl
feeder
fe3
fc2
fbtom.f2p.services
fbmw1
fbb
favoritemovies
favicon
fasttorrent.ru
fas
farmerama
fapp
fallback4
fadm
factory
fabriki-kuhni
fablab
f5
f4
eyorkie
ext.contest
expwe
expocentr
expired
experience
exp1
exe
ex13
ex1
ew
evreyskaya-ao
everest
eva
eurovision
eurotest
euro.dev
eureka
estonia
esstet.u15089.web01
ess
esk
eshop
esc
esb
error.palax
erp
er.mis.zdrav.tomsk
erm
erevan
era
eps
epp
epay
eor
eoo
eoffice
en.video
ent
ensb
englove
englgram
eng.flag
eng.constitution
empartner
emias
emerald
eme
emc
embed
emanzhelinsk
email1
e-mail
elza-68
elista.south
elibrary
elf
elektrougli
electrostal
electron
elections
eko
ekburg
ekatenergo
ekat.db
e-kaspersky
ejudge
ejsk
eid
egypt.dev
efs
efremov
edx
eduknigi
edu21
edu2
edt
edo-test
edit
econom
e-commerce
ecology
ecokadastr
echo.guimc
e-burg
e-birzha
eau
eas
eagle
ea1
dzhankoj
dyurtyuli
dyn
dwn
dvp
dv.dev
dtu
dtm
dtln
dspark
dspace
dshi8
dsh
dsd
ds79
ds78
ds14
ds11
ds1
ds07
ds02
drweb
drupal
drm
drivers
drezna
dreg
dreamteam43
drama
dragon
dps
dpmmax
dpa
dovuz
dovidka
dove
dou35
dot
doskado
dop
donrf
domofon
domo
domain-xmpp
dolgoprudnyj
doktor-killer
doktor
dok
dodo.inm
documents
documentalfilms
dobro
dobr-internat
dns.infra
dns-admin
dns4
dns-2
dns-1
dns0
dnevniki
dnevnik
dl1.central
dkn
diza-74
divno-znamenie
divnoe
diss
dispatch
discussion
discovery
disc
directum
directory
director
dir
dino
dimka-jd
dimitrov
digest
dialup-9
dialup-8
dialup-7
dialup-6
dialup-5
dialup-3
dialup-2
dialup-14
dialup-13
dialup-12
dialup-11
dialup-10
dialup-1
diablo
dhcp2
dhcp1
dezservis
devtest.lms
devtest
dev.sp
dev.mail
devday
dev6
dev1
deutschonline
deus
detmagazin
detkam
detcon
de-srv
desktop
desk
designtest.lms
deptno
depsr
depjkke
depgs
depeconom
depdorhoz
depcultura
dep
den
demo3
delta-plus
degtyarsk
def
dedovsk
deco
dealers.tomsk
dealers.kurgan
ddos-test
dc2
db4
db3
db2a
db-1
db03
day.career
dates
data.request
dataprotection
data8
data3
dat
darwin
darkorbit
dannih
dalnerechensk
dalnegorsk
dacha
da
d4
d2560
czech.dev
cyprus.dev
cyberplat2
cybermap
cy
cwa
cvsup
culture.mchs
culturecorner
cuda
cts
ctc
ct
cst
csp
csm
cs.e
cscontact
csbg
cs3
cs1
crypto
crv
crucible
crm2
crls
crimea.dev
cppkp
cp-domains
cp2
coyote-2
cosmos
cosmo
cos
corruption
corp.tomsk
corp.kurgan
cookery
converis
contract
contingent
context
contests
content.lazada
contactws
constructor.maps.yandex
constructor.maps
constitution
console
connect8media
connect8
conference.center
computers
company.tomsk
company.kurgan
comp
commfort
comics
comet.my
color-art
color
coloproctology
colo
collegy
college
collector
coko
coins
cod
cnit
cnd
cnc3dart
cmc
clubs
cloudstatic
cloud.kras
cloud.inbi
cloudflare-resolve-to
cloud2
clmo
clinpharm
clinika
clinic
clickhouse
clbank
class-fizika
clan-saracins
claims
ck58713
cjc
city.yandex
cito
cip
cigate
cie
cib
chv
chuvash.lkp
chuvash
chukotskiy-ao
chudovo
chrp
chronomere
chk
chita.dev
chip
chinese
chinavsem
chess-turbobit
chernogolovka
chern-molnija
cherkessk.south
cherepovez
chemistry.ssu
chemistry
chelyabinskaya-oblast
cheliabinsk
chel.dev
chekhov
chekhlataya.u25618.web02
chef-server
chechenskaya-respublika
chebarkul
chbrr
chb
chay
charts
chajkovskij
cg
cfo
cet
ces
certification
ceo
central
centr
cel
ce
cdn.forum
cdndl
cdn9
cdn8
cdn6
cdn5.img
cdn4.img
cdn3.img
cdn01
cdn0
cd-market
cc.bonus
cbr
cats
catalogue
catalog.api
catalan
castle
casting
case
cargo
careers
care
card-transfer
card.market
carddesigner
card2card
capture
capsule2
capsule
capping
cao
canada.dev
cam
caldav
cal
cad
cactus
cache2
cabinet-ul
c6
c4
c3
bye
bx
bviproject
bv
buryat.lkpr
buryatiya
buratino
bur
bunny
bulochnikov
bulletin
buk
build
bugzilla
budichome
bti
bsu
bss
bsk
bscc
bryansk.dev
bryansk.center
browser.yandex
brestchess
brb
brand
bp
boutique
bounce
borovichi
borodino
borda
boot
bookshop
bookmarks
boogie.inm
bogotol
boards
bnmotors
bmx
bmpd
blue
blog.lazada
blogi
blocked
blg
blagov
blagodarnyj
blag
blackboard
blabber
bitum
bitcoin
birzha
birthday
birsk
biomed
bindcard
binary
bim
billy
bilbo
bik
bijsk
bigbrother
bibliotech
bfm
beta.partner.market
beta-maps
beta.m
beta.gorod.yandex
beta.city.yandex
bestmodels
berlin
berg
berez
bereg
belorussia
belokur
belo
belgorod.center
bel.dev
belan-olga
beddo
beacon
be1a
be
bdd
bcs
bazis
bazar
bazabbix
bastard
bass7013
bash
base2
basaru
barkas
barbusak
balkans.dev
balkans
balance.yandex
balahna
bacula
backup2
backtoschool
backoffice.st36
babanov.test.dev
babanov.dev
b24
azure
awtech
awe
awas1952
avtovokzal
avtoshkola
avtoevakuator
avgust
avdesk
avant
avalon
autumncase
autoparts
autodiscover.econ
autodiscover.corp
auth.test
auth2
australia
aurora
aura
audit
auc
au
atyrau
atm
atl
atkarsk
asv
asurpkd
asu
astro-zodiak
astral
astrakhan.south
astrakhan.dev
astrahanskaya-oblast
astr
aster
assol
assets3
asrmmt2
aspera
asino
asia
ase
arz
artlib
artists-beware
arsk
arsenev
armenia
arkh
arh.dev
argus
argon
ares
arena
ardon
arctic
archimax
archangelsk.nw
archangelsk
arbat
aralina
arahna
arabic
aps
april
apps.desk
application
applepay
apple
app.catalog
app02
apollo
apmath
apivz
api.ufa
api.test
apitest
apis
api.elista
api.crm
api.central
api2
anzhero
anton1996
antifraud
ansd
anonim
ang
aneks
andromeda
andrology
andrei-bt
analytics.mobile
amurskaya-oblast
amursk
amur.dv
amur.dev
ammo1
amm
amigo
amfora
alt.dev
altaysk
altaikr.lkpr
almt
almet
allweneed.u19015.web02
alloy
alkopona
alice
aleysk
alexis
alexeys
alexey43
alena
aleksin
alec
albert
alawar-keys
akusherstvo
aktobe
aktau
ako
aimg
aillarionov
aikido
aida
aid
aic
ahtb
ahoj
agryz
aginskoe
agile
agidel
agents
agat
afrodita
afp
aflex.bpmonline
afis.yandex
afi
adygeya
advecs
adv2
adm.v3
admportal
adm.my
admlr
adm-linda.v3
admission
admin.beta
admin3
admgor
adimg
adigea
add
adblock
ad4
ad3
activate
act
acrobat
acm.math
aci
accounts.central
academbanner
abs
abdulino
abakan.dev
aaa
a4
a2
a0
96
95
94
911
89.mchs
8800
87
83
8
75.mchs
73.mchs
72.mchs
60daysnew
60days
59.mchs
52.mchs
4konf
4g
4conf
48.mchs
47.mchs
40km
404
3kota
3g
3dtour
3dsec
381
33.mchs
29.mchs
28.mchs
270
254
251
250
24.mchs
239
22.mchs
221
212
20years
2011
2008
2005
1cbo
185
178
175
174
173
172
171
170
166
15.mchs
158
156
155
148
144
127
111
110
106
102
101
09.mchs
03.mchs
02
0
zzzlobny
zzz
zzfx
zzero
zzbo
zz8.kapitza
zz6.kapitza
zz5.kapitza
zz4.kapitza
zz3.kapitza
zz2.kapitza
zywickiusb1
zyw77
zyrcrb
zyntogz
zykov
zykjo
zyebu
zycon
zyablikovo
zy
zxzk01e
zxvz
zxdtm.dpts
zx
zworker-test
zwiahel
zweb-test
zweb-i4
zwcr
zvukovye-karty
zvukokniga
zvukoff
zvuki-tut
zvtuu
zvonoksayt
zvon4ekova
zvm.main
zvk.energy
zvezda-em
zverevo
zvenigovo
zvenig
zv-1920c.geol
zv-1920b.geol
zuzu
zuzino
zurita2015
zurillny-koroly.vpn
zuravushka36
zuomik
zune
zultserpamps7
zuk-zuk
zui.fm
zugre
zuevka
zueva.evol
zueva
zubnye-schetki
zubkova.geol
zubihina-en.hostel
zubchick.dev.tools
zt-tehnolog
ztrada
zt-net
ztkredit
zti
zteym
zte
zt-bcast
zt38
zt36
zt35
zt1
zt
zsvcska
zsttk1
zspk01.zspk
zspk
zslls
zsib
zsb
z--s
zs
zrust
zrouter
zrenie
zr2008
zr
zp-school70
z-proxy2
z-prez
zpo
zp-mama
zpitanie
_zp
zozo
zozi41
zozh.medlan
zozh12
zots4
zots3
zots2
zots1
zots
zotov.sai
zotova198622
zosh-mal
zoshlisich
zosh-9-kalush
zosh-8
zosh6inform
zosh6
zosh4pereyaslav
zosh48mk
zosh3ostrog
zosh3okhtyrka
zosh28
zosh13
zosh10
zoschenko
zorya
zorinpavel
zoramon.v4.search
zora6-14.search
zora6-12.search
zootovary
zoom.vm
zoomumba
zoomax
zoom
zoolakki
zoohouse
zoo-help
zooferma
zoobonus-press
zoo34.iaas
zoo2-4-vm6
zoo1-4-vm6
zoo1-4-vm5
zoo1-4-vm4
zoo1-4-vm3
zoo1-4-vm2
zoo1-4-vm1
zoo1-3-vm9
zoo1-3-vm8
zoo1-3-vm7
zoo1-3-vm6
zoo1-3-vm5
zoo1-3-vm4
zoo1-3-vm3
zoo04.search
zon-obraz
zone2.noginsk
zone1.noginsk
zonazvuka
zona-v.geol
zona197
zona
zombie-psixi
zoluwka1
zolushkasad
zolushka-80
zolotynka
zolotoidrakon
zolotoichelovek
zolotnik2
zolote-bg
zolotayar10
zolotaya2.geol
zol-osvita
zolochev-afgan
zoll-unlim.vpn
zolkoleg-lnau
zolix
zolinger
zolina
zol2inf
zojy
zoidberg
zodiak2
zodiak
zodiac.sipc
zodiacdisk
zodiac.adm
zodiac
zodani
zochblidcha
zobxan
zobrazzhizni
zobne
zo1445fishhatch
zo1
znz5
znz20melitopol
zntp6.techpark
zntp4.techpark
zntp1.techpark
znr.library
znr-2.library
znp7.spsl
znp3.spsl
znp2.spsl
znp1.spsl
znoua
zno-sumy
znohist
znoenglish
zno
znb-server.ptr
znatok-ne
znarok
znaniya-sila
znaniumcom.my
znanie.srcc
znanie
znamya-oktyabrya
znamosvita
znamenka
znamenitosty
znam
znakvodoleja
znakomstva
znakom
znaki-uniforma
znaiev
znai
znaete
zn2
z-n
zmsk
zmodem
zmiev-societas
zmi.cds
zmeew
zmcsssdm
zmb
zmail
zmaierz
zm027.search
zloy-odessit
zlo-pw
zloiromantik
zloba
zlm1989
zlatmusic
zlat
zlan
zks.pir.eirc
zkp
zkd
zk01e.mail
zjkunstman
zixan
zivsroy
zivil
ziryno4ka
zirochka3
zirina479
zipserver14
zipper
zip
zion.ami
ziodt
zinger
zingaya1
zingaya
zinchenkosergey
zinas
zin
zimoglad
zimmerman
zimbra.tsu
zimbra.sinp
zimbra.interface
zimbra.ics
zimbra.cc
zimbra.ako
zimbra4.aster
zimbra1
zima.mtest
zimamoda
zima9f.storage
zima9e.storage
zima98d.storage
zima97d.storage
zima96h.storage
zima95d.storage
zima93h.storage
zima91d.storage
zima90d.storage
zima8f.storage
zima8e.storage
zima89d.storage
zima88d.storage
zima87h.storage
zima85d.storage
zima82e.storage
zima82d.storage
zima79d.storage
zima78d.storage
zima77f.storage
zima77d.storage
zima76h.storage
zima74f.storage
zima74d.storage
zima72f.storage
zima71e.storage
zima70f.storage
zima6h.storage
zima69d.storage
zima68d.storage
zima67h.storage
zima66d.storage
zima65d.storage
zima64h.storage
zima64f.storage
zima63f.storage
zima62h.storage
zima62f.storage
zima61e.storage
zima60f.storage
zima5h.storage
zima5f.storage
zima59f.storage
zima59e.storage
zima57h.storage
zima57f.storage
zima56f.storage
zima55h.storage
zima54d.storage
zima51h.storage
zima50h.storage
zima4h.storage
zima4d.storage
zima49e.storage
zima49d.storage
zima48d.storage
zima46h.storage
zima45f.storage
zima43e.storage
zima43d.storage
zima42h.storage
zima42f.storage
zima42e.storage
zima41h.storage
zima41d.storage
zima40h.storage
zima3h.storage
zima3d.storage
zima39h.storage
zima39f.storage
zima39e.storage
zima38h.storage
zima35f.storage
zima35d.storage
zima354h.storage
zima33d.storage
zima32f.storage
zima328h.storage
zima320h.storage
zima319h.storage
zima311h.storage
zima30h.storage
zima307h.storage
zima301h.storage
zima298h.storage
zima297h.storage
zima293h.storage
zima292h.storage
zima286h.storage
zima283h.storage
zima27h.storage
zima272h.storage
zima26f.storage
zima269h.storage
zima267h.storage
zima265h.storage
zima264h.storage
zima263h.storage
zima261h.storage
zima260h.storage
zima250h.storage
zima24f.storage
zima247h.storage
zima240h.storage
zima239h.storage
zima234h.storage
zima233h.storage
zima232h.storage
zima231h.storage
zima22h.storage
zima22d.storage
zima220h.storage
zima216h.storage
zima212h.storage
zima20d.storage
zima208h.storage
zima204h.storage
zima1e.storage
zima19e.storage
zima195h.storage
zima18d.storage
zima187e.storage
zima186e.storage
zima185e.storage
zima180h.storage
zima180e.storage
zima17h.storage
zima17e.storage
zima172e.storage
zima171h.storage
zima171e.storage
zima170h.storage
zima16d.storage
zima169h.storage
zima167h.storage
zima166e.storage
zima165e.storage
zima164e.storage
zima163e.storage
zima15h.storage
zima15d.storage
zima159e.storage
zima158e.storage
zima154h.storage
zima153e.storage
zima152e.storage
zima14h.storage
zima14e.storage
zima149e.storage
zima148e.storage
zima144h.storage
zima142e.storage
zima13f.storage
zima13e.storage
zima139e.storage
zima138e.storage
zima136e.storage
zima134h.storage
zima134e.storage
zima130h.storage
zima12h.storage
zima12e.storage
zima129h.storage
zima129e.storage
zima128e.storage
zima127h.storage
zima125h.storage
zima121d.storage
zima11h.storage
zima11f.storage
zima11e.storage
zima11d.storage
zima119h.storage
zima118h.storage
zima117d.storage
zima112d.storage
zima107e.storage
zima105e.storage
zima103d.storage
zilovo.mtest
zilovo
zilechka
zilair
zigzag
zigor
ziggyboombox
zigankova1953
zieit-ep
zianchura
ziabyka
zhzhmoto
zhushen-recharge
zhushen-oom-dev
zhushen-oom
zhushen-game02
zhuravel-d
zhukovskiy2.old
zhukovskiy2
zhukovskiy
zhuki
zhs
zhp.inc
zhovtnevazosh
zhopper
zhlzngrsk
zhivayaistoria
zhitomir
zhireken
zhigansk
zhig
zhezuma
zherdevka
zhenya1
zhenjushka-pechenjushka
zhengwu
zhenechka2000
zhemchuzhna
zhem
zheleznovodsk
zheleznogorskilimskiy
zheleznogorsk2.old
zheleznodorozhnyij
zheleznodorozhniy.old
zheleznodorozhniy
zhel
zheka-ural
zhdanova
zhdanov
zhd
zhbi-v
zhataj.sakha
zhasulan-1996
zharikov
zhannapomogi
zhandosbai
zhambyl
zhaloby-gz.fas
zhaisanbaev
zgrad
zgorsk
zgm
zg31physics
zg
zfyur
zfstest
zfsnoc4
zfsnoc1
zfront1-rc
zf-ii-216b-6.power
zf-ii-216b-5.power
zf-ii-216a-1.power
zf-ii-216-4.power
zf-ii-216-3.power
zf-ii-216-1.power
zf1
zezyaa
zeya
zeva
zeus.uss
zeus.sai
zeus.ptr
zeus.cmm
zeus2.sai
zetahroon
zeta.eas.sinp
zeta.cs
zesarka
zero.main
zerol
zernyshko
zernyatkolviv
zernograd
zernishko
zern
zerkala
zergo01
zerg
zerbi
zerberus
zepterrussia
zeppelin
zephyr
zephirstorage
zepar
zeon
zen.yandex
zentyal0
zen-test.yandex
zenitspb
zenit-gw
zenit33
zenir
zenik95
zemtsov
zems
zemlya2011
zemlja-stilsko
zemlipay
zemlianika
zemlia
zemles
zemlemer.vpn
zemlayne
zemfort1983
zemelnye-uchastki
zemax.sai
zema52
zelwebs
zelo1.haze
zelgrd.pir.eirc
zelenyikot
zelensky
zelenograd.old
zelenogorskiy
zelenin-s.main
zelena-tara
zelao
zekobay
zede1697
zeddoo
zebra.dc
zebra2.dc
zebra
zdvs1
zdvcbcxb
zdsgn
zdrav.tomsk
zdravdv
zdravamir
zdpro
zdosvita
zdosaaf
zdortov
zdorovushka-rf
zdoroviedeti
zdorov
zdolsk
zdm
zd-gate
zdd
zcrl-hirurgiya
zcptovt
zcbxcq
zbzs-wm
zbx.serp-of01
zbxp.volgograd
zbxp-tv.iz
zbxp.tver
zbxp.spb
zbxp.saratov
zbxp.nsk
zbxp.lipetsk
zbxp.izhevsk
zbxp.chel
zbxp.cheb
zbxp.barnaul
zbiseru
zbi192
zazerkaliya
zaytsev
zaycev
zayavki
za-y-ac
zawar
zavvodok
zavu4skul
zavrk.spsl
zavopki.spsl
zavonb.spsl
zavodoukovsk
zavod
zav-man
zav-kfe.fet
zaveta
zavdschool13
zavadsky
zav4b8.vpn
zav10a
zav
zaure0979
zaturinfo
zatraty-vypusk
zatramvaj
zatosib-com
zaton9-7
zastypnik
zastava.spb
zastavac.mass
zasov.sai
zasov44.sai
zaslonko.chph
zas.kti
zasgimn
zarubezhje
zarpetr
zarobotayvnete
zarmar-unlim.vpn
zar-lit
zaripova
zaringleb.haze
zarinallan.temp
zarina3951
zarina1458
zarifi
zarechnyij
zarechie.nts
zare
zaraza-unlim.vpn
zarapkop
zarabotokua
zarabotaj
zarabotack
zara
zapretinfo-stub
zapret2009
zapreg95
zapovednik
zapoteq
zapis.volmed
zapisnyh
zapiski
zapgun05
zapchasti
zapalifilm
zapah-ozon
zapad.kz
zaozerny
zaovstm
zao.pir.eirc
zaoknom
zaointersvyaz.lk
zaointersvyaz2.lk
zaochneg
zaochna-shkola
zao
zanzibar
zanzarah
zanxus8
zanxus7
zanxus6
zanxus2
zanuda-00
zanin53.vpn
zanas.saratov
zan
zamsv.main
zamsha
zamokinru
zamki1
zamenigoodok
zamdek.ptr
zam
zal.spsl
zalozvhnitsa-3
zal-9.sipc
zal-7.sipc
zakupki-drp
zakupka
zakony-turkmenistana
zakoni2007
zakon2009
zaknafeyn
zaklik
zaken-doma
zakazrabot
zakaz.qwerty
zakaz-mail
zakatan
zakarpattya-fm
zakamensk
za-kadry
zaikina.main
zaharovaon
zaharov
zags-test
zags-mail2
zags-mail1
zags-ftp-admin
zags-forum
zags-admin
zagryzi-ka
zagruzka-plus
zag-pedagogika
zagolovki-images
zag-notb
zagevalo-trusty.haze
zagacomtr
zaebok-kun
zadizain
za-day
zachustvitchznu
zachestnyezakupki
zab-yasnogorsk
zabbix.vladivostok
zabbix.vl
zabbix.tyres
zabbix.sdn.hosting
zabbix.rsu
zabbix.prod
zabbix-nsk
zabbix.newmedia.journ
zabbix.net
zabbix-mon
zabbix.main
zabbix.infra
zabbix.hosting
zabbix-ext
zabbix.esemc
zabbix-e1.core
zabbix.dev
zabbix.core
zabbix-colo
zabbix2.spb
zabbix2
zabbix-02
zabbix01.infra
zabaykalsk.mtest
zabaykalskiy-kray
zabakaru
za2
za1
z9-vz.search
z9
z4-vz.search
z401wifi.mpei
z3950.lib
z2-master-00.search
z24-runnet
z1irna
z14-aspd02
z14-aspd01
z14-0491-bmwa
z123abv
z1
z03
z01
z0081
yzpismo
yzi
yyph
yxc4r6h7g6
ywroadrunner
yvbarkova
yuzhnouralsk.mtest
yuzhno-saxalinsk
yuzhnosakhalinsk
yuzhnosakh
yuzhno-sahalinsk.old
yuzhan19830727
yuzd
yuvlatyshev
yuuki.ptr
yuts
yuta84
yusif-vezir
yushchuk
yuschikev
yus
yury-novikov
yurpsy
yurpomoch
yurpechnik
yur-misha3
yurlib2.library
yuriynb
yurimasterr
yuri-loskutov
yurasumy
yurashku.dev
y-u-r
yunitur-krym
yumsh
yummy
yum.corp
yumbrik
yum2.corp
yum2
yum1.corp
yum1
yum
yulyashya
yulyag
yulya
yuliya.rest.dev
yuliakara
yulia1
yulapskov
yukos
yukor
yuki-maguro
yui
yuh1
yugsun
yugorsk86
yugno-sahalinsk
yug.kz
yug
yudino
yudina-july
yucyun
yubilejnyj
yuanna-dzhiy
yu067kot
ystolika
yspix
ysoyipek
ysk
ysda
ysa-static.passport
ysa
ys112
yroki
yrga-gimnaziya3
yrga-gimnaziya
ypsyti
ypol
ypert
yozpower
yoyo-home
youwatchfree
youtube-mult
youtube
youts
youtrack
youtops-nano
yourphoenix
your-look-today
your-food-today
your-auto
young
you-need
youloveben
youldle
youla-starter-ppn.go
youla-starter.go
youla-sg-predict.go
youla-recos.go
youla-popuri.go
youla-paid-ad.go
youla-optimus-price.go
youlabot-test.go
youcity
youagain
yota-r2
yota-r1
yota
yoshkarola.ver2
yoox
yoon1982
yoncaagac
yonathan
yoly-paly
yola.b2b
yol
yoga
yoda
yoanastasia
ymsh.tst.mobile
ymsh.taxi-partners-test.mobile
ymsh.mobile
ymsh04h.mobile
ymsh01h.mobile
ymsauth-dev
ym-promo
ymorno-ru
ymo
ymniki-i-ymnichki
ymlee
ymback-digapi
ymama
yl-al
yks
ykpaina
ykontakte
ykirill
ykamina
yismailozer
yingeric
yildiz96
yildirimcengiz.yandex
yik.main
yiguo
yigumnov
ygw.evol
ygert
yfo
yeysk
yevhene
yessentuki
yesk
yerohin.bel57
yeni-heyat
yemenifree
yellowbird-03
yelets
yehongmei
yegoryevsk
yegor
yeecloud
yealink.fas
yeah
ydude
ydf
ydert
ybrtb
ybill
yazyes-1
yazva
yazikoveg.main
yazarsoft
yayoye
yaws-alpha-iva5-api
yaws-alpha-api
yaws-alpha-admin
yava-1.search
yava
ya-ukrainec
yatskiia2018
yateam-vm-m1.passport
yateam-vm-i1.passport
yateam-dbs-i1.passport
yateam-dbm.passport
yateam-dbm-i1.passport
yastroka
yastore-mrs01h.mobile
yastore.mobile
yastore-int.mobile
yast
yasny
yasnogorsk
yasn2
yasm.search
ya-sms
yasmfront-iva02.search
yasiner
yashkino
yashen
yasenevo
ya-schizotypic
yasau
yarysh
yarushinanatali
yaru-front01e.tools
yaru-db01e.tools
yaru-bulca01e.tools
yaru-back01e.tools
yartsevo
yartdi
yaroslavl.old
yaroslavl5
yaroslavbez
yaroshenko
yarodom
yarms
yarmarka1
yarmarka
yarin-mikhail
yari.mobile
yari
yargu.uniyar
yaremchuk-int
yardim.yandex
yar.b2b
yar-avtomir
yara
yar2
yaprivit
yapic-db-i1
yapic-crawler-test
yapic
yapet
yanus-1
yan-test
yanpc.phys
yanok
yannagr
yankovoy
yanko
yanivschool
yanis
yanick1
yan-dex16
yanayana
yanaul
yana-storm
yanarysh
yanaofootball
yanao
yan93
yamsh01h.cloud.tst.mobile
yamsh01e.tst.mobile
yamonitor
yamobile
yamo501.search
yamo1-master.search
ya-miha
yamb-udp-balancer-prod
yambs
yamb-frontend-prod.stable.qloud-b
yamb
yamanov
yamamuka1
yamalo-nenetskiy
yam
yalu
yaltch
yalta.rk
yalta.old
yaloevs
yakutsk.ca
yakutiya-resp
yakunina.sai
ya-kuhams
yakovleva-vir.ptr
yakovl-adm
yakov-a-jerkov
yako54
yaklor
yak.interface
yakimanka
yakido
yakena
yakassa
yak19-98.ln
yak0008
ya-izzv
yahuhol-jazz
yahoohung
yahooeu
yaha
yagupov.admin.dev3
yagu
yagotin
yagoschool1
yago
yagidka
yafordns
ya-exidna
yadocent
yadirect04.top
yadirect03.top
yadirect02.top
yadflora
yadepsite
yacofast02h
yacofast01e
yacobot28b
yacoads01f
yachting-rus
yachta-kotoyarvi
yacht
yabus-www-balancer.stable.qloud-b
yabs.yandex
yabs-server-sandbox.haze
yablunivka
yabacks.mail
yaback1p.mail
y
xzotix
xydojnik
xxx-yura
_xxxxxx
xxxsuzdalxxx
xxx-spaice
xxxnextxxx
xxxleo
xxx-down-load
xxlcaliber
xvpusd
xvm021
xvm007
xvlady
xvirtual
xviii
xvid
xvbdvzx
xvastunishka
xtreamer
xtraz
xtorrents
xtomx
xss
x-spider
xsite
xserv.ncc
xs9.vps
xs8.vps
xs7.vps
xs6.vps
xs5.vps
xs4.vps
xs2.vps
xs1.vps
xs16.vps
xs15.vps
xs14.vps
xs13.vps
xs10.vps
xs
xrx309.main
x-romix
xrobota
xristianin
xray.sai
xraymeas.phys
xras-polycom
xras-megaplan
xplanet
xpel
xoxma
xor.sai
xonarc
xomytes
xomm.ptr
xoma-rnd
xolera
xocalinet
xn--m-gub
xmpp.newmedia.journ
xmpp3
xmpp2
xmpp1
xmoscow
xml.yandex
xmltv
xmlsearch.yandex
xmlrpc.http
xmlgate
xml.byrkin.dev0
xml2
xml1
xmas
xmail.tecom
xmailserver
xmail-data
xmail.bankavangard
xlib
xlab2
xjem
xivamobcorp01h.mail
xivamob02h.mail
xivamob02e.mail
xivamob01h.mail
xiva-daria-v6.mail
xiva-daria.mail
xiromant-sudba
ximki
xil
xifle
xiaoyi6999
xiaomi
xianyoung
xian.sinp
xhaos.ptr
xhams
xgw2.graveron
x-gvan
xgate-xml
xg100.main
xftp
x-form
xform
xflash
xfirar
xfiles
xfenix.dev.push
xeonvm.ieie
xeonn1
xeon11
xen.vps
xenopus
xenon.parclab
xen.main
xen.khor
xenhost90.vps
xenhost81.vps
xenhost55.vps
xenhost46.vps
xenhost44.vps
xencenter2001
xenapp.energos
xen1
xen03
xen02
xen01.spec
xen01
xelox
xela23
xed
x.econ
xebr.ftim
xebraftp
xebra
xdrive
xdragon0180
xding123
xdew
xdev
xd.cems
xdc1
xd
xcross
xcon
xcmg-crane
xchange
xbvxnv
xbtff
xbreathee
xbox360chell
xbox
xblink
xberbn
xb
xaustov
xatik
xatarizba
xart1992
xaoc34rus
xandr.journ
xander
xakkie
xacraf
x97.d-ip05
x94.d-ip08
x93.dsl07
x93.d-ip08
x86.d-ip08
x83.d-ip08
x81.dsl07
x80.d-ip08
x7.d-ip08
x78.dsl02
x76.d-ip05
x71.d-ip05
x4web1g
x4web1f
x4u
x255.dsl01
x254.dsl01
x253.dsl01
x252.dsl01
x251.dsl01
x25
x249.dsl01
x248.dsl01
x247.dsl01
x246.dsl01
x245.dsl01
x244.dsl01
x243.dsl01
x242.dsl01
x241.dsl01
x240.dsl01
x239.dsl01
x238.dsl01
x237.dsl01
x236.dsl01
x235.dsl01
x233.dsl01
x232.dsl01
x231.dsl01
x229.dsl01
x228.dsl01
x227.dsl01
x226.dsl01
x225.dsl01
x224.dsl01
x223.dsl01
x222.dsl01
x221.dsl01
x220.dsl01
x219.dsl01
x216.dsl01
x215.dsl01
x214.dsl01
x213.dsl01
x212.dsl01
x211.dsl01
x210.dsl01
x209.dsl01
x208.dsl01
x207.dsl01
x206.dsl01
x205.dsl01
x204.dsl01
x203.dsl01
x202.dsl01
x201.dsl01
x200.dsl01
x1.math
x199.dsl01
x198.dsl01
x197.dsl01
x196.dsl01
x195.dsl01
x193.dsl01
x192.dsl01
x191.dsl01
x190.dsl01
x189.dsl01
x188.dsl01
x187.dsl01
x186.dsl01
x185.dsl01
x184.dsl01
x183.dsl01
x182.dsl01
x181.dsl01
x180.dsl01
x179.dsl01
x178.dsl01
x177.dsl01
x176.dsl01
x175.dsl01
x173.dsl01
x172.dsl01
x171.dsl01
x170.dsl01
x169.dsl01
x168.dsl01
x167.dsl01
x166.dsl01
x165.dsl01
x164.dsl01
x163.dsl01
x162.dsl01
x161.dsl01
x160.dsl01
x159.dsl01
x158.dsl01
x157.dsl01
x156.dsl01
x155.dsl01
x153.dsl01
x152.dsl01
x151.dsl01
x150.dsl01
x149.dsl01
x146.dsl01
x145.dsl01
x144.dsl01
x143.dsl01
x142.dsl01
x141.dsl01
x140.dsl01
x139.dsl01
x137.dsl01
x136.dsl01
x135.dsl01
x133.dsl01
x132.dsl01
x131.dsl01
x130.dsl01
x129.dsl01
x128.dsl01
x127.dsl01
x125.dsl01
x124.dsl01
x123.dsl01
x122.dsl01
x121.dsl01
x120.dsl01
x119.dsl01
x118.dsl01
x117.dsl01
x116.dsl01
x115.dsl01
x114.dsl01
x113.dsl01
x112.dsl01
x111.dsl01
x110.dsl01
x109.dsl01
x108.dsl01
x108
x107.dsl01
x106.dsl01
x105.dsl01
x104.dsl01
x103.dsl01
x102.dsl01
x101.dsl01
x1
x099.dsl01
x098.dsl01
x097.dsl01
x096.dsl01
x095.dsl01
x094.dsl01
x093.dsl01
x092.dsl01
x091.dsl01
x090.dsl01
x089.dsl01
x088.dsl01
x087.dsl01
x086.dsl01
x085.dsl01
x084.dsl01
x083.dsl01
x082.dsl01
x081.dsl01
x080.dsl01
x079.dsl01
x078.dsl01
x077.dsl01
x076.dsl01
x075.dsl01
x074.dsl01
x073.dsl01
x072.dsl01
x071.dsl01
x070.dsl01
x069.dsl01
x068.dsl01
x067.dsl01
x066.dsl01
x065.dsl01
x064.dsl01
x063.dsl01
x062.dsl01
x061.dsl01
x060.dsl01
x059.dsl01
x058.dsl01
x057.dsl01
x056.dsl01
x055.dsl01
x054.dsl01
x053.dsl01
x052.dsl01
x051.dsl01
x050.dsl01
x049.dsl01
x048.dsl01
x047.dsl01
x045.dsl01
x044.dsl01
x043.dsl01
x041.dsl01
x040.dsl01
x039.dsl01
x038.dsl01
x037.dsl01
x036.dsl01
x035.dsl01
x034.dsl01
x033.dsl01
x032.dsl01
x031.dsl01
x030.dsl01
x029.dsl01
x028.dsl01
x027.dsl01
x026.dsl01
x025.dsl01
x024.dsl01
x023.dsl01
x022.dsl01
x021.dsl01
x020.dsl01
x019.dsl01
x018.dsl01
x017.dsl01
x016.dsl01
x015.dsl01
x013.dsl01
x012.dsl01
x011.dsl01
x010.dsl01
x009.dsl01
x008.dsl01
x007.dsl01
x006.dsl01
x005.dsl01
x004.dsl01
x003.dsl01
x002.dsl01
x001.dsl01
wz89.ptr
wz88.ptr
wz5
wz
wysozkij-w-kino
wysotsky
wy
wxuan
wx91.ptr
wx90.ptr
wx85.ptr
wx82.ptr
wx69.ptr
wx07.ptr
www-win
www-vmnode01
wwwvideo-mirru
www-uat
wwwuaeinsidecom
wwwtst
www-tsadi.v6.bo
www-test.imec
www-telex
wwwstg.ovip
wwwstgk.ovip
www-split
www-shin.v6.bo
www-sd
www-sbras
www-reg2-demo1
www-reg1-demo1
www-rcm
www-ralphy
www-qa
www-penne
www-pasta
www-origin.lazada
www-omicron.v6.bo
wwwoman
www-old
wwwnew
www-neon.seo-outlinks
www-neon.push-notify.m
www-neon
wwwn
www-mirrors.v2.my
www-mirrors.sentry.common
www-mirrors.redir
www-masters.promo
www-lucky.vm
www-lat
www-kwak
www-koi
wwwkof.ptr
www-k10.orange
www-k08.orange
www-inna
wwwinfo
wwwhub.geol
www-hindi
www-hep.sinp
www-gta-agss
www-gimel.v6.bo
www-g2
www-front-ext
www-front-end
www-duvel
www-download
www-dev.imec
www-demo1
www-db
www-dalet.v6.bo
www-d07.orange
www-d06.orange
www-d05.orange
www-d04.orange
www-d03.orange
www-d02.orange
www-d01.orange
www-colt
www-co
www-chrom
www-chester.v6.bo
wwwcatalog
www-carbonara
www-cache
wwwbase.mi
www-bart
www-avon
www-argon.seo-outlinks
www-argon.push-notify.m
www-argon
www9.lib
www9-back
www8.lib
www8
www7.lib
www6.lib
www5.lib
www4.lib
www3.rea
www3.mfc
www3.lib
www3.lazada
www3.gazeta
www2.spb
www2.rea
www2.lib
www2.lazada
www2.kirov
www2-gpt-msk
www2.fnm
www2.ext
www2.birzhaplus
www1.ryazan
www1.lib
www1.ikit
www1.hw
www1.ha
www1-gpt-msk
www1.gazeta
www1.ege
www1.chtd
www17
www15
www12
www1-1e
www11
www0.h
wwr
ww-project
wwp
wwm
wwis
wwii-soldat
wwalf-unlim.vpn
ww1
wv-ls.staging
wvelcom-0-3.msk
wvelcom-0-2.msk
wvelcom-0-1.msk
wvelcom-0-16.msk
wvelcom-0-15.msk
wvelcom-0-14.msk
wvec-static.tiles.maps
wvec.maps
wuz
wuxal-mikroplan
wutheringkites
wurth
wunudusku
wunderwaffe
wudisk
wucky
wtview
wts
wtfoxtrot
wtele2-0-3.msk
wtele2-0-2.msk
wtele2-0-1.msk
wtc
wtattel-0-9.msk
wtattel-0-8.msk
wtattel-0-7.msk
wtattel-0-3.msk
wtattel-0-2.msk
wtattel-0-1.msk
wsys3.win
wsus3.main
wsus2.main
ws.tv
wstest
ws.support
wss.echo
wsrw.dev
wsrv1.mi
ws.rc.online
wspik.pnpi
ws.online
ws.mdm.cloud
wskills
wsivs
wsi1.site1
ws-expo01
wserv.ncc
wsend
ws.eirc
wsearch-m5
wsearch-m4
wsearch-m2
wsearch-i4
wsearch-i3
wsdl
wscache
wsbornn
wsapi
wsaba2
ws9-tk4.math
ws9.permgeoplus
ws-98.hist
ws-97.hist
ws-96.hist
ws-95.hist
ws-94.hist
ws-93.hist
ws-92.hist
ws-91.hist
ws-90.hist
ws9-029.search
ws9-028.search
ws9-027.search
ws8.permgeoplus
ws8.bmslab
ws-89.hist
ws-88.hist
ws-87.hist
ws-86.hist
ws-85.hist
ws-84.hist
ws-83.hist
ws-82.hist
ws-81.hist
ws-80.hist
ws-80-68-252-70
ws-80-68-252-31
ws-80-68-252-30
ws-80-68-252-21
ws-80-68-252-2
ws-80-68-252-19
ws-80-68-252-189
ws-80-68-252-123
ws-80-68-252-101
ws-80-68-243-91
ws-80-68-243-100
ws-8
ws7.permgeoplus
ws7.bmslab
ws-79.hist
ws-78.hist
ws-77.hist
ws-76.hist
ws-75.hist
ws-74.hist
ws-73.hist
ws-72.hist
ws-71.hist
ws-70.hist
ws-7
ws6-gf
ws6.bmslab
ws-69.hist
ws-68.hist
ws-67.hist
ws-66.hist
ws-65.hist
ws-64.hist
ws6-027.search
ws-6
ws54.shvernik
ws-54.hist
ws-52.hist
ws-50.hist
ws4-tk2.mechmath
ws4.bmslab
ws-47.hist
ws-46.hist
ws-44.hist
ws-43.hist
ws-41.hist
ws-40.hist
ws-4
ws3-tk2.mechmath
ws3.bmslab
ws39.shvernik
ws-39.hist
ws-38.hist
ws37.shvernik
ws-37.hist
ws-36.hist
ws-35.hist
ws-34.hist
ws-33.hist
ws-32.hist
ws-31.hist
ws3-190
ws3-189
ws3-186
ws3-183
ws3-182
ws3-181
ws3-180
ws3-179
ws3-174
ws3-172
ws3-171
ws3-170
ws2-retem
ws2.bmslab
ws-29.hist
ws-28.hist
ws-26.hist
ws-25.hist
ws-24.hist
ws-23.hist
ws-237-1
ws-235.hist
ws-234.hist
ws-233.hist
ws-232.hist
ws-231.hist
ws-230.hist
ws-22.hist
ws-229.hist
ws-228.hist
ws-227.hist
ws-226.hist
ws-225.hist
ws-224.hist
ws-223.hist
ws-222.hist
ws2-222
ws2-221
ws2-220
ws-221.hist
ws2-219
ws2-218
ws2-217
ws2-216
ws-220.hist
ws-21.hist
ws-219.hist
ws-218.hist
ws-217.hist
ws-216.hist
ws-215.hist
ws-214.hist
ws-213.hist
ws-212.hist
ws2-05.chemistry
ws-2
ws1-retem
ws1.permgeoplus
ws1-his.history
ws1.bmslab
ws-19.hist
ws19.bmslab
ws-193.hist
ws-191.hist
ws-18.hist
ws18.bmslab
ws-189.hist
ws-187.hist
ws-17.hist
ws17.bmslab
ws-179.hist
ws-178.hist
ws-177.hist
ws-176.hist
ws-175.hist
ws-174.hist
ws-173.hist
ws-172.hist
ws-171.hist
ws-170.hist
ws-16.mfl
ws-16.hist
ws16.bmslab
ws-169.hist
ws-168.hist
ws-167.hist
ws-166.hist
ws-165.hist
ws-164.hist
ws-163.hist
ws-162.hist
ws-161.hist
ws-160.hist
ws-15.hist
ws15.bmslab
ws-159.hist
ws-158.hist
ws-157.hist
ws-156.hist
ws-155.hist
ws-154.hist
ws-153.hist
ws-152.hist
ws-151.hist
ws-150.hist
ws-14.hist
ws14.bmslab
ws-149.hist
ws-148.hist
ws-147.hist
ws-146.hist
ws-145.hist
ws-144.hist
ws-143.hist
ws-142.hist
ws-141.hist
ws-140.hist
ws-13.hist
ws13-cschool.math
ws13.bmslab
ws-139.hist
ws-138.hist
ws-137.hist
ws1-37
ws-136.hist
ws1-36
ws-135.hist
ws1-35
ws-134.hist
ws1-34
ws-133.hist
ws1-33
ws-132.hist
ws1-32
ws-131.hist
ws1-31
ws-130.hist
ws1-30
ws-12.hist
ws12-cschool.math
ws12.bmslab
ws-129.hist
ws1-29
ws-128.hist
ws1-28
ws-127.hist
ws1-27
ws-126.hist
ws1-26
ws-125.hist
ws1-25
ws-124.hist
ws-123.hist
ws-122.hist
ws1-22
ws-121.hist
ws1-21
ws-120.hist
ws1-20
ws-11.mfl
ws-11.hist
ws11-cschool.math
ws11.bmslab
ws-119.hist
ws1-19
ws-118.hist
ws1-18
ws-117.hist
ws1-17
ws-116.hist
ws1-16
ws-115.hist
ws1-15
ws-114.hist
ws1-14
ws-113.hist
ws1-13
ws1-12.hystory
ws-112.hist
ws1-12
ws1-11.history
ws-111.hist
ws1-11
ws1-10.history
ws-110.hist
ws11040.uic
ws11032.uic
ws11030.uic
ws11018.uic
ws11012.uic
ws11007.uic
ws11006.uic
ws11005.uic
ws11004.uic
ws1-10
ws-10.hist
ws10-cschool.math
ws10.bmslab
ws1-09.history
ws1-09
ws1-08.history
ws1-08
ws1-07.history
ws1-07
ws1-06.history
ws1-06
ws1-05.history
ws1-04.history
ws1-04
ws1-03.history
ws1-02.history
ws1-01.history
ws-100.hist
ws1
ws0-netlab
ws09-cschool.math
ws0-98
ws0-96
ws0-95
ws0-94
ws0-93
ws0-92
ws0-91
ws0-90
ws-08.mfl
ws08-cschool.math
ws0-89
ws0-88
ws0-87
ws0-86
ws0-85
ws0-84
ws0-83
ws0-82
ws0-81
ws0-80
ws07-cschool.math
ws0-79
ws0-78
ws0-77
ws0-76
ws0-75
ws0-74
ws0-73
ws06-cschool.math
ws06.cmm
ws0-66
ws0-64
ws04.idisys.iae
ws04-cschool.math
ws-03siyal.mfl
ws-03.mfl
ws03.idisys.iae
ws03-cschool.math
ws-02siyal.mfl
ws-02.mfl
ws02.idisys.iae
ws02-cschool.math
ws02
ws0-112
wrz
wrongdoer
wrnash1
wr-icc
wr-fizteh
wredinka86
wraz-1-02.ptr
wray
wpws
wpu-38
wpt.mpei
wptestlt
wpt-agent-android-emu-4.haze
wpr5-100
wp.philosophy
wpl7.hosting
wpl5.hosting
wpl20.hosting
wpl18.hosting
wpl16.hosting
wpl15.hosting
wpay
wpad
wpa
wow.uslugi
wowphone
wowoklick
wow-gvp
wow-gibson
wow-flame
wowblog
wow-base
wowavostok
wowa.siobc
wowan-stolz
wouseve
wotskins
wot-planet
wos-game01
wos
worsteds
worldvita
world-survarium
world-stalker
world-olymp
worldoftrains
worldoftankstop
world-of-ships
world-of-ru
world-of-planes
worldoflineage2
world-of-kwg
world-of-aw
worldmoonlight
worldmen
world-jewellery
worldhistory
world-fishing
worldecon
worldcup
worldcinema
work-travel-usa
workspace.fas
workspace
worknet
workinlive
working
work.imec
worker2.ext.icinga.mon
worker02f.calendar
workb
words.test-v-words
words.test-v8
words.test-v7
words.test-v6
words.test-v5
words.test-v4
words.test-v3
words.test-v2
words.test-v1
words.test-m1
wordstat.yandex
words
wopi.staging
woozle
wooterstuart
woolfcode
woolen-work-sho
woodwoolley
wood.woodtools
woodtools
woodstream
woodsman01ht.haze
wood.phys
woodhousehome
wondertext
wonderful-site
wonderful-mix
won1111one
women
womancosmo
wolveslife
wolvesdawn
wolt-production
wolschool7
wolgadeutsche
wolfs-my
wolf.sai
wolfs
wolfram.main
wolfpack1
wolfenstine
wolfarth
wolf4
wolf3
wolf2
wolf1
woledemort
woland.iae
woland
woker.srcc
wojna-i-mir
wod-1958
wnnuk102
wnnug17
wnnu179
wnntb6
wnntb15
wnntb100
wnnrh40
wnnre63
wnnre49
wnnre45
wnnre212
wnnre194
wnnre116
wnnre100
wnnr223
wnnr215
wnnr126
wnnr10
wnna93
wnna54
wnna36
wnna30
wnna200
wnna185
wnna173
wnna106
wnlse20
wni037
wni033
wni030
wni027
wni022
wni020
wni016
wni001
wnhq87
wnhq86
wng
wnb-27.ptr
wnb-25.ptr
wnb-05.ptr
wn9.grid
wn8.grid
wn7.grid
wn6.grid
wn5.grid
wn4.grid
wn3.grid
wn371
wn345
wn304
wn294
wn24.grid
wn23.grid
wn239
wn22.grid
wn21.grid
wn20.grid
wn19.grid
wn18.grid
wn17.grid
wn16.grid
wn15.grid
wn14.grid
wn13.grid
wn12.grid
wn11.grid
wn10.grid
wn047
wn
wmzarabotok
wmtsby-0-4.msk
wmtsby-0-3.msk
wmts-0-9.msk
wmts-0-8.msk
wmts-0-7.msk
wmts-0-6.msk
wmts-0-5.msk
wmts-0-4.msk
wmts-0-3.msk
wmts-0-2.msk
wmts-0-1.msk
wms-media2
wms-media1
wmshop
wms-adm2
wms-adm1
wms23
wms21
wmrbux
wmotiv-0-4.msk
wmotiv-0-3.msk
wmotiv-0-2.msk
wmotiv-0-1.msk
wmock69
wmng
wm.navigator
wmlex
wmid
wmi5-qa
wmi
wmfront-balancer.stable.qloud-b
wmf1
wmf
wmeet
wmedia2009
wmedia
wm-earn-help
wmc-nfront03e.search
wmc-back04e.search
wmc-back03e.search
wmc
wmbest
wmbbb
wmail.math
wmail.krc
wmail.econ
wmail02
wmail01
wmail
wm5.mocnit
wlogin
wlinfo
wl.cm
wl-apex
wladislaw-sl
wlabag
wks73
wks68
wkont
wkola
wj611
wizzaerr
wizman88
wizleboom
wituldby
wit.ovip
withak
wistfullyawake
wiseweb
wiseloop
winzavodcca
winx
wints
wintray
winterburg
winter2016
winter1
wintec
winrs
winray1
winrar-32-64-bit
winrar
win.ptr
win-ni
winkychan
wing
windsor
window.teamlms
windowssoftik
windows-media-player
windows-macos-1
windows-aktiv
windows-activ
win-ch.ptr
winbackup
winamp20
win7-tpu.main
win7-reddog-2.haze
win7
win2
win1
win05.rchannel
wimpel
wimg
wimax
wilpr
wilma
williamweb
willhung
willftp
willemfinke
wildvlad
wildtanksonline
wildscat
wildrats
wildpinoymovies
wildhunted
wildgrass
wildfly.main
wildfly
wild-che
wildcarddubz
wildcard
wild1
wild
wiktor.sp
wikstrom
wiki.vl
wikivisa-ru
wiki.ut
wiki.tgl
wikitest
wiki.staging
wiki.sd
wikipedi
wiki.office
wiki.oblzdrav
wiki.newmedia.journ
wiki.mfc
wiki.mchs
wiki.lipetsk
wiki-info
wiki.iias
wiki-evaluation.stable.qloud-b
wiki.emias
wiki.dobzhanskycenter
wiki.dev
wiki-b2b.stable.qloud-b
wiki.admin
wiki4parallel
wika-ekb
wifi.tspu
wifi.tim.sys
wifi.tet.sys
wifisms
wifislax
wifi.rad.sys
wifi-radius2.site1
wifi-pub-2.chem
wifi.pre.sys
wifi-praga
wifi.oez
wifimon.volgograd
wifimon.tula
wifimon.penza
wifimon.oren
wifimon.kzn
wifimon.kursk
wifimon.krsk
wifimgr
wifilogin
wifi-guest-gw
wifi-free.tspu
wifi-ext.mpei
wifi-enterprise
wifi.cs
wifi.avi.sys
wifi-auth
wifi.adm
wifi92
wifi86
wifi84
wifi76
wifi72
wifi71
wifi5.spsl
wifi4.spsl
wifi3.spsl
wifi-14.mpei
wifi10.inm
wifi1
wiedzmin
widgets.yandex
widgets.test-v8
widgets.test-v7
widgets.test-v6
widgets.test-v5
widgets.test-v4
widgets.test-v3
widgets.test-v2
widgets.test-v1
widgets.test2
widgets.test
widgets-pre
widgets.motivation.test-v8
widgets.motivation.test-v7
widgets.motivation.test-v6
widgets.motivation.test-v5
widgets.motivation.test-v4
widgets.motivation.test-v3
widgets.motivation.test-v2
widgets-2-omni
widgetpay1
wide-epson.uic
widb-dev1
widb
wicked-falka
wialon
wi79.ptr
wi76.ptr
wi74.ptr
wi65.ptr
wi64.ptr
wi63.ptr
wi62.ptr
wi58.ptr
wi56.ptr
wi55.ptr
wi51.ptr
wi50.ptr
wi40.ptr
wi2geo.mobile
wi14.ptr
whotel
whosgotdirt
whompourrom
whoiswho
who-is2012
who
whm.web04
whm2
whl
whizzad
whitts
white-wolf
whitepr
whitelist1.cm
whiteleaves0
whitelabel
white-katalog
white.icc
whitehall
white.ftk
white-force
whitecard-qa
whitebox.calendar
white55
whisky.dkn
whip
whileconsulting
wherethedota
wheels
whee
whatwasthatbook
whatthehell
whatsapp
whatever-ok
whammy
whale5
whadi
wh
wgshop
wgc.chem
wgb
wg1
wfmmobile
wf.cdn
wfarm
wf1
wf01
wetta
wetravel
weter
west-tech
westrading-siti
westcg
_west
west
wesee
werty909
wertograd
wertmark
wertha
wermacht158
werld.vpn
werkel
weriz
werfi
werfd
werewolf0001
werbii
wer23sd
went-miller
welton-cloud
welsh
welness.vpn
weller-cloud
wellcom
well
welding
welcome-or-not
wekan
wehaveamole
week-science
weekly
wedisson-ya
wedding-art
wedding
wechirnya-zosh
webz.106
webz
web.yamal
web.yakutia
webx-ext-admin
webx-ext
web-www
web-workshop
web-wifi
webvpn2
webvpn1
web.vologda
web.volgograd
webvm-btr1
webvm4
webvm3
webvm2
webvm1
webview.maps
web.ural
web.uniyar
web.ul
web.ugra
web.ufa
webtutor.fmmt
webtutor
web.tumen
web-top
web.tomsk
web-test
webtest
webterm
web-technology
webtechno
webswarog
web-stuff
web-stud.stud
webstroy-promo
webstore
web.stav
webstarco
webssl
websrv-5
websrv-2
websrv-1
websrv
web.spb
web.solab
websocketproxy-prod.stable.qloud-b
websmtp
web-si-erp
webshop
webshare
web-services
webservice
webserver-7
webserver-6
webserver-5
webserver-4
webserver-3
webserver-2
webserver2
websearch
web-scoring-2.prod
web.saratov
web.samara
web.sakha
webrtc
webrowser
web.rostov
webrin
web-rel
web.region
webradio
web-rabota
web-ra-1.prod
webquik-test
webquikdemo
webquik5
webpush
web.pskov
webprx
webprojects
web-prod1
webportalsrv
web.perm
web.penza
webp-1
weboss
web.omsk
web-office
weboffice
web-of-comics
web.nsk
webnode4
webnode-3
webnode3
webnode-2
webnode2
webnode-1
webnode1
webnode
webnoc.cc1
web.nnov
webn
web-mx02
web-mx01
web.murmansk
webmin.cems
webmeeting
web-mc-1.prod
webmaster-coordinator.search
webmaster1.uic
webmail.zwezda
webmail.zu
webmail.wiki
webmail.web04
webmail.u100129.web01
webmail.stores
webmail.srcc
webmail.sez
webmail.rk
webmail.omega
webmail-old
webmail-new
webmail.msk
webmail-logon
webmail.hosting
webmail.green
webmail.echo
webmail.corona
webmail.cm
webmail.aa
webmail2.dev
webmail2013
webmail2
webmail1.mail2
webmail1.mail1
webmail1.eai
web.mail
web-m02.orange
web.lpl
web-local
web-load01f
weblinux-01
weblibrary
webliberty.ru.isp.hosting
web.lib
web.law
weblab9.weblab
web-kvest11a
web.kuban
web.krsk
web.krasstat
web.komi
web.kirov
web.kem
web.kazan
webkamera-online
web.kaliningrad
web.izh
webits
web.iro
web.irk
webinvest
web-install
web.inm
webinar-storage
webinars
webinar-msg
webinar-live
webinar.lcg
webinar.ivanovo
webinar.ict
webinar.ext
webinar-api-legacy
webinar-api
webinar2
webim-qa
webim.powernet
webim2.corp
webim
web.il
web.if
web.ict
webhosting-vongo
webhosting
webhost9
webhost8
webhost7
webhost6
webhost5
webhost4
webhost3
webhost2
webhost1
webhost0
web.haze
web.hab
webgen
webgate2
web-front
web-fr-2.prod
web-fr-1.prod
webfiles
webfermer
webex-web
webextn
webextm
webextlync
webext.cs
webext.corp
webex-rp
webex-public.main
webex-public
webex-ms
webexmedia
webexm
webexconfvm
webex-adm.main
webexadminvm
webex-admin.main
webex-admin.khv
webex-admin
webexa
webery
webemlira
webelements
web.dv
webduma1.mgd
webdtu
web.donetsk
webdisk.zu
webdisk.web04
webdisk.uacargo
webdisk.u17120.web02
webdisk.u100129.web01
webdisk.kinozal
webdisk.hc
webdisk.corona
webdisk.aa
webdirect
webdi
webdhcp.krk
webdhcp.kns
webdhcp.irk
webdev.ptr
web-dev2
web-dev
webdev
webdesme
webdav.yandex
webdav-rc
webdav.moros
webdav.fdo
webdav.cloud
webdav9g.disk
webdav7o.disk
webdav3j.disk
webdav2h.qa.disk
webdav2g.disk
webdav1h.qa.disk
webdav10o.disk
webdany
web.dag
web.cyprus
web-curr-1.prod
webct41
webct
webcs52
web.cs
webcrm
web.crimea
webcon.ocs
webconf.skype
webconf.sdm
webconf.msk
webconf.lan
webconf.lama
webconf.cs
webconf.cityadm
webconf2
webcon.corp
webcollaboration
webcluster2
webcluster
web.chel
webchat2
webcentos
web.cems
webcast
webcare
webcams
webcam-dl.nano
webcam.106
web-cam
web-cache
web-bus-1.prod
web.balkans
webattach-v6.mail
webattach.mail
web.asu
web.astrakhan
webasr
webasa
web.arh
webarchive
webaps.skype
webaps.msk
webapps.office
webapp.sdm
webapps2013
webapps
webapp1-1e
webapp01
webapi.terminal
web-anketa
webanet
web-analytics
web.amur
web.alt
weball
webadmin.apps
web.abakan
web9o
web9g
web8j
web8f
web7o
web730760
web4.edata
web3.edata
web3.cm
web33o
web33g
web32j
web32g
web2.test.bill
web2.saratov
web2.mmcs
web2.edata
web2.cm
web2.bill
web29j
web25
web23
web22
web21
web2013
web1.lib
web1.edata
web1c-uk-part-tomcat1-d1-msk
web1a
web18
web17
web16
web152ru
web14
web13
web11
web09
web08
web06
web02.widgets
web02.site
web-02
web01.widgets
web01.site
web00.users
web0
weazelnuts
wearvolf
wearethefuture
wearelinguists
weapon-x
weallscream
we001er
wds
wdrupal
wd.kaspersky
wdevx.yandex
wdc85
wda0
wd40
wd
wcweb2
wcweb1
wcwcs1
wcucm2
wcucm
wcspace2
wcsoa1
wc.ptr
wcportal3
wcportal2-clone
wcportal2
wconf
wcon
wcom910
wcom900
wcom899
wcom796
wcom795
wcom791
wcom771
wcom766
wcom762
wcom760
wcom759
wcom753
wcom752
wcom746
wcom743
wcom735
wcom734
wcom733
wcom730
wcom728
wcom727
wcom725
wcom721
wcom718
wcom717
wcom716
wcom714
wcom713
wcom712
wcom2
wcom1
wcom
wcoid3
wclync
wce-dla
wcditdoc
wcarp1103
wc110-01.ptr
wbx.ug
wbxmedia2.moscow
wbx-media2
wbxmedia1.moscow
wbx-media1
wbx.khv
wbxctrl
wbx-admin.moscow
wbx-admin
wbxadm2.moscow
wbx-adm2
wbxadm1.moscow
wbx-adm1
wbx1
wboxdb
wbms
wblj3hucg6hxc
wbh.sai
wbeeline-0-5.msk
wbeeline-0-4.msk
wbeeline-0-3.msk
wbeeline-0-2.msk
wbeeline-0-1.msk
wbeeline-0-12.msk
wbeeline-0-11.msk
wbeeline-0-10.msk
wbd
wb1
wb
waziri
way-to-life
way
wawont.isp
wawkalaki
wavetechnologies
water-salt
water157
water
watchtower
watch-online-hd
watchkart
watcher.orange
watchdog.ict
watchdog
wasq1002
wasp.iis
wason
wasist.vpn
washington-storage
washington
wash-doktor
warwall
wartune
warszawa
warsh
wars175x
warpspeedo
warp2
warp1
waroftheroses
waroffline
warnercloud
warm-floor.vpn
warmech
warlord
warlock.main
warletters
warhammer-game
wargame39
warface-info
warface-cheats
warez-soft
warez
warehouse
warcrafting
war1.ufa
war1.lipetsk
war1.izhevsk
war01.ulsk
wap.vybormechty
wap.volkodavcaoko
wap.ru7
wap.ru2
wap.ru1
wap2
wanshidasz
wa-nsd-xenial.haze
wanna-one
wanderv
wanderlust
wanderer-jan07
wamedia-0-3.msk
wamedia-0-2.msk
wamedia-0-1.msk
wamedia-0-16.msk
wamedia-0-15.msk
walterpan
walter-kim
walter
wals
wally
wallacecloud
wallaby
wall
walgarin
walera11
waldliebhaber
wakawakawaka
waitui
wagner.main
wagmans
waf-ext.search
w-admin
waddles
wad910
wac.sakha
wacka
wac.cityadm
w9-virtual-jvc.ptr
w9-vcserv-ilo.ptr
w9-vcserv-eth.ptr
w9-vcserv-eth1.ptr
w9-topsecret.ptr
w9-server.ptr
w9r9v.ptr
w9-9v-vcbackup.ptr
w9-9v-01.ptr
w9-9a-vc-doc.ptr
w9-9a-100v.ptr
w9-9a-03.ptr
w9-9a-02.ptr
w99
w98
w97
w96
w95
w94
w9-309-04.ptr
w93
w92
w9-12-02.ptr
w9-12-00.ptr
w9-108-foxn.ptr
w9-108-bigtuna.ptr
w9-106-chi.ptr
w9-105-yolo.ptr
w9-105-virtand.ptr
w9-105-trn.ptr
w9-105-rabbit.ptr
w9-105-msh.ptr
w9-105-010.ptr
w9-104.ptr
w9-104-pasha.ptr
w9-104-new.ptr
w9-104-05.ptr
w9-104-003.ptr
w9-103-x.ptr
w9-103-shihkov.ptr
w9-103-ivanovaa.ptr
w9-103-001.ptr
w9-101-xzz.ptr
w9-101-xx.ptr
w9-101-5.ptr
w9-101-06.ptr
w9-101-03.ptr
w9-101-01.ptr
w9-100k-02.ptr
w9-100k-01.ptr
w9-100a-gromov.ptr
w9-100a-03.ptr
w9-100a-005.ptr
w9-100a-004.ptr
w9-100a-001.ptr
w91
w90
w9
w8-tipo1.ptr
w8.rdb
w8-linkross-02.ptr
w89
w88
w86-test
w86
w85
w8-18-03.ptr
w8-18-02.ptr
w8-18-01.ptr
w81
w80
w8
w7-hhh.ptr
w78
w77
w76
w75
w73
w72
w70
w6-monax.ptr
w6-archeology.ptr
w69
w67
w66
w65
w64
w61
w6
w5-nout-cop.ptr
w59.spiiras
w5-82-01.ptr
w58
w5-7b.ptr
w57
w56
w5-5.ptr
w55
w54
w53
w5-2-halova.ptr
w5-28-printer1.ptr
w5-28-01.ptr
w5-26-01.ptr
w5-24-01.ptr
w5-23-zalman.ptr
w5-23-02.ptr
w5-23-01.ptr
w5-21-01.ptr
w52
w5-19-new.ptr
w51
w50
w5
w49
w48
w47
w46
w45
w44
w43
w42
w41
w40
w4
w3s
w3-of-9.ptr
w3-of-4.ptr
w3.ibda
w3.cems
w3c
w39
w38
w37
w36
w35
w34
w33
w31
w2.spiiras
w2.riot
w2.fz122
w29
w27
w26
w25
w243-99
w243-98
w243-97
w243-96
w243-95
w243-94
w243-93
w243-92
w243-91
w243-90
w243-9
w243-89
w243-88
w243-87
w243-86
w243-85
w243-84
w243-83
w243-82
w243-81
w243-80
w243-8
w243-79
w243-78
w243-77
w243-76
w243-75
w243-74
w243-73
w243-72
w243-71
w243-70
w243-7
w243-69
w243-68
w243-67
w243-66
w243-65
w243-64
w243-63
w243-62
w243-61
w243-60
w243-6
w243-59
w243-58
w243-57
w243-56
w243-55
w243-54
w243-53
w243-52
w243-51
w243-50
w243-5
w243-49
w243-48
w243-47
w243-46
w243-45
w243-44
w243-43
w243-42
w243-41
w243-40
w243-4
w243-39
w243-38
w243-37
w243-36
w243-35
w243-34
w243-33
w243-32
w243-31
w243-30
w243-3
w243-29
w243-28
w243-27
w243-26
w243-255
w243-254
w243-253
w243-252
w243-251
w243-250
w243-25
w243-249
w243-248
w243-247
w243-246
w243-245
w243-244
w243-243
w243-242
w243-241
w243-240
w243-24
w243-239
w243-238
w243-237
w243-236
w243-235
w243-234
w243-233
w243-232
w243-231
w243-230
w243-23
w243-229
w243-228
w243-227
w243-226
w243-225
w243-224
w243-223
w243-222
w243-221
w243-220
w243-22
w243-219
w243-218
w243-217
w243-216
w243-215
w243-214
w243-213
w243-212
w243-211
w243-210
w243-21
w243-209
w243-208
w243-207
w243-206
w243-205
w243-204
w243-203
w243-202
w243-201
w243-200
w243-20
w243-2
w243-199
w243-198
w243-197
w243-196
w243-195
w243-194
w243-193
w243-192
w243-191
w243-190
w243-19
w243-189
w243-188
w243-187
w243-186
w243-185
w243-184
w243-183
w243-182
w243-181
w243-180
w243-18
w243-179
w243-178
w243-177
w243-176
w243-175
w243-174
w243-173
w243-172
w243-171
w243-170
w243-17
w243-169
w243-168
w243-167
w243-166
w243-165
w243-164
w243-163
w243-162
w243-161
w243-160
w243-16
w243-159
w243-158
w243-157
w243-156
w243-155
w243-154
w243-153
w243-152
w243-151
w243-150
w243-15
w243-149
w243-148
w243-147
w243-146
w243-145
w243-144
w243-143
w243-142
w243-141
w243-140
w243-14
w243-139
w243-137
w243-135
w243-13
w243-129
w243-128
w243-127
w243-126
w243-125
w243-124
w243-123
w243-122
w243-121
w243-120
w243-12
w243-119
w243-118
w243-117
w243-116
w243-115
w243-114
w243-113
w243-112
w243-111
w243-110
w243-109
w243-108
w243-107
w243-106
w243-105
w243-104
w243-103
w243-102
w243-101
w243-100
w243-10
w243-1
w243-0
w24
w23
w22
w21
w20
w2
w1.riot
w1-laborat8.ptr
w1.ict
w1.fz122
w19
w18
w17
w15
w13
w12-psih-02.ptr
w1-2-lab.ptr
w12-bakaeva.ptr
w12-404-05.ptr
w12-225b-alex3.ptr
w12-129-02.ptr
w12-129-01.ptr
w12-128-04.ptr
w12
w11-211-mac.ptr
w11-207-01.ptr
w11-116-new.ptr
w11-116-new2.ptr
w11-116-09.ptr
w11-116-07.ptr
w11-116-06.ptr
w11-116-05.ptr
w11-116-04.ptr
w11-116-03.ptr
w11-116-02.ptr
w11
w10-vc.ptr
w104-9-00.ptr
w10-411-05.ptr
w10-307a-003.ptr
w10-202-60.ptr
w10-202-006.ptr
w100m-02.ptr
w10
w-0-9.msk
w0932090630
w09-101-04.ptr
w-0-8.msk
w-0-7.msk
w-0-6.msk
w-0-5.msk
w-0-4.msk
w-0-3.msk
w-0-2.msk
w-0-21.msk
w-0-20.msk
w-0-1.msk
w-0-19.msk
w-0-18.msk
w-0-17.msk
w-0-16.msk
w-0-15.msk
w-0-14.msk
w-0-13.msk
w-0-12.msk
w-0-11.msk
w-0-10.msk
vzvesil
vzup2date-mirror
vzor
vzmaouluhd
vzeon
vz.build
v.zaytsev
vzajcev.geol
vzaharov.geol
vz3.vm
vz39612
vz107
vz105
vz-0
vyzhiv
vytka8
vysotskiy
vyshyvki
vyshnyvolochyok
vyshgorod
vysh
vyselki
vypovzkashkola
vypiska
vynorob
vynogradiv-zvr
vylcan-onlines
vyksa.old
vyhodest
vyborypskov
vybormechty
vybor
vyazemskiy
vyavorsky
vyatskiepolyany
vyat
vx
vw-taxi
vweb02.saratov
vweb01.saratov
vw-cis
vvvv1212
vvvv111
vvv.srcc
vvstroi.nts
vvs5.cc
vvpk
vvosvita
vvoloshin02.dev
vvoloshin01.dev
vvodovozov.geol
vvo-crs4.oc.ip.center
vvo-crs2-tvr-crs1.ip.center
vv-nas.kapitza
vv-merkushev
vvm100
vvlvv
vvish.main
vvfyur
vvek
vv.dc.mfua.ru.sw3750i-3.vv.dc
vv.dc
vvd
vvarwara
vv6.kapitza
vv5.kapitza
vv3.kapitza
vv2.kapitza
vv1.kapitza
vuzbooks
v-u-z
vuso
vushuvaiemo
vurnar
vurdova
vurdal
vupdateman.ic
vumire
vult01.chph
vullva
vulkancasino
vulcan.smc
v-ukraintsev
vufind
vue-4.uniyar
vubiray
vu
vtvgames
vtt-volga.nts
vtt
vts-test
vt.shgpi
vts-cms-test
vts2
vts1
vtrk-unix.sipc
v-tretyakov
vtreschev
vtrack
vtour
vtormet
vtomske-gw
vtk34
vthntusg
vtestbed.ptr
v-test4
v-test3
v-test2
v-test1
vteme
vtei
vtcloud.cs
vtb-24-kredit-300
vtb24
vta.yola
vta.cheb
vt5
vt-01.ami
vsv
vsuvorov.haze
vstu
vstream
vstrans
vstourine
vsto
vs-teamcity01h
vstatuse
vs-stsearch03h
vs-stsearch02f
vs-stsearch02e
vs-stsearch01h
vs-stsearch01e
vs-stmongo01e
vs-stback01e
vssol.phys
v-sslcer-8r2-02.sigma
vssdir.ict
vssad.ict
vspomnit-vsyo
vsp-mk-tdatu
vsp
vs-otrsfront.http
vs-otrsback.http
vsosnickij
vsokovikov
vso
vs.market
vslud
vs.luch
v-sloboda
vsk
vsim-cbyzz
vsigdz
vshu.dc
vshu
vsh-siv-v-csr
vshr-00
vshgu5
vshgu4
vshgu3
vshgu2
vsfrap
vsevol
vse-vkontakte
vsevkontakte
vsev
vsetvoi
vseshpargalki
vseserialu
vsescenarii
v-service
vserver.virtual
vse-pro-excel
vsepro
vse-prevse
vseprazdniki
vse-po-1000
vse-o-nem
vsenovosti31
vsenkiv
vseneobichnoe
vsemotob.mass
vsegda-tvoj
vsedoski
vsebesplatno
vsd-prima
vs-doc.http
vsd
vs-conductor04f
vs-conductor01h
vs-composer
vschool
vscale1
vsc
vsb.fbb
vsb
vsaranov
vs36-gw
vs33
vs2.ecfs
vs23
vs21
vs1.ecfs
vs17
vs14
vs13
vs08
vs06
vs04
vruzin
vrusptnz
vrt03
vrsmexa
vrrp.bl.m77
vr-pda
vrotmnen0gi
vroms2fe7lh
vrnzh
vrnschool85
vrn-6
vrmirror
vrmdou28
vrm.apmath
vrm
vrisco
vrhpschool
vref
vredina999
vrbox
vraydoc
vrataizidy
vradius-wifi1.hq
vradius-grsv2.hq
vrachi
vpvserver13
vpvs
vpul
vpu-4
vpu25
vps-www
vps-client
vps9
vps8
vps5.hosting
vps4576
vps4389
vps4254
vps3.dev
vps3666
vps2.hosting
vps2.dev
vps2856
vps24.vh
vps21.vh
vps2013
vps1.dev
vps18.soft
vps18
vps1637
vps1620
vps-1082718
v-priut
vprava
vpr
vp-osvita
vpost
vpomoshstudentam
vpolitehy
vpo13
vpn.vlg
vpn-test
vpns.nnov
vpnsla
vpn.server
vpn-ru
vpn.rsu
vpn-ra
vpn-r-2b.net
vpn-r-2a.net
vpn-palto
vpn-otp
vpno
vpn.newmedia.journ
vpn-net2013
vpn.mrdv
vpn-mobile
vpn.mfc
vpn-m
vpn.lazada
vpn.iph
vpn-gw2
vpngw
vpngost-a
vpngate-2
vpn-gate1-outside
vpngate-1
vpn-external
vpnc.ural
vpncorpbackup
vpncorp
vpn.cems
vpnca
vpn-c191.tspu
vpn-c190.tspu
vpn-c189.tspu
vpn-c188.tspu
vpn-c187.tspu
vpn-c186.tspu
vpn-c185.tspu
vpn-c184.tspu
vpn-c183.tspu
vpn-c182.tspu
vpn-c181.tspu
vpn-c180.tspu
vpn-c179.tspu
vpn-c178.tspu
vpn-c177.tspu
vpn-c176.tspu
vpn-c175.tspu
vpn-c174.tspu
vpn-c173.tspu
vpn-c172.tspu
vpn-c171.tspu
vpn-c170.tspu
vpn-c169.tspu
vpn-c168.tspu
vpn-c167.tspu
vpn-c166.tspu
vpn-c165.tspu
vpn-c164.tspu
vpn-c163.tspu
vpn-c162.tspu
vpn-c161.tspu
vpn-c160.tspu
vpn-c159.tspu
vpn-c158.tspu
vpn-c157.tspu
vpn-c156.tspu
vpn-c155.tspu
vpn-c154.tspu
vpn-c153.tspu
vpn-c152.tspu
vpn-c151.tspu
vpn-c150.tspu
vpn-c149.tspu
vpn-c148.tspu
vpn-c147.tspu
vpn-c146.tspu
vpn-c145.tspu
vpn-c144.tspu
vpn-c143.tspu
vpn-c142.tspu
vpn-c141.tspu
vpn-c140.tspu
