www
mail
m
api
blog
static
ftp
autodiscover
openvpn
dev
mobile
cdn
webmail
support
test
email
ns1
ns2
news
beta
sip
lyncdiscover
secure
video
admin
smtp
media
search
images
img
help
shop
staging
login
www2
my
vpn
localhost
forum
app
jobs
store
ns3
go
apps
hostmaster
info
wap
services
ads
it
live
community
google
e
es
cms
pop
s
msoid
developer
blogs
chat
download
wiki
calendar
mail2
www1
i
assets
careers
stage
docs
de
qa
imap
data
status
content
tv
connect
cs
fr
origin-www
stats
mx
events
ns
www3
forums
new
web
image
auth
business
survey
id
portal
ns4
link
partners
jira
t
service
ad
metrics
newsletter
meet
cloud
upload
preview
files
social
sso
analytics
origin
maps
feeds
travel
partner
ru
rss
videos
us
research
labs
pay
games
music
mail1
smetrics
pt
hr
en
nl
cn
demo
c
account
a
sites
accounts
dialin
uk
ssl
owa
home
tools
online
jp
corp
sms
developers
ca
v
tr
feedback
lists
ww
edu
crm
bbs
old
finance
dl
ws
stat
pda
library
engineering
archive
access
tech
w
photo
share
marketing
map
mx1
health
in
groups
global
game
design
www4
sport
auto
security
intranet
git
mx2
local
pl
education
webdisk
sandbox
iphone
br
push
sports
press
redirect
ar
mdm
reviews
promo
legacy
server
english
d
cpanel
training
math
book
svn
proxy
vip
sftp
pop3
mail3
translate
open
directory
cdn2
cc
av
amp
sts
s1
dashboard
g
prod
payment
ci
ir
sp
passport
img2
about
tracking
exchange
dns
jenkins
corporate
books
r
p
extranet
office
monitor
event
static2
downloads
www5
sa
ftp2
li
b
ns5
law
im
direct
reports
kr
helpdesk
alumni
remote
photos
adfs
stream
shopping
sg
payments
confluence
b2b
dns2
cdn1
brand
widgets
js
dns1
alpha
net
me
s3
preprod
aws
wwww
start
maintenance
m2
international
radio
img1
click
fs
th
css
club
tw
stg
sc
gateway
whm
_spf
enterprise
webconf
ugc
surveys
learn
se
register
cache
au
track
s2
physics
get
catalog
uat
st
art
links
pro
eu
cas
answers
play
tickets
relay
outlook
lib
history
geo
em
code
static1
smtp2
fi
fb
db
web1
vpn2
update
test2
sales
facebook
ee
ms
members
mailer
log
int
wireless
mobil
mm
lb
chem
at
api2
root
people
housing
dev2
learning
hotels
digital
smtp1
pages
cp
affiliates
widget
offers
horizon
cse
webservices
vote
investor
bi
as
member
job
desktop
checkout
autoconfig
testing
spf
resources
print
newsletters
innovation
hub
backup
weather
uc
u
ro
profile
marketplace
ldap
join
ie
affiliate
user
subscribe
software
lab
feed
advertising
web2
up
cm
sustainability
pic
mobilemail
life
faq
privacy
mi
magazine
img3
deals
career
campaign
ask
alerts
signup
no
mt
l
flights
android
storage
player
landing
hk
forms
work
ts
toolbar
mc
drive
atlas
admissions
market
hu
file
ch
cdn3
plus
gitlab
apply
transfer
kb
idp
edge
contact
campus
biz
wifi
sm
reporting
registrar
postmaster
zh
be
sharepoint
securemail
rs
internal
ext
www6
socialize
parking
inside
cz
campaigns
tracker
so
sentry
quiz
noc
m1
list
ece
da
test1
sv
projects
money
med
epaper
academy
one
nagios
emergency
ec
dk
co
ce
box
nursing
ntp
ipad
elearning
citrix
ua
ops
mx3
mail4
investors
i2
hosting
x
www-test
view
static3
sslvpn
pr
is
identity
giving
china
wp
report
oauth
kids
irc
dm
conference
buy
arts
redmine
newsroom
n
gw
cars
adv
zabbix
ww2
trends
sd
logs
lms
eng
discover
ap
vod
tableau
science
origin-m
ns6
next
multimedia
f
dc
chemistry
cf
welcome
vc
top
speedtest
premium
pp
myaccount
mp
its
food
energy
com
site
rt
res
reg
engage
podcast
lyncdiscoverinternal
billing
vpn1
realestate
promotions
gmail
xml
team
stories
staff
space
sk
repo
post
ph
nz
mirror
mall
gr
emails
ams
streaming
pub
ps
president
notebook
listserv
explore
dns3
cl
biology
bg
bb
ae
www7
time
soc
msg
mag
lync
lt
hd
ftp1
elections
earth
dr
web3
smart
sl
on
mms
free
diversity
dev1
contest
webmaster
star
si
qa2
movie
master
la
integration
film
comm
cis
astro
media2
ma
ja
gis
espanol
ems
try
order
monitoring
mobi
manage
ip
i1
green
cdn4
audio
ac
z
www9
union
touch
ticket
studio
signin
psychology
police
phoenix
pc
oa
mob
mba
gallery
asia
v2
tc
philosophy
password
pa
images2
ideas
fashion
facilities
www8
webapps
sync
rewards
review
refer
rc
pre
o
lp
i3
hybrid
ent
voice
s4
rms
psych
mailing
love
foto
entertainment
doc
creative
company
cgi
bo
wx
world
webproxy
watch
sps
registration
platform
jabber
host
graphite
dnsadmin
cd
usa
sis
q
ml
lv
ko
internet
fonts
cinema
za
students
stores
solutions
pm
om
mb
hi
delivery
customer
courses
adwords
adm
3g
www-origin
tms
summer
ss
servicedesk
hotel
econ
client
cert
canvas
apis
am
wwwtest
tj
sec
hermes
gs
europe
embed
domains
ct
vdi
translate.google
sf
pe
mg
flash
fa
editor
eas
down
dms
cart
card
bugs
books.google
ba
anthropology
xmpp
subscription
student
sociology
sh
pki
notify
news.google
network
mercury
ios
images.google
il
hpc
fm
fax
et
edit
cse.google
arch
ai
adwords.google
acs
vision
updates
tour
toolbar.google
spf1
special
ra
privacy.google
pics
now
m.google
india
id.google
h
groups.google
enterprise.google
directory.google
desktop.google
core
chrome
archive.google
api-dev
work.google
w.google
tt
trends.google
safety
products
pdf
notebook.google
media1
mail5
iris
insight
impact
gsuite.google
grad
google.google
ga
flights.google
edm
bd
apps.google
ag
act
ww.google
webmail2
tm
project
pack
message
maps.google
golf
el
ea
dining
dev3
che
build
bookstore
book.google
bio
akamai
accounts.google
vn
ux
users
test-www
supplier
studyabroad
sr
server1
public
parents
mx4
manager
legal
itunes
insurance
img4
image.google
gsuite
gate
foundation
communications
captcha
backend
win
vi
style
studentaffairs
socialmedia
smtp3
s5
product
print.google
poll
podcasts
pharmacy
offer
ns0
meeting
medicine
mapi
mailhost
intra
family
development
csr
ccs
az
archives
agent
www-dev
vr
registry
profiles
ng
mtest
msn
movies
japan
ipv6
hq
guide
gg
bot
alert
1
www10
success
stage2
search2
school
panel
origin-images
mk
local.google
images1
ftp3
fantasy
election
economics
ds
crl
cr
arc
af
abc
wellness
tp
test3
technology
staging2
seller
pass
nb
mediakit
md
map.google
landing.google
get.google
edu.google
csc
control
classifieds
classic
car
campaigns.google
cal
ace
yahoo
women
wm
water
visit
sw
svc
selfservice
secure2
red
recruit
ns01
iss
gift
fun
football
find
experts
donate
delta
cat
care
tablet
sy
sb
rec
provost
procurement
orders
mon
mobile.google
mini
mac
leadership
hs
external
extension
experience
ess
dev-www
comment
cio
ccc
budget
bt
bs
bj
auction
air
activate
wow
vendor
ur
tag
syndication
static4
ssp
sitemap
sas
puppet
pulse
production
pg
opensource
munin
merchant
mars
mail01
m3
keys
index
idm
honors
group
extra
csp
cps
conferences
communication
canada
bus
backoffice
athletics
web4
twitter
trust
subscriptions
statistics
spf2
sorry
redir
publish
pk
piwik
phone
ocs
nexus
nano
mse
intl
ice
give
g00
f1
er
correo
contacts
comments
c2
board
beta2
autos
verify
ta
source
soft
sms.google
seo
promotion
presse
office365
ns7
mysite
io
faculty
esp
ep
dns4
db2
dance
daily
console
compass
channel
cds
cams
boutique
athena
apollo
api1
zeus
www11
trade
scs
scholar
mx5
messenger
livechat
km
kiosk
i4
healthcare
he
h5
gov
geography
gd
ecs
dps
devel
dev4
commerce
college
ces
c1
booking
avatar
articles
www14
wc
veterans
uploads
tax
talk
ssc
sos
sdc
robotics
qa1
polls
poker
ping
pi
ntp1
ns.e
mysql
mobileapp
mis
metro
lifestyle
img5
ic
fc
environment
enews
dropbox
deploy
cards
benefits
bc
banner
app2
advertise
aa
www12
video.google
vault
v1
university
tool
t2
specials
results
reader
portfolio
pack.google
orion
notification
lyncweb
iam
ews
ehs
drupal
classics
city
cb
bme
banners
app1
apitest
webapp
web5
w3
volunteer
vm
tl
stock
ssltest
spa
samsung
response
repository
realtime
outreach
ny
na
mv
mta1
mail6
ls
lb2
j
interactive
ics
ht
hotels.google
hc
gsa
gl
features
entrepreneurship
enterpriseenrollment
ecommerce
db1
culture
create
coe
assessment
arabic
a1
va
tn
sz
stars
src
show
sam
s7
retail
read
rd
policies
payroll
mp3
meteo
main
lg
lc
imgs
house
gz
fp
express
earth.google
dam
cv
customerservice
cts
conf
chef
cee
cacti
boards
bioinformatics
beauty
beacon
api-test
adserver
worldcup
ucenter
transportation
theatre
splunk
safe
rest
resnet
planet
nc
mail02
linux
k
insider
hn
hello
gp
export
engr
email2
dynamic
download2
cq
common
chinese
cancer
awards
ais
ww1
ve
v3
trac
tg
subs
srv
spb
spark
qr
qc
policy
pma
pilot
ntp2
moodle
licensing
license
ks
ims
gslb
github
gc
fw
fms
financialaid
eps
dp
documents
discovery
counter
cam
blackboard
baby
auctions
assets2
a.ns.e
voip
voicemail
thumbs
sn
sipexternal
oms
oc
ns8
nj
mx01
mta
mo
metric
messages
membership
mdev
lite
images3
ia
goto
dsp
crc
contests
catering
apple
abo
2
upgrade
ui
test4
speed
spanish
showcase
reply
politics
orientation
ns02
meetings
jump
image2
guides
gt
friends
expert
eco
echo
dw
domain
dir
cbs
cap
activity
activesync
zt
y
www-staging
traffic
token
sub
sstats
search1
schedule
purchasing
org
nba
mobiletest
mobileapps
messaging
mediacenter
kino
inventory
hz
focus
editorial
ed
dom
develop
dating
coupons
copyright
class
check
buzz
bn
blackberry
bh
audit
applications
amazon
admin2
www22
weixin
webcon
w2
topics
titan
stem
ssh
_spf1
sfs
scm
scholarships
scholar.google
sbs
rm
real
psp
prime
pms
pcs
packages
orange
ondemand
nn
mta.email
mta2
media3
imode
graph
gps
gifts
gb
french
ff
eshop
e.ns.e
eg
dl2
cy
csi
credit
config
collaborate
cns
chrome.google
chicago
bugzilla
bounce
backstage
aps
appstore
aol
ajax
advert
a2
www0
west
webcast
w1
tuan
traveler
telecom
td
su
static5
seg
sci
s6
release
ras
qa3
private
phpmyadmin
pf
p1
openapi
nova
neo
mx6
mobile2
microsite
matrix
mail10
lu
logger
lk
lb1
kz
journals
idea
homepage
hls
guest
gg.google
ge
future
do
d.ns.e
dh
dash
d3
cricket
c.ns.e
cmp
climate
bill
bar
ats
apt
annualreport
advance
acc
ab
webstats
webchat
wa
video2
um
topic
testapi
temp
tap
t1
suche
schools
sale
sac
router
promos
pluto
planning
pad
oasis
oascentral
mr
mobility
miami
m-dev
maven
mailout
m4
ly
launch
korea
iq
ipm
ieee
icon
ib
ha
form
f.ns.e
ethics
ei
ebook
dsl
cvs
csd
csa
connections
challenge
central
c3
brain
b.ns.e
aw
asset
al
3d
wss
wms
webdev
vps
vms
vcs
talent
smtp4
server2
sage
reseller
rds
printing
price
poc
pds
pdc
pan
oss
mymail
mx02
movil
mf
mexico
markets
mail7
logistics
locations
knowledge
ka
jss
journal
java
item
insights
ig
hydra
humanities
hp
holiday
hao
graphics
geog
fx
fj
federation
expo
enterpriseregistration
emm
csl
crs
counseling
connect2
communities
charts
cg
cce
bm
australia
assist
api3
africa
adtest
zz
zs
xm
www15
whois
wh
webtest
webservice
wac
vid
tu
tienda
tags
st1
solr
smtp01
shibboleth
send
secure1
scripts
resource
prism
pos
pogoda
pixel
pb
ocsp
notice
mh
mcs
mas
m5
line
kf
jr
itc
isis
ips
ibm
hindi
gold
german
gaming
euro2012
erp
enter
dream
dg
d2
crowd
collaboration
cls
cla
ccm
broadcast
best
bank
bamboo
author
asp
agenda
acm
360
www13
ww3
wip
webapi
vpn3
url
trans
thumb
tb
storefront
sky
salt
s8
religion
redirector
rap
quality
power
mx7
mailman
madison
london
logos
loghost
libguides
iso
invest
intern
ias
hive
helios
grid
gems
fast
enroll
ecard
download1
dna
d1
csg
collections
cme
cdn5
casper
casa
cafe
c4
bp
bf
beta1
ares
architecture
zj
www21
wt
wise
windows
webmail1
web01
washington
vs
trip
transit
submit
stash
spam
snap
sme
sj
sendgrid
senate
scheduler
s9
relay1
recruiting
rad
publichealth
point
pd
pages.email
p2
openid
omni
ok
oas
nms
mx.e
misc
mail8
mail11
magazin
libraries
kw
ke
information
img6
image1
ids
html
hideip
ftps
france
finaid
ex
e3
dv
discuss
csm
cos
collection
collab
cms2
chat2
browser
blue
bas
atlanta
assets1
article
alt
aims
workflow
webvpn
web6
wb
wave
vsp
virtual
upload2
tx
tula
tennis
support2
suppliers
sq
smtpout
smb
sem
sea
rpc
rp
robot
risk
quote
pts
pressroom
phys
performance
paris
outbound
otp
newyork
mu
msp
mkt
mirrors
mil
mcc
match
loopback
login2
lbs
isp
inspire
infra
imp
img0
images4
hb
geology
fusion
fire
estore
error
epay
emploi
east
e1
dvd
demos
dealer
construction
comet
collector
clicks
ceo
catalogue
cac
beijing
att
anywhere
alliance
a3
2014
zimbra
www23
www20
workspace
workplace
wan
tst
trial
transport
translation
tfs
teach
som
sol
sns
shanghai
sft
seattle
s11
px
pv
pharm
pet
personal
perm
origin.www
nas
myapps
mps
motor
micro
meta
max
mantis
management
maint
mail9
live2
listings
lady
labs.google
kc
issues
isc
idc
houston
hot
hero
gw2
gm
gigya
gh
galaxy
euro
employment
dt
dn
dj
dictionary
devapi
darwin
dart
cte
comic
columbus
cmt
cma
civil
brasil
bpm
bob
bk
berlin
b2
avatars
automation
austin
antivirus
analysis
airwatch
aim
accounting
youtube
you
wz
www16
ws1
writing
wl
wholesale
wf
webadmin
vendors
unsubscribe
tz
tcs
t3
summit
stc
sph
spectrum
soccer
soa
shs
sell
sds
samara
renew
recherche
psa
perf
oscar
os
oem
nutrition
ns4.google
ns3.google
ns2.google
ns1.google
nps
npm
notifications
node
nfl
navigator
mx10
mstage
mrtg
kronos
jazz
japanese
itsm
iptv
invoice
i5
hospitality
genetics
gemini
gatekeeper
front
fotos
fly
fitness
filetransfer
epic
edi
dsa
distribution
df
devtest
devblog
cyber
ctl
click.email
cit
chi
callcenter
by
bw
biotech
biochem
ayuda
assets3
ad2
accessibility
abuse
ws2
website
webdav
vis
v4
ut
ucs
ti
text
testmail
te
sx
surgery
study
story
storm
startup
sql
sonar
solar
socialwork
scan
sap
sao
san
s10
s0
russian
rtc
rsvp
rsa
relay2
reklama
ref
recipes
re
quest
qrcode
pss
proxy1
portal2
php
ott
otrs
olympics
ns03
noticias
notes
news2
mw
msa
moon
mn
migration
microsites
mds
mailtest
mail12
ipc
imaging
hg
gamma
ftp4
fisheye
files2
failover
esc
esb
engine
eis
eduroam
educ
ecc
ebooks
disney
dev5
des
dcs
cws
cw
custom
coop
commercial
clubs
chs
cem
casino
bz
bridge
blogsearch.google
banking
aurora
asc
asa
apidev
an
yp
xbox
www-org
wordpress
web8
wd
video1
ufa
ucc
tmp
tk
target
tam
step
stage1
ssa
spot
_spf2
soap
slc
singapore
servicios
scc
rh
repair
redirects
reach
radar
r1
psy
psm
psc
proxy2
prototype
prelive
prd
polaris
pmo
playground
phonebook
pegasus
out
origin2
opera
omega
nyc
ne
mytest
msc
microsoft
mailrelay
mail13
lotto
loadtest
load
lm
light
kazan
karriere
jx
jupiter
image3
hotspot
hongkong
holidays
hilfe
hf
hawaii
gss
fit
f2
etc
emea
ebay
dz
dyn
dsc
dragon
denver
das
cwa
coupon
cie
chat1
charity
certification
center
cca
cast
cash
caps
camp
broker
boston
blog2
bilder
base
apex
anime
alfa
ak
ah
agency
afisha
aaa
yy
wwws
voyager
view.email
vet
uy
ug
tps
theater
test5
teams
task
sun
styleguide
static6
st2
snow
smtp5
smp
sim
shared
selfcare
scout
s15
rw
rugby
rise
reservations
recruitment
realty
reader.google
radius
quantum
publisher
publications
prtg
property
prepaid
ppm
posta
polycom
plan
pictures
paper
pace
operations
offcampushousing
nt
ns.email
ns9
ns11
nm
neuro
nd
mx8
mx11
move
moderator
mobile1
mmc
mentor
mdc
lol
locator
ln
livestream
ling
ku
kms
kg
itv
itsupport
italian
ise
iot
informatics
img8
i6
hcs
farmerama
ezproxy
exam
europa
epi
emba
elk
eds
ecards
e2
dmz
dl1
cpc
comics
cep
cdm
camera
c5
big
as2
album
aero
advisor
ada
activation
3
2012
zb
xz
websites
webex
web10
web02
we
vtc
v5
util
ups
ty
to
tel
taiwan
system
sysadmin
switch
spf3
spc
smtp02
sit
saturn
s12
rl
reservation
reporter
pw
publishing
promociones
prod2
prm
pps
portuguese
polisci
passwordreset
partenaires
panda
ox
omsk
offline
np
nic
n1
museum
mta.mail
mmm
military
man
magic
logo
lead
lasvegas
kk
kirov
k2
journalism
jeu
itunesu
i0
hardware
glb
gi
gear
gds
ft
fo
fis
fe
eval
eureka
eos
emp
ecom
dss
dmc
dl3
dd
dbs
dallas
customers
cube
ctc
cs1
crew
cpp
cpe
cpa
commons
commencement
cnt
classified
ccr
ccp
cci
can
cache1
bryansk
brazil
brands
boss
bonus
ars
apm
aide
ads2
admission
accreditation
a4
8
yt
xa
www17
voting
volgograd
venus
utm
tver
timeline
themes
tf
testwww
templates
tec
taxi
t4
sys
sv2
static8
sss
srs
spider
smile
sga
services2
service2
sco
sat
saratov
saml
saas
rostov
rio
remoteaccess
qd
prc
pittsburgh
pim
pas
partnerportal
page
p3
p2p
owncloud
outlet
otc
or
opendata
op
nav
nat
mz
mx12
mta3
mss
mem
mcp
mailserver
mailgate
m6
lyncav
location
linguistics
languages
konkurs
jl
ipam
invite
import
hy
hostmaster.e
hm
gtm2
gtm
graduate
geoip
g2
fox
fin
fbapp
falcon
esd
epm
egypt
ebs
drm
drc
drama
dev.api
dc2
ctx
cpd
computer
cob
classroom
classes
cim
cdn01
catalyst
cab
bsc
broadband
bms
beta3
atl
ast
apac
active
action
10
zm
www25
www18
www02
wedding
webmasters
webext
web9
wcm
vpn4
visa
vietnam
varnish
v6
usability
ums
tts
tsc
trustees
trs
toolbox
thor
tele
teacher
stm
stats2
statics
static0
stargate
srm
spp
sma
simple
silver
shops
shib
sendy
secure3
sandiego
salud
rev
result
remotesupport
recruiter
raven
r2
quotes
py
psi
prometheus
profil
plugins
pix
pets
penza
pec
opinion
oit
odin
octopus
nlp
ni
news1
neuroscience
n2
myportal
mypage
mx9
mts
mta.e
mpp
moe
minecraft
medical
media4
mec
mango
malaysia
mailbox
mailadmin
mail03
lts
losangeles
logging
leo
launchpad
language
land
kh
jo
ivr
ist
ischool
isa
irkutsk
ipv4
ipo
interview
install
innovate
inet
ii
gy
gu
gtm1
grc
gfx
gewinnspiel
gadget
friend
forward
foros
flv
fed
epg
enquete
empresas
employee
eecs
eclipse
eagle
dos
dnsmaster
dns01
dhcp
deportes
deal
curriculum
cst
cs2
cpm
content2
contactus
comms
cmc
clasificados
cj
christmas
cerberus
cdp
cbi
cats
case
cargo
cag
cache2
blogsearch
barracuda
artemis
anthro
alexandria
100
zoom
zen
xx
xian
x1
www-uat
www-new
www01
weekend
webtv
webinar
webcam
webauth
web7
web12
web11
web03
was
walmart
voices
vista
vegas
vas
vancouver
uz
us2
uptime
ue
turkey
tsa
train
tomsk
tnt
tips
think
test.api
teamcity
systems
syslog
static7
ssb
sp2
socket
skype
sitelife
sipfed
ses
select
sbc
sacramento
rr
robin
reserve
rcs
rail
rabota
purchase
publicidad
professional
preview2
pgp
path
pat
pacific
pac
oxford
owl
owa2
osp
oldmail
ois
odyssey
ocean
ns10
ns04
neptune
my2
musica
mrs
mpa
mooc
montana
moda
mip
mat
mails
lux
lrc
las
knowledgebase
katalog
juegos
jn
jeux
industry
img11
ict
i7
homes
hit
hh
hercules
gx
guangzhou
gradschool
gms
globalhealth
giftcards
germany
genome
g1
fsc
flex
fish
firewall
fd
fac
f5
ets
era
els
dnstest
dns5
dns02
distance
discussion
dealers
db3
dav
customercare
cultura
controller
cnc
cleveland
cic
cdn6
cde
caldav
c6
bulletin
branch
blogger
bl
bastion
baseball
balance
bac
atp
aqua
ao
antispam
agora
ads1
adobe
adimg
adam
ad1
24
2010
zone
zhidao
zero
zc
yaroslavl
xxx
www-old
www27
www24
wizard
wetter
weblog
webhosting
wap2
vpn01
voronezh
vladimir
videoconf
vcse
vb
utility
urban
tyumen
turbo
tom
tip
tiger
testlink
tas
suggest
studentlife
standards
staging1
spaces
solo
smtprelay
smallbusiness
sls
sid
shop2
sfx
seafight
scp
scores
sca
s14
ryazan
richmond
resume
remote2
reference
recovery
reading
rdc
ranking
questions
pulsar
portland
pod
platinum
philips
phil
park
ox-i
outage
ota
origin-cdn
oracle
ogc
nsk
nsa
ns12
nike
netid
m-test
mtc
mta4
mq
moto
moscow
mortgage
minneapolis
mgmt
luna
lo
libanswers
l1
ky
kpi
kontakt
king
italia
inbox
img7
img01
imagine
images5
image4
if
hep
heart
happy
h2
gw1
gutscheine
gopher
gap
fz
fund
ftp01
foo
flux
flow
flight
finder
esports
esl
esa
erc
email1
electronics
ec2
download3
dot
dispatch
diamond
dialog
di
dfs
dev01
dentistry
debian
darkorbit
cup
count
cool
compliance
columbia
colorado
colombia
cluster
cincinnati
chile
charlotte
charge
certificates
cedar
cashier
cad
bx
bmc
bis
billpay
baltimore
b1
atm
astra
arizona
apk
a.ns.email
animation
afp
advancement
2008
zhaopin
xy
xj
www-prod
www26
workshop
wlc
watson
wallet
voltage-pp-0000
utils
utah
umfrage
uhs
uae
trinity
tower
today
tls
thumbnails
thailand
tests
tcc
sws
super
sunshine
streams
static01
sta
sst
ssotest
spirit
smtp6
smi
smail
sip2
sdk
sample
ruby
rts
rooms
rma
restaurant
remedy
rb
rainbow
radiology
quarantine
psychiatry
proxy3
protect
program
ppc
portals
pn
pls
pin
pie
paypal
pandora
panama
pacs
osc
orel
opt
oma
olympic
nss
newsfeed
neurology
neon
mus
m.store
mobiledev
mktg
mgm
metadata
men
materials
marine
manchester
mailgw
mailer2
mail14
lyncadmin
lsi
live1
listen
lenovo
lan
krasnodar
kp
korean
kn
keyword
jm
jj
ipa
interface
img10
icq
ica
gta
g3
foro
fcs
evolution
especiales
eservices
epo
eo
e.ns.email
elements
e-learning
ecm
ebiz
dts
documentation
display
diet
desk
dell
dc1
d7
cx
cruise
cpr
course
contents
consumer
cod
cmsdev
clips
clip
clients
checkin
ccb
cbt
cbc
carbon
cambridge
call
c8
c7
buscador
bug
buffalo
bts
bike
bcp
bcc
bart
back
athens
astronomy
aspera
argentina
aq
app3
app01
ame
amc
alma
alice
alertus
aging
advising
adsl
adp
abcd
2013
zx
yx
youth
young
york
wuhan
wi
webct
wcs
wall
vt
voyages
voyage
vologda
vita
viajes
vetmed
tumblr
tube
trk
timesheet
time2
tic
thankyou
tesla
techsupport
tao
tac
sydney
ssm
srv1
sprint
spi
speech
spec
spain
society
sli
sla
skynet
ski
sims
sign
sia
showroom
sftp2
sfa
service1
sellvrfn
sanfrancisco
s16
s13
russia
return
request
redis
redesign
redcap
qq
purple
politicalscience
poczta
photography
pci
parts
panorama
ot
orca
optimus
openhouse
ol
oe
ods
nw
ntp3
nokia
nfc
newton
nelson
ncc
mta2.email
mmi
mix
mipapplication
mint
mim
memphis
mci
marathon
manual
mail15
m2m
lucky
lr
listas
l2
kursk
kultura
kgvrfn
kaliningrad
json
ithelp
italy
ism
irm
infosec
immobilier
img9
img02
im2
ies
heritage
hcm
handbook
hamilton
hades
greetings
globe
gf
gazeta
galileo
frontend
franklin
filemaker
fas
exp
eventos
ers
errors
encuestas
emailing
einstein
ecampus
eb
dpa
disk
dev6
depot
den
dds
dcc
db01
datacenter
d4
cu
cosmos
cookie
comp
comcast
cip
cine
ceres
cartoon
buyvrfn
breeze
bps
bookmarks
bomgar
bizpolicy
birmingham
big5
bam
babel
axis
avs
asi
asap
arrow
application
als
all
agents
admin1
ad3
actu
activities
academic
zurich
zh-cn
yc
xl
xen
wwwdev
www28
ws3
woman
winter
wildcard
wds
war
w4
vsa
vp
vidyo
verizon
velocity
vector
usc
upload1
universe
uni
ul
uat2
u2
txt
tulsa
tss
trace
toys
tours
tlc
tis
tim
ticker
texas
tes
template
tasks
survey2
surf
support1
sup
stlouis
stb
ssw
ssd
spring
sphinx
sp1
somni
sochi
smtp-out
smc
shipping
shell
sgp
set
servers
secureftp
screen
sandbox.google
rpm
rn
rf
reset
relaunch
quake
qs
pwc
pubs
ptc
proteus
prep
premier
postoffice
pomoc
pol
points
poetry
plugin
pipeline
picasa
pic2
philadelphia
peru
personals
pbs
pathology
pages.e
other
orlando
origin-staging
org-www
olx
oes
obgyn
o365
nimbus
nh
newmedia
murmansk
msm
msk
ms2
mpi
monster
mmp
min
mic
merlin
mark
mam
mailout2
mail20
magento
magazines
m7
lynx
louisville
loan
lis
lipetsk
libra
liberty
lf
leap
kt
kit
kerberos
kenya
junior
jd
janus
jade
jackson
iw
irb
ipn
intel
informatica
inf
indonesia
immobilien
img12
images6
ima
ils
ilearn
iep
ide
ibc
i9
hyperion
hx
hrm
hotline
hostmaster.email
helix
guardian
gsm
grs
grants
gorod
glass
gk
gif
gem
gcal
gas
gadgets
fy
fw1
fs1
frontier
frankfurt
franchise
fortune
f.ns.email
fleet
fl
fileshare
fg
festival
fbapps
farm
fan
face
eva
ev
est
epp
eportfolio
epc
empire
emma
emarketing
elearn
elc
eforms
eee
eca
ebusiness
dtc
dsi
driver
d.ns.email
d.mx.e
digi
dict
devices
dev7
detroit
dayton
dan
cso
crucible
crashplan
cosmo
cop
concours
computers
collab-edge
clock
citi
cib
change
cet
cec
cdn7
cdn0
cdc
capital
callback
cache3
bod
b.ns.email
blogtest
black
bcs
bang
balancer
baike
azure
avis
aux
authors
auth2
atom
asr
ariel
arcade
arboretum
apa
amsterdam
alexa
agile
afs
aec
adx
administrator
admin3
admanager
acp
access2
abs
5
365
15
zbx
yar
xp
www29
www19
www03
ww4
wsp
wo
wine
who
wg
webhost
w6
vpn02
visio
virginia
valencia
uranus
ural
uma
ukraine
ubuntu
u1
tv2
trio
trc
tourism
toronto
ticketing
test.www
testshop
testblog
test6
tds
tab
stuff
stream2
storelocator
store2
store1
starwars
spf-a
spf4
sourcing
soe
sklep
sir
simg
sig
sic
sharefile
sgc
setup
sep
sdm
script
sch
sba
sal
rps
rotc
rose
rome
rock
rnd
ria
rg
reward
recreation
rcc
rank
race
questionnaire
qt
qm
puppetmaster
pskov
prs
programs
pride
practice
ppe
ppa
pizza
pip
physiology
photos.google
photo.google
pcookie
pcm
patch
party
p4
ortho
orenburg
orbit
opus
obs
nw.pp
nr
note
nomad
nick
new-www
netstorage
nebula
nebraska
myweb
myfiles
mx0
musik
more
mode
mma
mip.sandbox
mipapplication.sandbox
milwaukee
millennium
mike
microbiology
mgt
mft
metis
met
mein
medias
media5
maine
mail.cs
mail22
maestro
ltc
lps
logon
ll
linkedin
libproxy
ldap2
ld
lang
kurgan
kaluga
kaltura
jz
jam
jack
izhevsk
itservices
istanbul
iran
ins
input
infos
inbound
immo
immigration
img13
imaps
illiad
icinga
ibs
i8
hw
hrms
howto
host1
horoscope
hope
homecoming
hera
hcc
hawk
hal
h1
graphs
gongyi
genius
gen
gdocs
gcc
francais
formation
fees
extensions
eventi
eve
eu1
esupport
esf
err
empleo
emc
e-mail
elpaso
eip
edp
ecp
economy
economia
eac
dx
dummy
du
domino
dis
deti
debug
data2
dar
dal
cumulus
csf
crt
cri
contribute
contracts
context
connection
compras
coffee
cmstest
chel
chat3
charon
cdt
cct
cba
bsd
brown
boulder
biomed
batman
batch
award
av2
asterisk
asgard
aruba-master
archivo
archiv
apptest
appdev
apc
alex
alaska
add
academics
academico.google
7
123
zy
zoomumba
zip
zebra
yum
yoda
yes
yellow
xyz
xid
xenon
wy
www31
www30
www04
wsus
ws4
wpad
wish
wind
webtools
webspace
webshop
webserver
websearch
webmailtest
web05
w5
vpnserver
vodafone
vivo
viper
via
vcenter
v7
uss
us1
uploader
unity
ulyanovsk
turing
tucson
tsp
transfers
toyota
tomcat
toledo
tokyo
tick
theme
testsite
testadmin
test10
tempo
telefonia
teen
ted
tecnologia
techblog
tampa
tambov
t7
swift
sweepstakes
swa
stavropol
sso2
ssl2
sponsor
splash
spiele
sou
sony
smtps
smarthome
sigma
shadow
servizi
sendmail
selenium
see
sdo
score
satellite
sar
sametime
salon
sakura
sacs
s30
s29
s24
s19
s17
rx
rus
rtmp
rsync
rpt
rencontres
recycling
recsports
records
recette
raptor
rapid
r3
r2d2
quebec
qp
q1
publicsafety
provider
printer
primary
plm
phones
pers
perevod
pdm
pdb
pbx
parent
pal
ovpn
outdoor
osm
osiris
openx
onlinebanking
ohio
oai
nv
null
nginx
nextgen
newmail
networks
netops
ncs
mysites
mxs
muse
mtm
msw
msi
m.shop
mrc
mosaic
mod
moa
mj
mia
mgd
mfa
mech
mbox
mail21
magnet
lj
live3
lion
lincoln
lime
lighthouse
leads
ldap1
lastminute
kuwait
krasnoyarsk
kostroma
kj
kid
kemerovo
kansas
jordan
jk
jh
jf
jewishstudies
jewelry
jaguar
ivanovo
itp
itest
israel
iron
ipt
ipod
ipe
info2
indigo
indianapolis
inc
imperial
ime
iis
icm
icc
huodong
html5
hsc
home2
hockey
ho
handy
hamburg
guides.library
gts
grace
gourmet
gay
garage
fuwu
futbol
fundacion
fst
forum1
forge
first
finearts
financial
files1
fedauth
fdc
ez
explorer
exch
everest
env
elecciones
edc
eda
ebics
dy
dublin
download4
domainadmin
dolphin
doctor
dns6
disco
devm
dev10
dental
demo1
delphi
ddt
dcp
dce
dali
cybersecurity
cursos
crmtest
cpt
comunidad
competitions
c.ns.email
cmr
cmail
clean
clas
chita
chess
chemeng
chaos
cei
cdo
cdn8
cdn02
cdb
cascade
ca2
ca1
c11
c10
bss
branding
botany
bosch
bookings
bnc
bmw
bingo
bigdata
bic
bet
bat
basket
barnaul
badges
b2btest
avia
ava
autodiscover.mail
atc
async
assets0
arm
ark
argus
archer
apps2
api.dev
ans
annunci
ana
ami
altair
afrotc
advantage
administration
adi
ad4
acme
achieve
accessories
abonnement
aap
9
20
114
zw
zoo
zhuanti
zeta
yz
xmas
xmail
xc
www99
ww5
wsc
wolf
white
webtrends
webaccess
warehouse
w8
w7
vk
viva
village
veranstaltungen
urology
umc
uat3
u3
tutorials
ttt
trunk
triton
translator
tor
titleix
testtest
testdrive
terra
terminal
tank
tango
t5
swan
suzhou
sus
stockholm
stag
ssl1
srv01
sri
sra
spd
sound
soho
smm
skyrama
sjc
sipinternal
sip1
signature
sif
shenzhen
sharp
sdu
sdp
sdn
sc2
savannah
sara
sante
sanalytics
s51
s25
s23
s22
s21
s18
s01
rv
rover
roma
resolver
repos
rep
reklam
redeem
rbt
ram
rakuten
query
qa.api
python
psyc
proton
poland
po
pmail
pharos
perseus
pediatrics
pathfinder
paste
panther
palm
ox-d
ots
oregon
orc
ora
opa
ole
oid
ofr
offcampus
ofertas
oak
o1.email
nx
nws
ns13
nov
node2
nis
nightly
newjersey
new2
neu
_netblocks
nemo
nec
n3
myip
myadmin
mx30
mx20
mx03
musique
mumble
mta2.e
mst
ms1
mos
morgan
montreal
monitor2
model
mls
mlc
mir
mining
minerva
midas
meteor
menu
memory
mediasite
maui
marc
mailhub
mail04
lyris
lx
lottery
logic
logan
livehelp
lit
lisa
lexus
lexington
latam
lamp
lambda
kiwi
keyserver
john
iv
itd
isg
insite
indus
include
img15
img14
img03
imc
imail
ilvrfn
illinois
iframe
iec
idp2
hydro
hsp
hrs
hris
horo
honda
homer
hobby
hl
hist
hipchat
hip
help2
gv
guides.lib
gsl
gsc
gerrit
georgia
general
garden
galleries
galeria
gaia
fss
freemail
freedom
fotki
forex
fix
file2
f3
ezproxy.lib
eye
extreme
exmail
euler
eugene
estadisticas
espresso
esm
eros
eroom
energie
emu
elvis
ehr
ege
ees
echo360
ebill
eat
easy
eap
dns-admin
dns03
dls
dist
director
dial
delhi
delaware
deanofstudents
dca
data1
d6
cuba
cti
crash
costarica
condor
community-stage
communaute
coi
clk
cle
clc
cid
chronos
chelyabinsk
chart
cfd
cfa
cel
casting
canon
calgary
c12
butler
bursar
bulkmail
bounces
blog1
bizvrfn
bip
bioinfo
biblioteca
ben
bbc
band
banana
backup2
b3
awstats
awc
avto
autodiscover.ad
atmos
atlantis
atelier
asus
assistenza
assistance
arthistory
argos
apl
api.staging
api.qa
announce
america
ama
ait
ags
agriculture
addons
adams
25
2011
0
zp
yu
your
yellowpages
yb
xs
wyoming
wwwb
wwwa
wts
works
workday
wood
wmail
wj
wii
wes
webwork
weblogs
webdesign
web14
web13
web04
vu
vortex
vladivostok
vlab
viking
videos2
videochat
victoria
venture
vendorportal
vcl
ura
umail
uis
ud
tutor
tsg
trend
toto
tops
tools2
time1
testm
test11
terms
tera
tender
tehran
teamwork
teachers
synergy
svpn
sugar
stuttgart
studios
studentsuccess
studenthealth
staging.www
st3
srv3
srv2
srt
sptest
spf-b
_spf3
speedy
speedtest2
sophos
song
solution
smolensk
sm1
slave
short
shop1
sgw
sg1
sentinel
seminar
sei
seguro
seed
secureportal
seas
seal
sdb
sda
scribe
scholars
sce
scdn
sccm
sanantonio
sakai
sae
s56
s44
s27
s26
s20
rs1
ring
rich
ri
reslife
reno
remote1
regions
region
recycle
rating
rate
quad
puma
prueba
proxy.library
provisioning
process
prague
praca
ppp
postorder
portugal
portail
popmail
pns
pmi
pmd
plasma
pla
pimg
phy
phd
pg1
peter
pen
peixun
peace
pay2
paul
parks
pap
paiement
pai
p6
our
ottawa
olympus
olli
olive
ofx
official
ocw
ocio
o2
nucleus
nuclear
nsc
novosibirsk
nmr
nfs
newyear
neworleans
neurosurgery
negocios
national
myhousing
mumbai
mozart
moss
moo
monroe
mobileapi
m.mail
m.library
missouri
mid
mib
mfs
metrika
m.es
mega
mediaserver
mbs
mbm
material
marshall
maria
mail-relay
mailin
mailhost2
mail16
mail-01
mail0
magellan
mae
lookup
living
livecasino
lima
lebanon
lds
lcs
lazada
landscape
labor
kite
kitchen
kansascity
kam
kalender
jt
jc
jasper
james
itm
ing
inform
infocenter
img04
imagenes
ifs
ibank
iad1
hubble
host2
horoskop
homepages
home1
hex
hestia
helpcenter
hci
halo
guru
gtc
gsd
governmentrelations
googleapps
george
gapps
fw2
ftp02
fsp
frodo
forestry
font
firma
finland
filter
files3
file1
fcc
fang
extras
extranet2
ernie
epsilon
ens
engagement
eden
duke
dspace
drop
dorado
dog
dns0
dl5
dig
dic
diablo
dfw
devs
dev03
default
deepolis
ddns
dbm
david
d8
cyprus
crystal
cp1
consulting
connecticut
complit
cognos
cns2
cms1
cloudfront
ck
cisco
cherry
chennai
chase
celebrity
catalogo
carrier
careercenter
campuslife
cabinet
c9
bpc
bos
bookshop
block
bid
beta4
bestbuy
bender
bell
belgorod
bee
bangalore
backup1
av1
automotive
autodiscover.mgd
aura
audience
aspen
asl
asian
asb
artsci
aries
argon
area
appointments
app4
app02
api.sandbox
aoc
anzeigen
anketa
amd
alp
ali
aida
aff
adidas
adc
access1
aca
abe
69
zoology
zhibo
zd
zap
yun
ys
yoga
x5
www-stage
wr
wlan
wikis
weibo
weekly
weddings
webmeeting
webmail.cs
webmail3
weblogin
webcams
wap1
wantitnow
wallpapers
vv
vtest
vss
volleyball
vo
vmail
viv
visual
vip2
video3
vg
venezuela
vds
vdc
value
vacances
uts
urdu
upd
unix
universal
unicorn
uf
ucupdates-r2
turkish
tsunami
ts2
ts1
trailers
trading
torrent
top100
toolkit
tmc
testportal
tester
testapp
test13
test123
tennessee
tdc
tandem
svs
studentservices
stu
stream1
strategicplan
storage1
stone
stocks
steve
stan
stag-subscribe
stage.subscribe
ssologin
springfield
spotlight
spor
sponsors
south
sofia
slm
sjz
sina
signin.m
signinalert
siemens
sib
shield
shark
sgs
sex
seven
seoul
sender
secure-api
scr
scheduling
sbe
save
sanjose
samples
sai
saf
s58
s57
s54
s40
s38
s32
s28
s101
rs2
ris
retro
renewal
relay01
reg.m
rasp
qu
qa-subscription
qa5
pubsub
pti
prod1
pre-www
presence
prelaw
ppd
postage
poseidon
portaltest
portal1
popup
pool
poe
pmt
pmc
plant
picture
picasso
picasa.google
pic1
photon
pharma
pg2
pes
per
ped
pearl
pca
partner-api
parker
outside
optics
online2
omaha
ojs
oir
oig
oh
ocsrest
observer
ntv
nts
nsp
ns20
nntp
nmc
nmail
nk
ninja
newsite
netlab
netadmin
name
mx.mail
mx.email
mx04
m.tv
mta6
mta5
msu
msa-b1.cgi3
ms3
mri
mqa
mpg
morpheus
milano
milan
mijn
migrate
michigan
metrica
mes
meridian
mercadolibre
media01
mca
matt
martin
mario
mailer1
mail2.email
m.afisha
madrid
m8
m11
lyncwebext
lyncaccess
lounge
lotus
like
lightning
libcal
letters
leto
leader
lea
lb01
laser
key
kariera
jw
johnson
iws
ita
irs
ironport
ireland
ip2
iowa
inv
inter
inst
indiana
image.email
im1
iem
idp-dev
iacuc
iac
hyderabad
hudson
hts
howard
hosted
hospital
horus
henan
harmony
hammer
ham
guestcheckout.payments
gslblui
gsites
grupos
goods
go2
gmt
gls
givingday
giveto
girls
geol
genomics
genesis
gdi
gal
fyp
ftptest
fs3
fs2
fresh
frame
fotografia
forum2
fort
ford
flower
florida
fds
factory
extern
expedia
etest
eservice
epsvc
epnt
entry
enigma
engineer
enet
emerald
elite
egov
ef
ecuador
ecology
ead
duo
dst
drivers
dota
dnf
django
diy
digital.library
dev-editor
dev-api
dev11
deutsch
designer
dept
demo2
dc3
dba
db4
datascience
d5
czech
cust
ctt
ctsi
csw
cs3
crowdfund
cp3
covers
convert
consultant
codereview
cns1
cna
c.mx.e
cmsadmin
cms3
cmi
cmdb
clocks
client2
clark
cia
chip
checkout.sandbox
checkout.payments
chancellor
cgi3
cfm
cer
cdr
cdl
cals
calculators
cable
c13
bulksell
browse
bri
brc
bravo
bordeaux
boom
bond
boc
bobo
boa
bmt
bmi
blogg
blackhole
blackbox
bit
biostat
biosci
bigbrother
biblio
bib
bbm
bbb
battle
barcode
barcelona
avl
aviation
avalon
ati
ase
arte
arp
arl
arena
apps.payments
api.cloud
ape
animals
alfresco
alc
albert
age
advent
adt
adn
abacus
aba
6
4
3c
11
zmail
zhengzhou
zenoss
yuncheng
ym
yl
xray
xfer
www-qa
www-a
www42
www40
www122
wws
ww6
wstest
wowza
wisdom
wiki.math
wenda
weihnachten
webinars
webfiles
web15
web06
web0
wallpaper
vulcan
vremya
vpn5
voucher
volga
vl
virus
viewer
video-cdn
viaggi
vera
vega
van
validation
val
usuarios
usg
us3
uruguay
upc
undergrad
ubs
ub
uas
twitch
tui
ttc
ts3
tpm
topaz
tmn
tippspiel
thomas
theory
test-partneredcontent
test-admin
test12
tema
teens
tedx
tea
tcm
tau
symphony
svakil-dev
sustain
sushi
supplierportal
storage2
sti
stg2
stemcell
std
standby
ssi
srv02
squid
spokane
spin
spike
spf-c
soporte
smtp-relay
smtpmail
smtpauth
smtp11
smokeping
sml
sm2
site1
simon
signin.sandbox
sie
shouyou
sharing
sfr
ser
sequoia
sellerstandards
self
securepromo
securenet
secured
secure5
secret
scgi.m
scgi
sav
sams
salute
salesforce
s75
s59
s52
s50
s45
s43
s42
s37
s36
s106
s105
s103
s102
s02
route
romania
roi
rocket
rmc
rigel
rhino
rha
rex
returns
restaurants
residence
relay4
registro
reality
rdp
rdg
rbl
rai
radonc
radius2
rabbit
qb
qa-secure
qa-editor
qa7
qa4
publicaffairs
psd
provision
proto
prospect
proposal
progress
probe
printers
prince
pres
prensa
preferences
pravo
ppl
portal3
pop1
pollux
polar
plum
plaza
planner
pivot
photos1
photo2
perth
persian
penguin
pear
peabody
payproc
paymentscmd
patents
partnernetwork
partneredcontent
paradise
paisapay
ox-ui
ow
osi
osaka
ors
optima
onlinelearning
onedrive
onecard
onboarding
ombudsman
odessa
ocswf
obits
oaa
nvg
nsm
nsb
ns21
ns-2
ns-1
nokiamaps
nice
nf
new3
nevada
netmon
nestle
nest
nashville
nanjing
myspace
myresearch
mylearning
mydev
mvc
msa-b1.cgi5
mrm
mrl
motori
monitor1
mongo
moc
mobile-test
mobiel
m.news
miranda
mirage
mio
mie
mhs
mesg
memo
melbourne
medusa
mcb
mc1
mb2
mazda
m.auto
mapy
manila
manhattan
mailings
mail30
mail-2
m9
lz
lynda
lvs
lug
lsc
lp2
loyalty
loc
lobby
listserver
linyi
link2
letter
layout
latino
krakow
kl
kiss
kia
ki
kep
keeper
kd
jy
juno
juniper
julia
joe
jiaju
jacksonville
ite
island
ironport2
ira
iportal
ind
incoming
impulse
immunology
imm
imap4
images7
image.e
ilc
ik
iie
idp-test
ideal
icp
icare
human
hss
hrd
holmes
hilton
heze
guatemala
gst
gse
gry
groupon
greece
gradsch
gra
gordon
gn
globus
gin
giftcard
ghost
gesundheit
generator
gea
gbs
gandalf
gamer
fyp2
furniture
fuji
frog
framework
fortress
force
folio
flowers
florence
flint
fisher
firefly
findnsave
films
fil
field
fermi
fedsignin.sandbox
fedsignin
fedauth.sandbox
fca
ext2
exodus
excalibur
exams
evaluation
etherpad
etf
esign
esi
ese
epn
envios
encuesta
employees
empleos
eml
emailer
electron
ekb
eform
eec
edison
ecomm
dwh
dump
dubai
dti
dse
dor
dmp
dino
digitalmedia
dev.www
dev-secure
devportal
devops
devadmin
detail
dermatology
demeter
del
ddd
dante
dakar
dag
dac
d9
d10
cygnus
ctd
csv
css2
cron
crm2
creator
crawler
cpo
cooper
cooking
concorde
color
codex
cms-test
cmd
claims
cirrus
circle
cims
chico
chengdu
cheme
chat4
cgs
cgi6
cgi5
cerc
census
ced
cdn-img
cdn-images
cdn9
castor
careerservices
calvin
california
calculator
cai
bulgaria
builder
bmp
bluesky
blog-dev
birthday
biophysics
biol
bim
bear
beam
bds
bc1
bangkok
bak
babylon
avon
austria
ath
asu
astrakhan
ash
asg
asd
as1
arthur
aria
argo
arbd
ara
api-staging
api-sandbox
api.login
anth
annonces
amway
aem
admins
admin4
addon
aboservice
aan
aai
50
3dsecure
125
zk
zim
zhuzhou
zhoushan
zelda
yoyo
youtrack
youraccount
yazd
ya
xt
x3
wwwold
www66
www-2
www-1
ww9
wuhu
wroclaw
workshops
workforce
womenshealth
wishlist.browserapps
wildlife
wiki2
whitelabel
wfm
weihai
websurvey
webstore
webs
web.mail
webconference
webcal
web16
web08
wcc
warszawa
wallace
w9
vybory
vvv
vrn
volvo
vod2
voc
vmware
viz
virgin
vip1
violet
video4
vermont
vendorcentral
vending
vdo
vader
uslugi
ultra
ufo
twiki
tunnel
tsm
treasury
toy
tornado
togo
tmail
titanium
timeclock
tianjin
thrive
themis
the
thai
testserver
testforum
testcms
testbed
test9
test01
temple
telnet
telemetry
telechargement
technologies
tdm
taizhou
taipei
syllabus
swc
svt
svn2
svcs
sv1
sustainable
surplus
suite
subscription-assets
stun
studentconduct
str
stp
stores.shop
storage.browserapps
stl
stingray
stella
station
state
stat2
stark
stage.www
sse
ss2
srtm
spo
spm
spica
_spf-b
spfb
_spf-a
spf6
spf01
spe
sparc
spanport
sources
soma
sofe
socialsciences
sociallogin
snoopy
smu
smtpout2
smtp-in
smtp12
smtp0
smt
smith
slim
skyline
sitebuilder
siteadmin
siam
shouji
shoptest
shiptrack
shipin
shenyang
sh1
server4
server3
senior
seminars
seguridad
secureregistration
securefeedback
secureauth
secure4
search.library
scott
scd
scanner
sc1
sbdc
sapi
salsa
sail
safari
s78
s68
s63
s62
s61
s53
s49
s47
s46
s39
s31
s108
s04
rz
rti
rsm
rs3
root.ns1
rom
rocky
rmt
river
rid
rhn
revistas
reunion
resolutioncenter
reporter.browserapps
replay
relay3
relay02
relax
reg.sandbox
redhat
recrutement
record
rebulk
rbs
ramp
rain
qy
quran
quark
qmail
qlikview
qlf
qh
qa-auth
pwd
puyang
publishers
pub2
ps3
proxy4
proof
prof
product.browserapps
primo
prestige
pr2
ppm3
ppm1
poznan
post2
portaldev
podarki
plato
places
pinterest
pims
photos2
person
peach
pct
patches
partnernet
panasonic
pagos
pager
paas
p5
oz
ost
ori
optimum
opsview
opal
oos
oncology
olympia
olymp
oklahoma
oip
oie
og
officewebapps
ocsnext
oce
nu
ns.mail
nse
ns22
ns14
notifyweb
norway
node1
nissan
nico
niagara
nhl
newspaper
newman
newdev
nepal
nautilus
nature
nanotech
nac
mytime
myoffice
mymobile
mycloud
multi
mti
m.test
mta.news
mt2
mssql
msh-tablet
mr1
mov
mom
mol
module
models
mobileiron
mobile-identity.browserapps
mmail
mm.afisha
miss
mira
mine
m.g
mep
meetme
mediaroom
md1
mc2
mbuy
m.beta
maya
maverick
maryland
marvin
mapas
mapa
manga
mandarin
mail.math
mailgw1
mailgate2
mailc
mailboxes
mailb
maila
mail17
maggie
lyrics
lyon
luxembourg
luoyang
loop
longisland
loncapa
loja
login1
log2
loans
liverpool
liuzhou
lithium
lishui
liquid
lgbt
lex
les
lemon
leia
lego
leeds
leasing
league
ldap01
lb3
laura
lala
kv
kuban
kredit
kor
konto
kolkata
koala
kindlestore-sha-proxy
kindle-store-proxy-endpoint
keywords
kermit
kep-eu
joy
joker
jobsearch
jining
jefferson
jay
itsecurity
itl
isupplier
isso
isr
islam
isi
irp
irk
ip4
ip1
internships
internacional
intelligence
integrations
int.api
innovations
informer
inews
indy
incubator
images8
ielts
idol
identity.browserapps
idauth
idaho
icecast
icarus
ical
iad
hyundai
hydrogen
hybrid2
hunter
hunan
humor
huizhou
hugo
hsl
hrc
hps
hoth
hoteles
host5
horizonte.browserapps
hollywood
holding
hippo
hhs
hfs
henry
hemeroteca
helpme
helium
helena
heimdall
heat
healthsciences
haikou
gs1
governor
gollum
gj
gip
gim
gia
ghs
gha
gcp
gateway1
gate1
fwd
fuzhou
fts
fra
fpt
foxtrot
formazione
formacion
forest
foia
fn
fmp
flame
fishing
firmware
findit
financials
fhg
fenix
feed.browserapps
faster
ezproxy.library
external2
example
etime
eta
eso
esales
eportal
epayment
epargnesalariale
eoc
entradas
engl
element
ekaterinburg
efs
eeb
edocs
edms
edd
ecrt
ebc
ebank
duck
dropship
dresden
drakensang
draft
dq
dossier.browserapps
donation
don
doe
dns8
dns7
dns04
dmm
dlc
dip
diary
devshop
dev-login
device
dev-auth
dev9
dev15
dev13
dev12
dev02
destek
demo3
dem
deco
debate
dean
ddm
ddee
dbadmin
db02
daxue
database
dalian
daisy
d11
cvm
customersupport
ctp
cross
cronos
crea
crawl
country
corona
coral
cookie.browserapps
cook
contractor
content1
connect1
conduct
con
computing
compare
community.stage
communicator
cockpit
cname
cmdev-subscription
cloud1
click.e
clear
chr
chongqing
children
childcare
child
cheboksary
chaozhou
cfs
certs
cell
cea
cdni
cdn.amazon
cde-ta-g7g-preprod
cde-ta-g7g
cbe
catalog-retail
castle
cass
cas2
carriercentral
carmen
caribbean
cangzhou
candy
campusmap
camel
callisto
calc
caipiao
cae
c21
bv
busca
bu
btp
browserapps
brandservices
bologna
bola
blues
blueprint
bluebird
blocked
blade
biznes
bfs
beta.gorod
beta.city
bel
beeline
beast
beagle
bcn
bcm
bc2
bbtest
bazar
bass
bap
backups
bach
b4
b2c
autopromo
auth.api
aus
associates
aspire
asm
arribada
army
argileto
area51
arcgis
aragorn
apus
apps1
app5
aplus
api.test
ap2
ap1
anubis
ant
annuaire
ann
ankang
angel
angebote
amur
amber
alpine
aloha
ajuda
aiuto
aip
aion
affinity
aeon.library
acg
aces
account.kep
accor
accelerator
academia
72
56
404
2006
14
101
zzz
zunyi
zq
zion
zinc
zh-tw
zephyr
z1
yulin
youxi
yingtan
yichun
yancheng
xuzhou
xinyu
xingtai
xin
xianyang
xiamen
xf
x2
wwwstg
www-secure
www2.cs
www06
ww8
wuzhou
wsg
wsb
writingcenter
writers
worldhotels
working
word
wls
wk
wisconsin
wis
wilson
wikitest
werbung
wenzhou
weifang
webwork.math
webster
webserv
webportal
webmail.math
webmail.ece
webmail01
webftp
weber
webdb
webcall
webboard
web20
web17
web09
web07
watchdog
wasp
wagner
w11
w10
vz
vpr
vpngw
volunteers
vol
view.e
videoplayer
vic
vhost
vf
vela
vconf
utilities
user.beta
us4
urs
uri
upress
upl
up1
unternehmen
unifi
undergraduateresearch
un
uds
udm
tvguide
tv1
tutoring
turtle
turf
tuning
tsi
tsgw
trig.email
transparencia
totem
torrents
toro
tmx
tlt
titanic
titania
tiny
tile
tianshui
theta
tethys
testy
test.login
teste
test8
test7
test16
terminus
term
techhelp
taurus
tardis
taiyuan
syracuse
swf
sweeps
sweden
swe
sv3
surgut
supporto
support.it
supplychain
suporte
sugarcrm
sudoku
subversion
subscribeandsave
submissions
styx
studentorgs
sts1
stress
streamer
stk
steel
stats1
statistik
static-m
static-cdn
startups
standard
stage.api
stage3
ss1
spy
sputnik
spl
_spf-c
spfa
southasia
sonic
son
solid
sng
snake
smr
smg
smarttv
slave1
skywalker
sks
skills-store
site2
sirius
sin
signon
siec
siac
shuttle
shop3
shm
shijiazhuang
shc
shakespeare
sgi
sge
sfo
sfc
session
servicecenter
server5
senegal
sellercentral
selection
sed
secureweb
secure.m
secure-m
secondary
seat
scl
scgi.sandbox
scarlet
saransk
sanya
saga
sad
s83
s72
s71
s66
s64
s55
s48
s41
s35
s34
s33
s142
s135
s129
s128
s126
s125
s124
s119
s117
s111
s107
s104
s100
rzeszow
rule
rtx
rtr
rtb
rod
rfid
retailer
resellers
research.engineering
res1
rencontre
religiousstudies
reisen
regina
redaktion
rector
receiver
rc-profiles
ray
ragnarok
radius1
racing
r4
qz
quzhou
queue
qingyuan
qingdao
qatar
psicologia
ps2
ps1
pruebas
proxy01
protection
pri
prewww
presidentialsearch
presentation
premiere
prehealth
postman
postfix
postdoc
pon
pnc
pm2
plone
plantbio
pinnacle
pine
piano
phobos
pharmacology
persona
perl
peoplesearch
penelope
pelican
pcc
pc1
pascal
parship
pam
ozone
owas
ovh
otomotif
oto
origin-sellercentral
origin.api
origin-api
ord
opros
operator
opac
ombuds
old-www
oldwebmail
oldblog
old2
oil
ohr
ofm
office2
od
ocr
obiwan
oauth2
oab
o5.email
o2.email
nyx
nst
ns16
ns15
npc
novo
notifier
nonprod
node3
nil
ngs
newsletter2
newscenter
news3
new-rc-profiles
newftp
new1
networking
ndt
navi
nas1
naruto
nanchang
n6
n4
myvpn
mysupport
myplan
mycard
mybenefits
myaccess
my1
mx2.mail
mx1.mail
mx00
mweb
mvs
m-uat
mtv
mta01
m.staging
m.stage
mshop
msh
msdn
msb
m.ru
mrp
mpay
mp1
mother
morton
mordor
moose
mon1
mobile-api
m.my
mlp
mitsubishi
mississippi
mirror1
minnesota
mind
millenium
mgw
mgs
m.fr
mfc
mex
metr
metal
mesg.sandbox
merchant.sandbox
merch
mena
mems
mel
medicina
mediawiki
mdr
mcnair
mcm
mce
mcafee
m.ca
maxwell
maxim
matlab
mathstat
masters
massmail
marion
mari
marge
maple
mama
mail.test
mail-out
mail.m
mailinglist
mailgate1
mail.engr
mail4.email
mail3.email
mail18
mai
magma
m10
m0
lyncwebconf
lyncsip
lyncedge
lupus
lulu
lst
lp1
look
loki
lodz
locate
lmc
liuxue
lists2
lip
linda
lifesciences
library.law
lewis
legolas
legion
ldaps
lca
lc2
lb02
larry
lac
labo
l3
kzn
krypton
kraken
know
klub
kiev
kentucky
kbs
kassa
k4
k3
jumbo
joomla
jinrong
jin
jet
jeff
jb
jason
jakarta
issue
isl
irt
ipsi
ipr
invoices
intro
intranet2
institute
inscription
innova
info1
infinity
img05
image5
imac
ilo
illiad.library
illiad.lib
igra
ignite
iee
ident
idb
ibp
ibis
hybrid1
huzhou
humanresources
hst
hsi
hsa
hostmaster.mail
hort
horse
hitech
heyuan
heroes
hefei
heb
healthcenter
hdfs
hcom
harris
hangzhou
handel
handan
hamster
hackathon
hab
h3
gus
guipitan
guia
gti
gsf
gsb
group-series
groupe
griffin
great
gre
granite
graham
gradstudies
gouwu
gogo
god
goat
gewinnspiele
gestion
gauss
gamecenter
fushun
fundinginstrument
ftp8
ftp7
ftp5
fsm
fsa
fr2
fpm
fourier
forumtest
fmc
finances
filer
fiesta
fhs
fes
fedex
fdm
fap
fammed
fair
fad
facebookapp
f4
extmail
extend
exit
exec
exclusive
exchtest
etna
estaticos
espana
esourcing
es1
erm
eris
eric
equity
epost
entreprises
entomology
endor
endeavor
encore
emo
eli
elektro
ekonomi
ego
edtech
edmonton
edition
ecms
dvr
dso
ds2
ds1
droid
draco
dpr
dp-gw-preprod
dp-gw-na
docviewer
docker
dns9
dns10
dl4
ditu
discussions
disabilitystudies
disability
dhcp1
dgs
devwww
dev8
descuentos
dep
dent
degreeworks
dec
deb
db03
daytona
date
data3
dap
cyclone
cwc
cups
cul
ctg
csb
crowdfunding
crmdev
crime
creativeservices
cph
cp2
coyote
corpmail
cor
copenhagen
conversations
continue
content3
consult
connected
comunicacion
como
comercial
collect
cola
cog
cobalt
cloud-api
click.mail
cli
classrooms
clarity
choice
chenzhou
chanye
channels
changsha
changde
ch3
cfo
cesu
cestovanie
cecs
cdn-js
cdn-css
cco
cbp
catalog-sc
cashback
cas-dev
carnival
carl
capture
campusrec
c2c
bulk
brandregistry
boxoffice
b.ns
bmb
bmail
blogs2
blogdev
bitbucket
bison
bird
bioe
bilbo
betty
bes
belgium
beep
bdd
bbs2
bazhong
basic
baoji
baoding
bangladesh
bands
baku
badger
bacula
b7
b5
axa
ax
avp
autodiscover.exchange
autodiscover.corp
auth1
aud
atv
asta
artifacts
arlington
arh
archaeology
april
appserver
app6
api-secure
api.m
aphrodite
apd
antares
a.ns.mail
ansci
animal
angola
andromeda
andrew
analog
a.mx.e
amigo
amadeus
alfred
alabama
aktion
aj
aic
agro
agri
aes
advocate
adserv
adrian
_admin
adm2
acm.cs
acer
acd
acceso
ac2
abi
abel
abakan
911
61
51
4g
33
28
27
26
16
13
12
111
110
104
zu
zombie
zoe
zigong
zibo
zhaoshang
zhangzhou
zf
zena
zanjan
zakupki
z3
yule
yn
yj
yiyang
yinchuan
ye
yandex
yamal
yakutsk
xp2
xiangtan
xavier
wwwww
wwwstage
wwwnew
www64
www05
ww7
wtest
write
wrc
wows
wol
wmt
wm2
wins
win8
wiki.cs
whatsup
wgs
wellington
wellbeing
websupport
webstat
websocket
webprint
weboffice
webmedia
webmail-old
webgate
webform
webfarm
webcache
webb
web21
web18
wealthmanagement
wcg
washingtondc
wapmail
wanglab
wahlen
wagbridge
v.shopee
vox
vos
voeux
vle
vlad
visitor
virtualtour
virgo
vienna
vibe
vh
vesta
vertigo
version
ventures
ventura
venice
vendornet
veda
vd
vcp
var
vacations
uv
usr
update2
update1
unitedway
unite
unesco
undergradresearch
unagi-eu
umbrella
ulearn
ulan-ude
uk2
uh
ugresearch
udb
uca
uat1
uac
uaa
twc
tux
turizm
turismo
tto
tsl
tron
tripadvisor
traveller
transparency
transit.google
trailer
trademarks
townhall
toulouse
total
tock
timeout
tice
tianyu
thunder
textile
testweb
test-sponsored
testnet
testlab
testdb
test19
test15
teaching
tbs
tan
tamil
tacoma
t8
szukaj
szczecin
symposium
sympa
sweet
svp
svi
suzuki
sunsite
sunset
suining
suihua
suggest-maps
subs.ebay
subaru
stream5
stream3
strasbourg
stg.www
stellenmarkt
static-origin
static.cdn
staging-api
stage-www
stage.login
stage.cms
stadium
stable
st4
sso-test
ssg
srv7
srv6
srv03
srl
sp-test
sps.ebay
sportdaten
sponsored
_spf4
spectator
spamfilter
spacewalk
sova
somniture
solomon
solarwinds
soils
soci
soar
snail
smtp-gw
smtp13
smtp10
sms2
sms1
smarthost
slot
slavic
skoda
skin
skb
sitesuggest
sit1
sii
signage
shopee
ship
shibidp
sharedservices
shaoxing
shantou
servis
servicestatus
serviceportal
server7
server6
sellvrfn.ebay
sellerupdate
seller-central-pilot
seguros
seek
secure.www
securetest
secure.staging
secure-stag
securepay
secure.beta
secureaccess
secmail
sdx
screenshot
scratch
scps
sciences
sbl
sauth
sari
sapphire
sandbox2
sandbox1
s91
s89
s85
s84
s80
s79
s65
s141
s140
s137
s127
s123
s115
s114
s112
s110
s06
rwd
run
rubicon
ru1
rrd
rpad
row
roku
rit
ricerca
rheumatology
reverse
researchcompliance
renault
releases
relay5
rehab
referral
reef
redbull
recrute
ready
rdns2
rcm
ranger
ramadan
qw
quan
qa.www
qa-profiles
qam
qa.developer
qa-cdn-js
qa-cdn-image
qa-cdn-css
qa-backissues
qa-api
qa00
q3
pylon
pvc
pumpkin
pt-br
ps4
proxy.lib
proxy.ebay
providence
proteomics
prospero
pros
proposals
proofing
prodfix-backissues
privatebanking
prisma
primenow
prima
preview1
prev
prestable
present
prem
poster
postdocs
portugues
porsche
pop3s
polsci
polo
polling
pmg
pmb
pm1
platforms
placement
pkg
pippin
pink
pif
picasaweb
photos3
phabricator
pgc
pf1
pesquisa
perso
perform
peoplesoft
peds
pdns
pdd
pda.tv
pbl
pbk
paygate
pathways
patent
pastebin
pass-rc
partnerapi
parser
pano
pandas
oxygen
outmail
outlookanywhere
outils
otto
otter
osr
oslo
osa
orthopaedics
orl
origin-www2
origin-secure
origin-my
origin-live
origin-img
orcid
opole
ophthalmology
opc
onyx
onlineservices
onlinemba
onestop
oncore
oncampus
omt
oldsite
oic
oi
ohs
ogs
oficina
office1
off
oed
odp
ocm
och
occ
observium
oberon
oakland
o3.email
ntc
ns17
ns06
ns05
nrotc
novgorod
nospam
nobel
noah
ningbo
nieuwsbrief
nie
nfs1
newwww
new-sponsored
new-qa-profiles
new-profiles
newforum
new-dev-profiles
new-dev
net1
ndc
nats
nation
nancy
nanchong
nam
nagios2
na1
mysharepoint
myprofile
myid
myhome
myhealth
myemail
mydesktop
mydesk
mybusiness
mxd2
mx21
mvp
mustang
mtg
mtb
mta.em
m.shopping
m.secure
mrsec
m-qa
mprod
mpr
mp4
mouse
monit
moncompte
mods
modem
m.money
m.maps
mm2
mm1
mivsp
mii
metrix
messagerie
mercedes
mediaspace
mediacdn
medgen
m.ebay
mea
mdp
mdmtest
m.de
mcu
mcdb
mbp
maths
mastercard
master2
mason
maritime
mar
mapserver
mapps
m.api
maoming
mambo
malta
mall.staging.shopee
mall.shopee
mall.live.shopee
mali
mail.staff
mailsrv
mail.office
mail.o365
maillist
mailgw2
mailgate3
mailfilter
mail.ece
mail.dev
mail.blog
mail33
mail32
mail31
mail07
magnolia
magnitogorsk
mad
machinelearning
ma1
lyncrp
lw
luzhou
luxury
luohe
luke
lublin
lpm
loto
lost
login-test
login-qa
llc
liveticker
livescore
liszt
lists.cs
listes
linxia
lille
lifeline
libwiki
liaoyang
liaocheng
lh
lgc
lettres
lena
legend
lee
lecture
learningcenter
lax
lasa
laptop
lanzhou
lancaster
labrador
lab1
kx
kvm
kundenservice
kuali
ksp
ksm
krs
knox
kin
kielce
kgvrfn.ebay
kevin
kermanshah
kerman
kepler
kenny
kelly
kaspersky
kas
kar
kan
k12
k1
jura
jumia
jsb
js1
jobstreet
jira.it
jinzhou
jimmy
jiangsu
jiangmen
jcc
jarvis
jacob
j2
j1
ivy
itsec
itcs
ismtp
iro
ipp
ipb
ipay
iop
ion
investments
investing
intranet.library
intranet1
interior
institutional
insiders
inb
imtest
imr
imgcdn
img08
imf
ilvrfn.ebay
ill
igor
ifolder
ida
iconnect
hybrid3
hum
hub.shop
huangshan
huaibei
http
hrb
hp2
host9
host4
hms
hmp
hkg
hj
hiring
heron
healthpromotion
hazing
hartford
harry
hall
halifax
haiti
haerbin
h2o
gutenberg
gsk
gsi
gs2
greek
grafana
gq
goose
google.com
good
golestan
godzilla
gizmo
gis2
gil
ges
georgetown
gdsns2
gdsns1
gcdn
gaz
gastro
gaokao
ganzhou
gameday
g4
fys
fuzhuang
fuyang
futures
fukushima
fuel
ftp.cs
ftp6
fruit
front2
freight
frank
fps
foundations
foshan
fortuna
formula
foreign
f.ns.mail
fmail
fls-eu
flc
finger
filemanager
fido
fiber
fiat
fh
fgc
feedback2
fedsso
fbia
fate
fat
fastly
fao
fanyi
fans
familymedicine
exo
ex1
ex02
eweb
ewb
evergreen
eur
estudiantes
essen
eset
ereserves.library
eresearch
epub
eprocurement
entrepreneurs
enterpriseenrollment.mdm
e.ns.mail
enquetes
energia
enc
eme
email3
elsa
elf
elephant
electronica
elan
eid
eft
eeyore
eem
eel
eedition
edoc
edge01
edb
economie
echanges
ebanking
eba
eao
eam
e5
e2e
dwp
duma
drs
dpi
dotnet
dop
dongying
donald
doit
dogs
dod
documentacion
dmv
dlp
dispute-resolution
discounts
discount
disc
digitallearning
dieta
diehard
diana
diagnostics
dhcp2
dezhou
deyang
dexter
dev-profiles
devnull
dev.my
devforum
developer-dev
devel2
dev-cdn-js
dev-cdn-image
dev-cdn-css
dev-backissues
dev18
dev14
destiny
descargas
desarrollo
derecho
deliver
dcm
dcl
day
daa
da1
d2l
d12
cypher
cva
cuda
crypto
crsc
crr
creditcards
creditcard
creativewriting
cpan
courriel
correio
core2
core1
copilot
convention
contenidos
connectme
confucius
concursos
comunidades
compute
coco
cmsweb
cms.news
cmm
cmdev-backissues
cloudapps
cloud2
clone
clio
clientes
client1
clery
clck
citadel
cig
chuzhou
chuxiong
chronicle
choose
chn
chm
chips
chimera
chifeng
chhs
cher
chengde
chelsea
cheetah
changzhi
challenger
ch4
centos
cen
ceb
cdn-image
cda
cctv
ccts
ccl
castest
cas1
cart.payments
canary
campusstore
campusservices
camping
cameras
calypso
cactus
buyvrfn.ebay
businessfinder
businesscenter
busfin
bursa
bundles
building
buildbot
budapest
bschool
brutus
bruno
bronx
brisbane
brandcenter
br1
bpo
bpi
boost
bomgar.its
bolivia
boletin
boerse
bns
b.mx.e
blogue
blitz
blink
bizpolicy.ebay
bizhi
bits
bitcoin
bioengineering
biodiversity
billing.ebay
bialystok
bhsc
bewerbung
betatest
beta.m
beta-dev
benxi
bengbu
belize
bdsm
bdc
battlestar-galactica
basis
bars
bar-navig
bali
backissues
b8
azmoon
awseg
awmdm
avasin
autodiscover.adtest
augusta
attendance
astore
assurance
association
assetlibrary
artsandsciences
artistcentral
armyrotc
arctic
arabia
appmetrica
app-community
appcenter
api-qa
apim
api4
apache
anyconnect
anuncios
anton
anshun
anshan
a.ns
anqing
anket
anatomy
ampmetrics
aml
amarillo
alm
alien
albany
alan
airport
agate
africana
aep
aegis
acms
acceptance
academicaffairs
abyss
abbonamenti
aac
80
70
66
65
59
53
42
3w
31
30
23
222
22
21
2007
18
17
150
zoidberg
zhuhai
zhoukou
zhongshan
zhanjiang
zhangjiajie
zenith
zaphod
zaozhuang
z2
yunfu
yongzhou
yili
yi
yeni
yasouj
yangzhou
yanan
yaca
yabs
xyx
xms
xmlsearch
xmlrpc
xk
xinyang
xinxiang
xiaoxue
xiaogan
xianning
xiangxi
xhtml
xe
xchange
wwwx
www-stg
www-admin
www32
www2.math
www07
wuxia
wuxi
wsj
wsi
writer
wptest
wpb
workspaces
wordstat
wombat
win1
willow
wiki.it
wikidev
whs
whale
wenshan
weiterbildung
weinan
wed
webview
webteam
websvn
websitebuilder
webservices.amazon
webmail.hosting
web.law
webdev2
web-dev
webcon1
webcms
webclient
webcdn
webcalendar
webapps2
webalizer
web19
wealth
wdgt
wcp
wcms
wbt
wbdds
waves
watcher
wasc
warp
wapa
walker
wahl
vs01
vpsa
vpntest
vpnssl
vpnc
voodoo
vod1
vmscanus
vital
visitscotland
visitlondon
virtuallab
virology
vip.mercadolibre
vintage
videos.mercadolibre
video.mercadolibre
videojuegos.mercadolibre
vfglogin
versicherungen
verdi
ventas
venere
vendorcentral.amazon
vender.mercadolibre
vehiculos.mercadolibre
veeam
vcc
vap
vans
vanilla
validator
validate
v12
uwa
utc
us-west-2
usedcars
us-east-1
usda
us.api
usage
upg
unreal
umi
uits
ugs
ugra
ued
ucr
uat4
uap
uag
twww
tvprogram
tutorial
tune
tuna
trials
treasurer
trauer
training1
trackit
tr1
tp2
town
toutiao
tos
tongling
tongliao
tolyatti
toloka
together
toefl
todo
tobaccofree
toad
tmg
tk20
tims
timetable
timesheets
timekeeper
tiles
tigger
tienda.mercadolibre
tibbr
tianqi
thumbs2
thesaurus
thehub
testvpn
test.vfglogin
teststore
test.my
test.it
testing2
testdns
testcenter
test-api
test20
terry
terminator
teo
tendencias.mercadolibre
temai
teleworker
telefon
tekno
techcenter
tdb
tcg
tcdn
taste
tales
tal
taksi
taian
tagesgeld
tabriz
sysmon
symantec
syktyvkar
swiss
swebanalytics
svn.cs
suscripciones
summerschool
suizhou
suggest-music
suggest-blogs
subject
studentunion
studentmedia
studentemployment
studentcenter
student1
stud
stt
street
stream4
stream01
strategy
stg-api
stg1
stf
stealth
stat-ssl
stat1
stamp
staging.m
staging.api
stage-api
staffcouncil
ssr
ssodev
srv4
srv11
srv10
srv04
srb
sr2
squirrel
sp-money
spf5
spell
speedtest3
specialevents
spartan
spapps
sophia
songyuan
sok
socrates
socks
social.mercadolibre
sni
smx
smtp.mail
smtpin
smtp15
smtp06
smsgateway
smol
smo
smf
smetric
smartphone
smartgrid
sluzby
slp
sll
slis
slides
skills-store.amazon
sjc1
sitesearch-suggest
sitemanager
sip.ext
simulation
simba
sil
signout
siga
shiyan
sherlock
shaoyang
shanwei
sh2
sfg
seu
servicos
servicios.mercadolibre
services-dev
services.amazon
servicenow
servicemanager
servicelearning
server8
server37
server01
serv
sellercentral.amazon
segments
sede
securestore
secure.stage
securefamily
secureemail
securedrop
second
sec-i0
search.lib
search-desc
sea1
sdu.amazon
sdi
scom
scienceandsociety
scf
scenarios
sauron
sass
santiago
samson
sakha
sait
sag
sable
saa
sa2
s82
s81
s77
s67
s60
s3ns3
s211
s210
s209
s206
s205
s204
s200
s138
s136
s133
s122
s121
s120
s118
s116
s113
s109
s03
rum
rso
rse
rsc
rrhh
rproxy
rpr
rpg
routing
root.ns
roll
rogers
roger
robots
roadrunner
rmm
rlc
rk
rizhao
ringo
ric
rhs
rgs
reviews.mercadolibre
responsive
res.m
resizer
resim
reprints
reports2
rent
ren
remoteapps
remont
remix
relief
relay03
regulations
registration.mercadolibre
regis
reg2
refunds
referrals
referafriend
redash
recharge
read.amazon
rdv
rda
rc1
ramses
rams
radom
radio2
radiationoncology
racktables
qujing
quicken
quick
questions.mercadolibre
quasar
qom
qna
qn
qms
qiye
qingyang
qed
qa-www
qa-shop
qa-cdn-img
qac
qa6
pvp
puzzle
pulmonary
publicidad.mercadolibre
psl
psb
prp
proxy5
proxy02
providers
proveedores
proofpoint
programm
profiles-int
professor
produkte
productos.mercadolibre
procyon
pricing
prg
prf
preview.m
prevention
preprod.vfglogin
preprod.securenet
preprod.securefamily
preprod.protect
preprod2
prepare
premiumservices
premed
pre.m
preisvergleich
pre.hsp
predictor
praxis
postal
portfolios
port
pops
pop2
pony
poly
poli
plt
pliki
plantops
pj
pioneer
pigeon
pig
picasaweb.google
picard
piao
photogallery
photo1
phi
pha
personalfinance
persephone
perftest
performingarts
perfil.mercadolibre
pda-passport-rc
pda-passport
pcms
pc3
pc2
pbi
payments2
passport-rc-ckicheck
passport-rc
passport2
passbook
partnerweb
partnersupport
partner2
paraguay
papi
panzhihua
palladium
pagamenti
oyun
owa1
overseas
outsourcing
outgoing
oud
osl
osher
osfa
oris
orion2
origin-www.amazon
origin-static
origins
origin-mobile
oria
orgs
ore
orders.amazon
orderm
orb
opportunity
opinion.mercadolibre
openlearning
onlineshop
onas
omb
olsztyn
olo2olo
oliver
olga
oldwww
oia
ogloszenia
offsite
ofertas.mercadolibre
ofa
odn
obi
oauth-rc
oar
o4.email
nurse
nurs
ntt
ntp4
nsw
nso
ns.emails
ns.c
ns41
ns1a
novel
notifiche
nostromo
nord
node4
node01
nnov
niu
nit
ningde
nigeria
nid
ngp
ngo
nfsen
nextcatalog
newtest
newsl
newserver
news-clck
newhampshire
netreg
netcom
_netblocks2
netapp
nestor
nephrology
nemesis
neim-tub
nees
navidad.mercadolibre
natsci
nanzhuang
nanoscience
nanofab
nanning
nameserver
names
na2
mystudyabroad
my.staging
mysql1
myshare
myphoto
myphone
mypc
mypassword
mydevice
myapps.mercadolibre
myapp
myaccount.mercadolibre
mx14
multicultural
mtp
m.taxi
m-staging
msit
msh-tablet.amazon
msdnaa
mscanus
ms4
mrs3
m.pt
mpos
mph
mp4.mercadolibre
mp3.mercadolibre
mp2
movie1
moveit
motos.mercadolibre
moto.mercadolibre
mortgages
moodle-dev
monkey
mon2
moi
mobileprint
mobileobits
mobilebanking
mml
m.mercadolibre
mme
mlb
mizar
mitel5000
milton
milsci
miller
milk
middleware
microstrategy
michael
mianyang
mgr
mfp
mff
merchants
mentalhealth
memorial
members2
meishi
meirong
mei
meet.ad
mediaexchange
media6
meb
m.disk
md2
mc4
m.businessfinder
mbi
mayo
mature
mattermost
masterplan
mass
marktplatz
marketplace.mercadolibre
m.app
manuals
manhua
mammoth
mall.staging
malayalam
majors
mailx
mailserv
mailold
mailmx
mail.mercadolibre
mail.lib
mailgateway
mail.cse
mail.chem
mail.alumni
mail36
mail34
mail-1df
mail-1d
mail-1cf
mail-1c
mail-1bf
mail-1b
mail-1af
mail-1a
mail19
mail-1
mail06
mail05
mail-02
mail-01.o365
mach
macc
m01
lyncwc
lyncmeet
lvliang
lviv
ltm
longyan
longnan
lon
loisirs
logserver
login-dev
localization
livesupport
livedata
liveblog
literature
listado.mercadolibre
lista
linfen
lincang
lims
liga
lifelonglearning
lifeinsurance
licai
lic
libweb
library2
libcat
liaoyuan
l.google.com
leopard
leon
lemur
led
ldap02
lcc
lbtest
lawschool
larc
kyc
kupon
kunming
kunde
krsk
kobe
knihy
kis
kirk
kiosque
kinsey
kindlestore-sha-proxy.amazon
kindle-store-proxy-endpoint.amazon
kim
kiks
kep-eu.amazon
kep.amazon
ken
keck
kcc
katowice
karti
karta
karate
karaoke
kaoyan
kairos
kace
jx3
justin
just
ju
jst
js3
joshua
jokes
jms
jmc
jixi
jiuquan
jira.corp
jingmen
jim
jiaxing
jiaozuo
jiaoyu
jiangyin
jiancai
jian
jia
jaws
jan
jamaica
iweb
itt
itservicedesk
iti
itec
ismart
islands
isearch
ipod.mercadolibre
ipd
ioa
invitations
investigacion
intouch
internetometer
internetmetr
internationalstudies
integra
integ
int1
instagram
inotes
inno
inner
inmuebles.mercadolibre
infosys
infoed
industrial
indeed
inclusion
inauguration
imperia
img22
img06
image.mail
image01
ilp
ilabs
iihr
iic
ih
igm
ifas
idefix
icons
icn
icms
icg
ices
iceman
icat
ibook
ibi
i20
i13
humanrights
huhehaote
hudba
hubei
huangshi
huanggang
huaihua
huaian
hsbc
hrapps
hostmaster.ns
hostmaster.newsletter
hosting1
host3
host14
honolulu
honey
honduras
home.mercadolibre
homeinsurance
hom
hobbes
hml
hli
hk1
hiroshima
hillel
highschoolsports
hertz
herbarium
herald
hep.physics
help.olx
hec
hebi
hds
hbs
havana
hanzhong
hamedan
haber
gws
gw3
guitar
guia.mercadolibre
guard
gsp
gslogin
gsas
groupware
grouper
greeklife
gravity
grammar
graduateschool
gpsc
govrel
government
governance
gossip
goodies
gonzo
goabroad
gns1
gmat
glossary
glassdoor
giveaway
gist
giochi
getinvolved
geodata
generalcounsel
geek
ged
gateway2
gate2
garnet
garfield
ganymede
gamedev
game1
gama
galerie
galeri
gala
g00.www
fye
fuse
funds
fsl
fsi
fs5
frost
front1
frit
freelance
fred
fournisseurs
foundry
fotoalbum
foro.mercadolibre
formosa
foreclosures
foodsci
fond
fod
fmd
flug
fls
flora
flirt
flexplm
fk
firebird
fiona
finanzas
fim
filelocker
ferrari
fellowships
felix
feedback.mercadolibre
fcm
fars
fargo
faraday
fanshop
fai
facultysenate
facultyclub
facturacion.mercadolibre
extweb
extapps
exhibits.library
exchangedelegation
excellence
excel
evo
events.law
event2
euw
eup
ethiopia
etd
esx2
esx1
estate
espn
espm
espaceclient
es-m
esg
escolar
eprint
eoffice
enrollment
endocrinology
encyklopedia
encoder
emt
empresa
employers
emis
email10
ema
elms
elm
elle
elibrary
electronica.mercadolibre
elec
elb
elab
ek
ehealth
egr
egc
educate
educacion
educa
editors
editor.disk
edinburgh
edge2
edge1
ecn
eclass
ecb
e4
dus
durham
dspam
dsh
dsg
drupal7
drugdiscovery
drs-web-gamma
dpm
dp-gw-preprod.amazon
dp-gw-na.amazon
downloader.disk
dovolenky
dovolenka
dots
doska
dongguan
domssl.mercadolibre
dol
dokuwiki
dodo
dod.mercadolibre
document
d.ns.mail
dns2.mercadolibre
dns11
dme
dlib
divinity
diva
dit
distributors
discourse
directory.alumni
directorio
diqing
diplom
ding
digitalstore
digital.lib
digitalhumanities
digitalcommons
digitalaccess
dialup
dialogue
dia
dhr
dhl
dfm
dex
devwiki
devweb
dev.secure
dev.research
devmail
developer-test
developers.mercadolibre
dev-cdn-img
devbio
dev19
dev17
dev0
derm
depts
deportes.mercadolibre
depo
denmark
demosite
demo6
demo5
demo01
de-mail
dejavu.mercadolibre
degreeaudit
dedicated
de2
de1
ddi
ddee.amazon
ddc
dazhou
dave
data.mercadolibre
dars
dark
daniel
dandong
cyclops
cyc
cwt
cvc
ctrl
ctr
cto
csu
csit
csh
csgo
crux
crunch
cruises
crimea
cree
cre
cpu
cpi
cpapi
courseware
counters
counsel
council
cosplay
cosmology
cortex
correoweb
cord
copy
contributors
continuum
continuinged
contacto
cont
consultants
conferenceservices
concur
concourse
concert
computerstore
computacion.mercadolibre
compte
competition
compbio
coleccionables.mercadolibre
colab
col
cogsci
cobrand
cobra
coastal
c.ns.mail
cnee
c.mx.email
cmsws
cmsreports
clp
cloudflare-resolve-to
clinic
clientsmtp
clickstream
classificados
clara
ckp
citrix2
cisco-lwapp-controller
ciptest
cias
chevrolet
chembio
chat.olx
chat.mercadolibre
chatbot
chata
chaoshi
cgc
cfis
cf2
centre
ce.engr
cee.engr
ceas
cdn-static
cde-ta-g7g-preprod.amazon
cde-ta-g7g.amazon
ccpd
ccnet
ccis
ccg
cbg
cbb
catalogs
catalogo.mercadolibre
cassini
casarray
casa.mercadolibre
carte
cardservices
carddav
capella
campusmaps
camps
cameron
callpilot
calidad
calendars
calendario
calcio
cake
cadastro
caa
c3po
bydgoszcz
bws
buyingflow.mercadolibre
butterfly
business-services
businessportal
businessintelligence
bulten
bubbles
bst
bsp
bs-meta
bruce
brokers
broadway
brian
brandregistry.amazon
br2
bq
bpa
bozhou
bourse
bookmark
bolsa
bol
b.ns.c
blog.library
blogi
blast
blackfriday
blackbird
birds
biologia
biocomp
binzhou
bible
bhl
bgs
bfsa
bengali
bem
belarus
beer
becas
bck
bbe
bazaar
baufinanzierung
bas.o365
basketball
baseline
barracuda2
baoxian
baotou
bao
bams
baker
baise
baicheng
bacon
backupmail
backup3
b6
b2bshop
ayuda.mercadolibre
awmag
awaps
ave
autoparts
automarkt
autodiscover.law
autodiscover.email
autodiscover.cs
autodiscover.business
autism
authorization
authoring
auth.mercadolibre
authentication
auriga
audi
atrium
atlassian
atlantic
athome
atg
atest
asv
astrahan
assurances
assignments
assets.www
assembly
aspmx.l.google.com
asheville
asf
as2test
arwen
aruba
articulo.mercadolibre
aro
arkansas
argileto.amazon
are
aquila
apr
apps.research
apps.mercadolibre
apps.law
apps.community
appmetrika
applications.mercadolibre
appdynamics
app-api
apo
apiv2
api-stg
api.stage
api-stage
api.search
api.prod
api-preprod
api-metrika
api-metrica
api-audience
api.amazon
apec
ap3
anyang
announcements
ankara
ani
anesthesiology
anesthesia
anesth
analytics.mercadolibre
anakin
a.mx
amt
alum
alpha2
allianz
allegro
alive
alf
alexander
alexa.amazon
alba
aladdin
aktuell
aktionen
akira
akiba
aist
aikido
aiche
ahs
agsci
agreements
agp
agecon
affiliation
afd
afc
aerospace
aee
advq
advertising.mercadolibre
advertiser
adult
adns2
adns1
admit
admision
admintest
acw
acct
account.kep.amazon
accountant
accept
acadia
absolute
aboutus
aaron
aag
a5
91
90
81
75
60
57
40
35
34
200
19
1111
01
zulu
zodiac
zmd
zl
zjazdovky
zjazdovka
zixun
zielonagora
zhongkao
zhenjiang
zhaotong
zhaoqing
zeus.physics
zdstatic
zdrav
zajazdy
yw
yuxi
yukon
yk
yixing
yiwu
yingyu
yichang
yh
yeti
yao
yantai
yanbian
yamato
xy2
xuchang
xuancheng
xsp
xo
xnet
xn
xml.mercadolibre
xmlfeed
xinzhou
xinli
xi
xfactor
xerox
xeon
xena
x.dromedar
xd
xboxone
xb
x6
wwwtst
wwwt
www-qa2
wwwqa
wwwpre
www-lb
www-int
www-cache
www-b
www61
www-5
www33
www-3
www22.amazon
www1.cs
www180
www14.amazon
wwe
wv
wuzhong
wuwei
wujin
wuhai
wu
ws.sandbox
wsgc
ws.eu
wse
wsdev
ws.app
wps
wpdev
wp1
wot
worldwide
workwithus
workswith
worklife
workbench
woody
womensstudies
wns1
wnf
wn
wlmq
wlcb
wires
wineclub
windowsupdate
windchill
wildcat
wild
wie
widgets.community
wholesale-dress
whatsnew
weeklyad
wechat
websso
websecurity
web-secure
web.math
webmail-test
webm
webinfo
webim
webgis
webeoc
webdocs
webdoc
webdesk
webdata
web.cs
webconf2
webconf02
webcms.alpha
webcheckout
webassets
webadvisor
web25
web22
wdevx
wdc
wco
wcf
wcb
wayf
watershed
waterinstitute
warrior
warranty
wam
waf
vw
vrc
vps1
vpn.cs
vpnaccess
vplayer
vorteile
volkswagen
voip3
voip2
vnc
vlg
vivaldi
visitors
virtual2
virtual1
vino
vincent
view.emails
videojuegos
videoassets
victory
victor
vesti
verobeach.disney
verified
verification
vendorconnect
velo
vehiculo.mercadolibre
vec
vdr
vdm
vdl
vdesktop
vcloud
vc2
vasco
vapps
vanity
valhalla
userm
