www
mail
m
api
blog
static
ftp
autodiscover
openvpn
dev
mobile
cdn
webmail
support
test
email
ns1
ns2
news
beta
sip
lyncdiscover
secure
video
admin
smtp
media
search
images
img
help
shop
staging
login
www2
my
vpn
localhost
forum
app
jobs
store
ns3
go
apps
hostmaster
info
wap
services
ads
it
live
community
google
e
es
cms
pop
s
msoid
developer
blogs
chat
download
wiki
calendar
mail2
www1
i
assets
careers
stage
docs
de
qa
imap
data
status
content
tv
connect
cs
fr
origin-www
stats
mx
events
ns
www3
forums
new
web
image
auth
business
survey
id
portal
ns4
link
partners
jira
t
service
ad
metrics
newsletter
meet
cloud
upload
preview
files
social
sso
analytics
origin
maps
feeds
travel
partner
ru
rss
videos
us
research
labs
pay
games
music
mail1
smetrics
pt
hr
en
nl
cn
demo
c
account
a
sites
accounts
dialin
uk
ssl
owa
home
tools
online
jp
corp
sms
developers
ca
v
tr
feedback
lists
ww
edu
crm
bbs
old
finance
dl
ws
stat
pda
library
engineering
archive
access
tech
w
photo
share
marketing
map
mx1
health
in
groups
global
game
design
www4
sport
auto
security
intranet
git
mx2
local
pl
education
webdisk
sandbox
iphone
br
push
sports
press
redirect
ar
mdm
reviews
promo
legacy
server
english
d
cpanel
training
math
book
svn
proxy
vip
sftp
pop3
mail3
translate
open
directory
cdn2
cc
av
amp
sts
s1
dashboard
g
prod
payment
ci
ir
sp
passport
img2
about
tracking
exchange
dns
jenkins
corporate
books
r
p
extranet
office
monitor
event
static2
downloads
www5
sa
ftp2
li
b
ns5
law
im
direct
reports
kr
helpdesk
alumni
remote
photos
adfs
stream
shopping
sg
payments
confluence
b2b
dns2
cdn1
brand
widgets
js
dns1
alpha
net
me
s3
preprod
aws
wwww
start
maintenance
m2
international
radio
img1
click
fs
th
css
club
tw
stg
sc
gateway
whm
_spf
enterprise
webconf
ugc
surveys
learn
se
register
cache
au
track
s2
physics
get
catalog
uat
st
art
links
pro
eu
cas
answers
play
tickets
relay
outlook
lib
history
geo
em
code
static1
smtp2
fi
fb
db
web1
vpn2
update
test2
sales
facebook
ee
ms
members
mailer
log
int
wireless
mobil
mm
lb
chem
at
api2
root
people
housing
dev2
learning
hotels
digital
smtp1
pages
cp
affiliates
widget
offers
horizon
cse
webservices
vote
investor
bi
as
member
job
desktop
checkout
autoconfig
testing
spf
resources
print
newsletters
innovation
hub
backup
weather
uc
u
ro
profile
marketplace
ldap
join
ie
affiliate
user
subscribe
software
lab
feed
advertising
web2
up
cm
sustainability
pic
mobilemail
life
faq
privacy
mi
magazine
img3
deals
career
campaign
ask
alerts
signup
no
mt
l
flights
android
storage
player
landing
hk
forms
work
ts
toolbar
mc
drive
atlas
admissions
market
hu
file
ch
cdn3
plus
gitlab
apply
transfer
kb
idp
edge
contact
campus
biz
wifi
sm
reporting
registrar
postmaster
zh
be
sharepoint
securemail
rs
internal
ext
www6
socialize
parking
inside
cz
campaigns
tracker
so
sentry
quiz
noc
m1
list
ece
da
test1
sv
projects
money
med
epaper
academy
one
nagios
emergency
ec
dk
co
ce
box
nursing
ntp
ipad
elearning
citrix
ua
ops
mx3
mail4
investors
i2
hosting
x
www-test
view
static3
sslvpn
pr
is
identity
giving
china
wp
report
oauth
kids
irc
dm
conference
buy
arts
redmine
newsroom
n
gw
cars
adv
zabbix
ww2
trends
sd
logs
lms
eng
discover
ap
vod
tableau
science
origin-m
ns6
next
multimedia
f
dc
chemistry
cf
welcome
vc
top
speedtest
premium
pp
myaccount
mp
its
food
energy
com
site
rt
res
reg
engage
podcast
lyncdiscoverinternal
billing
vpn1
realestate
promotions
gmail
xml
team
stories
staff
space
sk
repo
post
ph
nz
mirror
mall
gr
emails
ams
streaming
pub
ps
president
notebook
listserv
explore
dns3
cl
biology
bg
bb
ae
www7
time
soc
msg
mag
lync
lt
hd
ftp1
elections
earth
dr
web3
smart
sl
on
mms
free
diversity
dev1
contest
webmaster
star
si
qa2
movie
master
la
integration
film
comm
cis
astro
media2
ma
ja
gis
espanol
ems
try
order
monitoring
mobi
manage
ip
i1
green
cdn4
audio
ac
z
www9
union
touch
ticket
studio
signin
psychology
police
phoenix
pc
oa
mob
mba
gallery
asia
v2
tc
philosophy
password
pa
images2
ideas
fashion
facilities
www8
webapps
sync
rewards
review
refer
rc
pre
o
lp
i3
hybrid
ent
voice
s4
rms
psych
mailing
love
foto
entertainment
doc
creative
company
cgi
bo
wx
world
webproxy
watch
sps
registration
platform
jabber
host
graphite
dnsadmin
cd
usa
sis
q
ml
lv
ko
internet
fonts
cinema
za
students
stores
solutions
pm
om
mb
hi
delivery
customer
courses
adwords
adm
3g
www-origin
tms
summer
ss
servicedesk
hotel
econ
client
cert
canvas
apis
am
wwwtest
tj
sec
hermes
gs
europe
embed
domains
ct
vdi
translate.google
sf
pe
mg
flash
fa
editor
eas
down
dms
cart
card
bugs
books.google
ba
anthropology
xmpp
subscription
student
sociology
sh
pki
notify
news.google
network
mercury
ios
images.google
il
hpc
fm
fax
et
edit
cse.google
arch
ai
adwords.google
acs
vision
updates
tour
toolbar.google
spf1
special
ra
privacy.google
pics
now
m.google
india
id.google
h
groups.google
enterprise.google
directory.google
desktop.google
core
chrome
archive.google
api-dev
work.google
w.google
tt
trends.google
safety
products
pdf
notebook.google
media1
mail5
iris
insight
impact
gsuite.google
grad
google.google
ga
flights.google
edm
bd
apps.google
ag
act
ww.google
webmail2
tm
project
pack
message
maps.google
golf
el
ea
dining
dev3
che
build
bookstore
book.google
bio
akamai
accounts.google
vn
ux
users
test-www
supplier
studyabroad
sr
server1
public
parents
mx4
manager
legal
itunes
insurance
img4
image.google
gsuite
gate
foundation
communications
captcha
backend
win
vi
style
studentaffairs
socialmedia
smtp3
s5
product
print.google
poll
podcasts
pharmacy
offer
ns0
meeting
medicine
mapi
mailhost
intra
family
development
csr
ccs
az
archives
agent
www-dev
vr
registry
profiles
ng
mtest
msn
movies
japan
ipv6
hq
guide
gg
bot
alert
1
www10
success
stage2
search2
school
panel
origin-images
mk
local.google
images1
ftp3
fantasy
election
economics
ds
crl
cr
arc
af
abc
wellness
tp
test3
technology
staging2
seller
pass
nb
mediakit
md
map.google
landing.google
get.google
edu.google
csc
control
classifieds
classic
car
campaigns.google
cal
ace
yahoo
women
wm
water
visit
sw
svc
selfservice
secure2
red
recruit
ns01
iss
gift
fun
football
find
experts
donate
delta
cat
care
tablet
sy
sb
rec
provost
procurement
orders
mon
mobile.google
mini
mac
leadership
hs
external
extension
experience
ess
dev-www
comment
cio
ccc
budget
bt
bs
bj
auction
air
activate
wow
vendor
ur
tag
syndication
static4
ssp
sitemap
sas
puppet
pulse
production
pg
opensource
munin
merchant
mars
mail01
m3
keys
index
idm
honors
group
extra
csp
cps
conferences
communication
canada
bus
backoffice
athletics
web4
twitter
trust
subscriptions
statistics
spf2
sorry
redir
publish
pk
piwik
phone
ocs
nexus
nano
mse
intl
ice
give
g00
f1
er
correo
contacts
comments
c2
board
beta2
autos
verify
ta
source
soft
sms.google
seo
promotion
presse
office365
ns7
mysite
io
faculty
esp
ep
dns4
db2
dance
daily
console
compass
channel
cds
cams
boutique
athena
apollo
api1
zeus
www11
trade
scs
scholar
mx5
messenger
livechat
km
kiosk
i4
healthcare
he
h5
gov
geography
gd
ecs
dps
devel
dev4
commerce
college
ces
c1
booking
avatar
articles
www14
wc
veterans
uploads
tax
talk
ssc
sos
sdc
robotics
qa1
polls
poker
ping
pi
ntp1
ns.e
mysql
mobileapp
mis
metro
lifestyle
img5
ic
fc
environment
enews
dropbox
deploy
cards
benefits
bc
banner
app2
advertise
aa
www12
video.google
vault
v1
university
tool
t2
specials
results
reader
portfolio
pack.google
orion
notification
lyncweb
iam
ews
ehs
drupal
classics
city
cb
bme
banners
app1
apitest
webapp
web5
w3
volunteer
vm
tl
stock
ssltest
spa
samsung
response
repository
realtime
outreach
ny
na
mv
mta1
mail6
ls
lb2
j
interactive
ics
ht
hotels.google
hc
gsa
gl
features
entrepreneurship
enterpriseenrollment
ecommerce
db1
culture
create
coe
assessment
arabic
a1
va
tn
sz
stars
src
show
sam
s7
retail
read
rd
policies
payroll
mp3
meteo
main
lg
lc
imgs
house
gz
fp
express
earth.google
dam
cv
customerservice
cts
conf
chef
cee
cacti
boards
bioinformatics
beauty
beacon
api-test
adserver
worldcup
ucenter
transportation
theatre
splunk
safe
rest
resnet
planet
nc
mail02
linux
k
insider
hn
hello
gp
export
engr
email2
dynamic
download2
cq
common
chinese
cancer
awards
ais
ww1
ve
v3
trac
tg
subs
srv
spb
spark
qr
qc
policy
pma
pilot
ntp2
moodle
licensing
license
ks
ims
gslb
github
gc
fw
fms
financialaid
eps
dp
documents
discovery
counter
cam
blackboard
baby
auctions
assets2
a.ns.e
voip
voicemail
thumbs
sn
sipexternal
oms
oc
ns8
nj
mx01
mta
mo
metric
messages
membership
mdev
lite
images3
ia
goto
dsp
crc
contests
catering
apple
abo
2
upgrade
ui
test4
speed
spanish
showcase
reply
politics
orientation
ns02
meetings
jump
image2
guides
gt
friends
expert
eco
echo
dw
domain
dir
cbs
cap
activity
activesync
zt
y
www-staging
traffic
token
sub
sstats
search1
schedule
purchasing
org
nba
mobiletest
mobileapps
messaging
mediacenter
kino
inventory
hz
focus
editorial
ed
dom
develop
dating
coupons
copyright
class
check
buzz
bn
blackberry
bh
audit
applications
amazon
admin2
www22
weixin
webcon
w2
topics
titan
stem
ssh
_spf1
sfs
scm
scholarships
scholar.google
sbs
rm
real
psp
prime
pms
pcs
packages
orange
ondemand
nn
mta.email
mta2
media3
imode
graph
gps
gifts
gb
french
ff
eshop
e.ns.e
eg
dl2
cy
csi
credit
config
collaborate
cns
chrome.google
chicago
bugzilla
bounce
backstage
aps
appstore
aol
ajax
advert
a2
www0
west
webcast
w1
tuan
traveler
telecom
td
su
static5
seg
sci
s6
release
ras
qa3
private
phpmyadmin
pf
p1
openapi
nova
neo
mx6
mobile2
microsite
matrix
mail10
lu
logger
lk
lb1
kz
journals
idea
homepage
hls
guest
gg.google
ge
future
do
d.ns.e
dh
dash
d3
cricket
c.ns.e
cmp
climate
bill
bar
ats
apt
annualreport
advance
acc
ab
webstats
webchat
wa
video2
um
topic
testapi
temp
tap
t1
suche
schools
sale
sac
router
promos
pluto
planning
pad
oasis
oascentral
mr
mobility
miami
m-dev
maven
mailout
m4
ly
launch
korea
iq
ipm
ieee
icon
ib
ha
form
f.ns.e
ethics
ei
ebook
dsl
cvs
csd
csa
connections
challenge
central
c3
brain
b.ns.e
aw
asset
al
3d
wss
wms
webdev
vps
vms
vcs
talent
smtp4
server2
sage
reseller
rds
printing
price
poc
pds
pdc
pan
oss
mymail
mx02
movil
mf
mexico
markets
mail7
logistics
locations
knowledge
ka
jss
journal
java
item
insights
ig
hydra
humanities
hp
holiday
hao
graphics
geog
fx
fj
federation
expo
enterpriseregistration
emm
csl
crs
counseling
connect2
communities
charts
cg
cce
bm
australia
assist
api3
africa
adtest
zz
zs
xm
www15
whois
wh
webtest
webservice
wac
vid
tu
tienda
tags
st1
solr
smtp01
shibboleth
send
secure1
scripts
resource
prism
pos
pogoda
pixel
pb
ocsp
notice
mh
mcs
mas
m5
line
kf
jr
itc
isis
ips
ibm
hindi
gold
german
gaming
euro2012
erp
enter
dream
dg
d2
crowd
collaboration
cls
cla
ccm
broadcast
best
bank
bamboo
author
asp
agenda
acm
360
www13
ww3
wip
webapi
vpn3
url
trans
thumb
tb
storefront
sky
salt
s8
religion
redirector
rap
quality
power
mx7
mailman
madison
london
logos
loghost
libguides
iso
invest
intern
ias
hive
helios
grid
gems
fast
enroll
ecard
download1
dna
d1
csg
collections
cme
cdn5
casper
casa
cafe
c4
bp
bf
beta1
ares
architecture
zj
www21
wt
wise
windows
webmail1
web01
washington
vs
trip
transit
submit
stash
spam
snap
sme
sj
sendgrid
senate
scheduler
s9
relay1
recruiting
rad
publichealth
point
pd
pages.email
p2
openid
omni
ok
oas
nms
mx.e
misc
mail8
mail11
magazin
libraries
kw
ke
information
img6
image1
ids
html
hideip
ftps
france
finaid
ex
e3
dv
discuss
csm
cos
collection
collab
cms2
chat2
browser
blue
bas
atlanta
assets1
article
alt
aims
workflow
webvpn
web6
wb
wave
vsp
virtual
upload2
tx
tula
tennis
support2
suppliers
sq
smtpout
smb
sem
sea
rpc
rp
robot
risk
quote
pts
pressroom
phys
performance
paris
outbound
otp
newyork
mu
msp
mkt
mirrors
mil
mcc
match
loopback
login2
lbs
isp
inspire
infra
imp
img0
images4
hb
geology
fusion
fire
estore
error
epay
emploi
east
e1
dvd
demos
dealer
construction
comet
collector
clicks
ceo
catalogue
cac
beijing
att
anywhere
alliance
a3
2014
zimbra
www23
www20
workspace
workplace
wan
tst
trial
transport
translation
tfs
teach
som
sol
sns
shanghai
sft
seattle
s11
px
pv
pharm
pet
personal
perm
origin.www
nas
myapps
mps
motor
micro
meta
max
mantis
management
maint
mail9
live2
listings
lady
labs.google
kc
issues
isc
idc
houston
hot
hero
gw2
gm
gigya
gh
galaxy
euro
employment
dt
dn
dj
dictionary
devapi
darwin
dart
cte
comic
columbus
cmt
cma
civil
brasil
