www
mail
m
api
blog
static
ftp
autodiscover
openvpn
dev
mobile
cdn
webmail
support
test
email
ns1
ns2
news
beta
sip
lyncdiscover
secure
video
admin
smtp
media
search
images
img
help
shop
staging
login
www2
my
vpn
localhost
forum
app
jobs
store
ns3
go
apps
hostmaster
info
wap
services
ads
it
live
community
google
e
es
cms
pop
s
msoid
developer
blogs
chat
download
wiki
calendar
mail2
www1
i
assets
careers
stage
docs
de
qa
imap
data
status
content
tv
connect
cs
fr
origin-www
stats
mx
events
ns
www3
forums
new
web
image
auth
business
survey
id
portal
ns4
link
partners
jira
t
service
ad
metrics
newsletter
meet
cloud
upload
preview
files
social
sso
analytics
origin
maps
feeds
travel
partner
ru
rss
videos
us
research
labs
pay
games
music
mail1
smetrics
pt
hr
en
nl
cn
demo
c
account
a
sites
accounts
dialin
uk
ssl
owa
home
tools
online
jp
corp
sms
developers
ca
v
tr
feedback
lists
ww
edu
crm
bbs
old
finance
dl
ws
stat
pda
library
engineering
archive
access
tech
w
photo
share
marketing
map
mx1
health
in
groups
global
game
design
www4
sport
auto
security
intranet
git
mx2
local
pl
education
webdisk
sandbox
iphone
br
push
sports
press
redirect
ar
mdm
reviews
promo
legacy
server
english
d
cpanel
training
math
book
svn
proxy
vip
sftp
pop3
mail3
translate
open
directory
cdn2
cc
av
amp
sts
s1
dashboard
g
prod
payment
ci
ir
sp
passport
img2
about
tracking
exchange
dns
jenkins
corporate
books
r
p
extranet
office
monitor
event
static2
downloads
www5
sa
ftp2
li
b
ns5
law
im
direct
reports
kr
helpdesk
alumni
remote
photos
adfs
stream
shopping
sg
payments
confluence
b2b
dns2
cdn1
brand
widgets
js
dns1
alpha
net
me
s3
preprod
aws
wwww
start
maintenance
m2
international
radio
img1
click
fs
th
css
club
tw
stg
sc
gateway
whm
_spf
enterprise
webconf
ugc
surveys
learn
se
register
cache
au
track
s2
physics
get
catalog
uat
st
art
links
pro
eu
cas
answers
play
tickets
relay
outlook
lib
history
geo
em
code
static1
smtp2
fi
fb
db
web1
vpn2
update
test2
sales
facebook
ee
ms
members
mailer
log
int
wireless
mobil
mm
lb
chem
at
api2
root
people
housing
dev2
learning
hotels
digital
smtp1
pages
cp
affiliates
widget
offers
horizon
cse
webservices
vote
investor
bi
as
member
job
desktop
checkout
autoconfig
testing
spf
resources
print
newsletters
innovation
hub
backup
weather
uc
u
ro
profile
marketplace
ldap
join
ie
affiliate
user
subscribe
software
lab
feed
advertising
web2
up
cm
sustainability
pic
mobilemail
life
faq
privacy
mi
magazine
img3
deals
career
campaign
ask
alerts
signup
no
mt
l
flights
android
storage
player
landing
hk
forms
work
ts
toolbar
mc
drive
atlas
admissions
market
hu
file
ch
cdn3
plus
gitlab
apply
transfer
kb
idp
edge
contact
campus
biz
wifi
sm
reporting
registrar
postmaster
zh
be
sharepoint
securemail
rs
internal
ext
www6
socialize
parking
inside
cz
campaigns
tracker
so
sentry
quiz
noc
m1
list
ece
da
test1
sv
projects
money
med
epaper
academy
one
nagios
emergency
ec
dk
co
ce
box
nursing
ntp
ipad
elearning
citrix
ua
ops
mx3
mail4
investors
i2
hosting
x
www-test
view
static3
sslvpn
pr
is
identity
giving
china
wp
report
oauth
kids
irc
dm
conference
buy
arts
redmine
newsroom
n
gw
cars
adv
zabbix
ww2
trends
sd
logs
lms
eng
discover
ap
vod
tableau
science
origin-m
ns6
next
multimedia
f
dc
chemistry
cf
welcome
vc
top
speedtest
premium
pp
myaccount
mp
its
food
energy
com
site
rt
res
reg
engage
podcast
lyncdiscoverinternal
billing
vpn1
realestate
promotions
gmail
xml
team
stories
staff
space
sk
repo
post
ph
nz
mirror
mall
gr
emails
ams
streaming
pub
ps
president
notebook
listserv
explore
dns3
cl
biology
bg
bb
ae
www7
time
soc
msg
mag
lync
lt
hd
ftp1
elections
earth
dr
web3
smart
sl
on
mms
free
diversity
dev1
contest
webmaster
star
si
qa2
movie
master
la
integration
film
comm
cis
astro
media2
ma
ja
gis
espanol
ems
try
order
monitoring
mobi
manage
ip
i1
green
cdn4
audio
ac
z
www9
union
touch
ticket
studio
signin
psychology
police
phoenix
pc
oa
mob
mba
gallery
asia
v2
tc
philosophy
password
pa
images2
ideas
fashion
facilities
www8
webapps
sync
rewards
review
refer
rc
pre
o
lp
i3
hybrid
ent
voice
s4
rms
psych
mailing
love
foto
entertainment
doc
creative
company
cgi
bo
wx
world
webproxy
watch
sps
registration
platform
jabber
host
graphite
dnsadmin
cd
usa
sis
q
ml
lv
ko
internet
fonts
cinema
za
students
stores
solutions
pm
om
mb
hi
delivery
customer
courses
adwords
adm
3g
www-origin
tms
summer
ss
servicedesk
hotel
econ
client
cert
canvas
apis
am
wwwtest
tj
sec
hermes
gs
europe
embed
domains
ct
vdi
translate.google
sf
pe
mg
flash
fa
editor
eas
down
dms
cart
card
bugs
books.google
ba
anthropology
xmpp
subscription
student
sociology
sh
pki
notify
news.google
network
mercury
ios
images.google
il
hpc
fm
fax
et
edit
cse.google
arch
ai
adwords.google
acs
vision
updates
tour
toolbar.google
spf1
special
ra
privacy.google
pics
now
m.google
india
id.google
h
groups.google
enterprise.google
directory.google
desktop.google
core
chrome
archive.google
api-dev
work.google
w.google
tt
trends.google
safety
products
pdf
notebook.google
media1
mail5
iris
insight
impact
gsuite.google
grad
google.google
ga
flights.google
edm
bd
apps.google
ag
act
ww.google
webmail2
tm
project
pack
message
maps.google
golf
el
ea
dining
dev3
che
build
bookstore
book.google
bio
akamai
accounts.google
vn
ux
users
test-www
supplier
studyabroad
sr
server1
public
parents
mx4
manager
legal
itunes
insurance
img4
image.google
gsuite
gate
foundation
communications
captcha
backend
win
vi
style
studentaffairs
socialmedia
smtp3
s5
product
print.google
poll
podcasts
pharmacy
offer
ns0
meeting
medicine
mapi
mailhost
intra
family
development
csr
ccs
az
archives
agent
www-dev
vr
registry
profiles
ng
mtest
msn
movies
japan
ipv6
hq
guide
gg
bot
alert
1
www10
success
stage2
search2
school
panel
origin-images
mk
local.google
images1
ftp3
fantasy
election
economics
ds
crl
cr
arc
af
abc
wellness
tp
test3
technology
staging2
seller
pass
nb
mediakit
md
map.google
landing.google
get.google
edu.google
csc
control
classifieds
classic
car
campaigns.google
cal
ace
yahoo
women
wm
water
visit
sw
svc
selfservice
secure2
red
recruit
ns01
iss
gift
fun
football
find
experts
donate
delta
cat
